Information: Using automatic max wire load selection group 'predcaps'. (ENV-003)
Information: Using automatic min wire load selection group 'predcaps'. (ENV-003)
Warning: Some timing arcs have been disabled for breaking timing loops or because of constant propagation. Use the 'report_disable_timing' command to get the list of these disabled timing arcs. (PTE-003)
Information: Building multi voltage information for entire design. (MV-022)
Information: Running switching activity propagation with 4 threads!
Information: Running averaged power analysis... (PWR-601)
Information: Running power calculation with 4 threads. (PWR-602)
****************************************
Report : Averaged Power
	-verbose
	-nosplit
Design : conv
Version: V-2023.12-SP5-4
Date   : Wed May  6 19:56:38 2026
****************************************

Library(s) Used:

    saed32rvt_tt0p78v25c (File: /usr/local/synopsys/pdk/SAED32_EDK/lib/stdcell_rvt/db_nldm/saed32rvt_tt0p78v25c.db)


Operating Conditions: tt0p78v25c   Library: saed32rvt_tt0p78v25c
Wire Load Model Mode: enclosed

Cell               Design       Wire_model  Library       Selection_type
--------------------------------------------------------------------------------
                   conv         8000        saed32rvt_tt0p78v25c automatic-by-area
DP_OP_45_122_6965  conv_DP_OP_45_122_6965_0 ForQA saed32rvt_tt0p78v25c automatic-by-area
rem_5_u_div_DP_OP_11_123_3123 conv_DP_OP_11_123_3123_0 8000 saed32rvt_tt0p78v25c automatic-by-area
add_x_1            conv_DW01_inc_2 ForQA    saed32rvt_tt0p78v25c automatic-by-area

Power-specific unit information :
    Voltage Units = 1 V
    Capacitance Units = 0.001 pf
    Time Units = 1 ns
    Dynamic Power Units = 1 W
    Leakage Power Units = 1 W



  Attributes
  ----------
      i  -  Including register clock pin internal power
      u  -  User defined power group

                        Internal  Switching  Leakage    Total
Power Group             Power     Power      Power      Power   (     %)  Attrs
--------------------------------------------------------------------------------
clock_network           4.188e-05    0.0000    0.0000 4.188e-05 (26.53%)  i
register                1.350e-07 2.965e-07 2.194e-05 2.237e-05 (14.17%)  
combinational           4.269e-05 1.387e-05 3.703e-05 9.359e-05 (59.29%)  
sequential                 0.0000    0.0000    0.0000    0.0000 ( 0.00%)  
memory                     0.0000    0.0000    0.0000    0.0000 ( 0.00%)  
io_pad                     0.0000    0.0000    0.0000    0.0000 ( 0.00%)  
black_box                  0.0000    0.0000    0.0000    0.0000 ( 0.00%)  

  Net Switching Power  = 1.416e-05   ( 8.97%)
  Cell Internal Power  = 8.470e-05   (53.66%)
  Cell Leakage Power   = 5.898e-05   (37.36%)
                         ---------
Total Power            = 1.578e-04  (100.00%)

1
