****************************************
Report : Switching Activity
	-list_not_annotated
Design : conv
Version: V-2023.12-SP5-4
Date   : Wed May  6 19:56:38 2026
****************************************

 Switching Activity Overview Statistics for "conv"
------------------------------------------------------------------------------------------------------------------------------------------------------------------------------------------------------------------
                  From Activity     From         From         From             From            From                                                            Not           From Annotated
Object Type       File (%)          SSA (%)      SSA Force (%) SSA Force (%)   SCA (%)         Clock (%)       Default (%)     Propagated(%)   Implied(%)      Annotated(%)  Waveform(%)         Total
                                                 Annotated    Implied                                                                                                        
------------------------------------------------------------------------------------------------------------------------------------------------------------------------------------------------------------------
 Nets             269(21.83%)       0(0.00%)     0(0.00%)     0(0.00%)         0(0.00%)        0(0.00%)        127(10.31%)     820(66.56%)     16(1.30%)       0(0.00%)      0(0.00%)            1232
------------------------------------------------------------------------------------------------------------------------------------------------------------------------------------------------------------------
Nets Driven by
------------------------------------------------------------------------------------------------------------------------------------------------------------------------------------------------------------------
Primary Input     10(100.00%)       0(0.00%)     0(0.00%)     0(0.00%)         0(0.00%)        0(0.00%)        0(0.00%)        0(0.00%)        0(0.00%)        0(0.00%)      0(0.00%)            10
Tri-State         0(0%)             0(0%)        0(0%)        0(0%)            0(0%)           0(0%)           0(0%)           0(0%)           0(0%)           0(0%)         0(0%)               0
Black Box         0(0%)             0(0%)        0(0%)        0(0%)            0(0%)           0(0%)           0(0%)           0(0%)           0(0%)           0(0%)         0(0%)               0
Sequential        133(85.81%)       0(0.00%)     0(0.00%)     0(0.00%)         0(0.00%)        0(0.00%)        0(0.00%)        22(14.19%)      0(0.00%)        0(0.00%)      0(0.00%)            155
Combinational     126(11.81%)       0(0.00%)     0(0.00%)     0(0.00%)         0(0.00%)        0(0.00%)        127(11.90%)     798(74.79%)     16(1.50%)       0(0.00%)      0(0.00%)            1067
Memory            0(0%)             0(0%)        0(0%)        0(0%)            0(0%)           0(0%)           0(0%)           0(0%)           0(0%)           0(0%)         0(0%)               0
Clock Gate        0(0%)             0(0%)        0(0%)        0(0%)            0(0%)           0(0%)           0(0%)           0(0%)           0(0%)           0(0%)         0(0%)               0
------------------------------------------------------------------------------------------------------------------------------------------------------------------------------------------------------------------
 Static Probability Overview Statistics for "conv"
------------------------------------------------------------------------------------------------------------------------------------------------------------------------------------------------------------------
                  From Activity     From         From         From             From            From                                                            Not           From Annotated
Object Type       File (%)          SSA (%)      SSA Force (%) SSA Force (%)   SCA (%)         Clock (%)       Default (%)     Propagated(%)   Implied(%)      Annotated(%)  Waveform(%)         Total
                                                 Annotated    Implied                                                                                                        
------------------------------------------------------------------------------------------------------------------------------------------------------------------------------------------------------------------
 Nets             269(21.83%)       0(0.00%)     0(0.00%)     0(0.00%)         0(0.00%)        0(0.00%)        127(10.31%)     820(66.56%)     16(1.30%)       0(0.00%)      0(0.00%)            1232
------------------------------------------------------------------------------------------------------------------------------------------------------------------------------------------------------------------
Nets Driven by
------------------------------------------------------------------------------------------------------------------------------------------------------------------------------------------------------------------
Primary Input     10(100.00%)       0(0.00%)     0(0.00%)     0(0.00%)         0(0.00%)        0(0.00%)        0(0.00%)        0(0.00%)        0(0.00%)        0(0.00%)      0(0.00%)            10
Tri-State         0(0%)             0(0%)        0(0%)        0(0%)            0(0%)           0(0%)           0(0%)           0(0%)           0(0%)           0(0%)         0(0%)               0
Black Box         0(0%)             0(0%)        0(0%)        0(0%)            0(0%)           0(0%)           0(0%)           0(0%)           0(0%)           0(0%)         0(0%)               0
Sequential        133(85.81%)       0(0.00%)     0(0.00%)     0(0.00%)         0(0.00%)        0(0.00%)        0(0.00%)        22(14.19%)      0(0.00%)        0(0.00%)      0(0.00%)            155
Combinational     126(11.81%)       0(0.00%)     0(0.00%)     0(0.00%)         0(0.00%)        0(0.00%)        127(11.90%)     798(74.79%)     16(1.50%)       0(0.00%)      0(0.00%)            1067
Memory            0(0%)             0(0%)        0(0%)        0(0%)            0(0%)           0(0%)           0(0%)           0(0%)           0(0%)           0(0%)         0(0%)               0
Clock Gate        0(0%)             0(0%)        0(0%)        0(0%)            0(0%)           0(0%)           0(0%)           0(0%)           0(0%)           0(0%)         0(0%)               0
------------------------------------------------------------------------------------------------------------------------------------------------------------------------------------------------------------------


List of nonannotated nets :
	N79
	rem_5_u_div_DP_OP_11_123_3123/I2[30]
	rem_5_u_div_DP_OP_11_123_3123/n2863
	rem_5_u_div_DP_OP_11_123_3123/n2617
	rem_5_u_div_DP_OP_11_123_3123/n2722
	rem_5_u_div_DP_OP_11_123_3123/n2833
	rem_5_u_div_DP_OP_11_123_3123/n2678
	N21
	rem_5_u_div_DP_OP_11_123_3123/n2477
	rem_5_u_div_DP_OP_11_123_3123/n2495
	rem_5_u_div_DP_OP_11_123_3123/n2494
	N138
	rem_5_u_div_DP_OP_11_123_3123/n2585
	rem_5_u_div_DP_OP_11_123_3123/I2[1]
	N85
	rem_5_u_div_DP_OP_11_123_3123/n2472
	rem_5_u_div_DP_OP_11_123_3123/n2828
	rem_5_u_div_DP_OP_11_123_3123/n2483
	SYNOPSYS_UNCONNECTED_24
	rem_5_u_div_DP_OP_11_123_3123/n2705
	rem_5_u_div_DP_OP_11_123_3123/n2629
	SYNOPSYS_UNCONNECTED_72
	rem_5_u_div_DP_OP_11_123_3123/n2748
	rem_5_u_div_DP_OP_11_123_3123/n2657
	N47
	N46
	add_x_8_n6
	rem_5_u_div_DP_OP_11_123_3123/n2856
	rem_5_u_div_DP_OP_11_123_3123/I3[0]
	rem_5_u_div_DP_OP_11_123_3123/n2470
	N149
	rem_5_u_div_DP_OP_11_123_3123/n2315
	N103
	SYNOPSYS_UNCONNECTED_19
	rem_5_u_div_DP_OP_11_123_3123/n2717
	rem_5_u_div_DP_OP_11_123_3123/n2852
	rem_5_u_div_DP_OP_11_123_3123/n2527
	rem_5_u_div_DP_OP_11_123_3123/n2675
	rem_5_u_div_DP_OP_11_123_3123/n2746
	rem_5_u_div_DP_OP_11_123_3123/n2280
	rem_5_u_div_DP_OP_11_123_3123/n2453
	add_x_1/n29
	N25
	rem_5_u_div_DP_OP_11_123_3123/n2319
	N137
	rem_5_u_div_DP_OP_11_123_3123/n2775
	SYNOPSYS_UNCONNECTED_39
	rem_5_u_div_DP_OP_11_123_3123/n2284
	rem_5_u_div_DP_OP_11_123_3123/I2[6]
	SYNOPSYS_UNCONNECTED_54
	rem_5_u_div_DP_OP_11_123_3123/n2802
	SYNOPSYS_UNCONNECTED_67
	SYNOPSYS_UNCONNECTED_34
	rem_5_u_div_DP_OP_11_123_3123/n2365
	rem_5_u_div_DP_OP_11_123_3123/n2532
	rem_5_u_div_DP_OP_11_123_3123/n2390
	N96
	rem_5_u_div_DP_OP_11_123_3123/n2631
	rem_5_u_div_DP_OP_11_123_3123/n2314
	rem_5_u_div_DP_OP_11_123_3123/n2642
	rem_5_u_div_DP_OP_11_123_3123/n2690
	add_x_9_n9
	N31
	N108
	DP_OP_45_122_6965/I3[12]
	hr_7_0_
	SYNOPSYS_UNCONNECTED_77
	n292
	SYNOPSYS_UNCONNECTED_6
	N53
	hr_2_0_
	SYNOPSYS_UNCONNECTED_44
	N7
	rem_5_u_div_DP_OP_11_123_3123/n2379
	rem_5_u_div_DP_OP_11_123_3123/n2809
	rem_5_u_div_DP_OP_11_123_3123/n2539
	rem_5_u_div_DP_OP_11_123_3123/n2556
	rem_5_u_div_DP_OP_11_123_3123/n2688
	rem_5_u_div_DP_OP_11_123_3123/n2584
	add_x_1/n22
	rem_5_u_div_DP_OP_11_123_3123/n2839
	rem_5_u_div_DP_OP_11_123_3123/n2583
	N69
	rem_5_u_div_DP_OP_11_123_3123/n2696
	rem_5_u_div_DP_OP_11_123_3123/n2382
	rem_5_u_div_DP_OP_11_123_3123/n2513
	SYNOPSYS_UNCONNECTED_4
	rem_5_u_div_DP_OP_11_123_3123/n2772
	SYNOPSYS_UNCONNECTED_49
	rem_5_u_div_DP_OP_11_123_3123/n2458
	rem_5_u_div_DP_OP_11_123_3123/n2819
	n282
	n283
	n116
	rem_5_u_div_DP_OP_11_123_3123/n2441
	rem_5_u_div_DP_OP_11_123_3123/n2797
	rem_5_u_div_DP_OP_11_123_3123/n2663
	rem_5_u_div_DP_OP_11_123_3123/n2587
	rem_5_u_div_DP_OP_11_123_3123/n2417
	rem_5_u_div_DP_OP_11_123_3123/n2791
	rem_5_u_div_DP_OP_11_123_3123/n2409
	rem_5_u_div_DP_OP_11_123_3123/n2489
	rem_5_u_div_DP_OP_11_123_3123/n2461
	rem_5_u_div_DP_OP_11_123_3123/n2756
	N39
	rem_5_u_div_DP_OP_11_123_3123/n2393
	rem_5_u_div_DP_OP_11_123_3123/n2790
	rem_5_u_div_DP_OP_11_123_3123/n2425
	rem_5_u_div_DP_OP_11_123_3123/n2673
	rem_5_u_div_DP_OP_11_123_3123/n2518
	rem_5_u_div_DP_OP_11_123_3123/n2590
	N124
	rem_5_u_div_DP_OP_11_123_3123/n2652
	rem_5_u_div_DP_OP_11_123_3123/n2577
	rem_5_u_div_DP_OP_11_123_3123/n2508
	N1111
	rem_5_u_div_DP_OP_11_123_3123/n2695
	rem_5_u_div_DP_OP_11_123_3123/n2684
	rem_5_u_div_DP_OP_11_123_3123/n2784
	rem_5_u_div_DP_OP_11_123_3123/n2855
	add_x_8_n13
	rem_5_u_div_DP_OP_11_123_3123/n2686
	add_x_10_n6
	SYNOPSYS_UNCONNECTED_59
	rem_5_u_div_DP_OP_11_123_3123/n2521
	SYNOPSYS_UNCONNECTED_9
	add_x_9_n8
	DP_OP_45_122_6965/n8
	rem_5_u_div_DP_OP_11_123_3123/n2543
	rem_5_u_div_DP_OP_11_123_3123/n2400
	N66
	rem_5_u_div_DP_OP_11_123_3123/n2803
	rem_5_u_div_DP_OP_11_123_3123/n2606
	N104
	rem_5_u_div_DP_OP_11_123_3123/n2816
	add_x_9_n5
	rem_5_u_div_DP_OP_11_123_3123/n2416
	rem_5_u_div_DP_OP_11_123_3123/n2658
	n288
	rem_5_u_div_DP_OP_11_123_3123/n2594
	rem_5_u_div_DP_OP_11_123_3123/n2737
	rem_5_u_div_DP_OP_11_123_3123/n2781
	rem_5_u_div_DP_OP_11_123_3123/n2767
	rem_5_u_div_DP_OP_11_123_3123/n2522
	add_x_9_n12
	rem_5_u_div_DP_OP_11_123_3123/n2491
	rem_5_u_div_DP_OP_11_123_3123/n2727
	rem_5_u_div_DP_OP_11_123_3123/n2758
	DP_OP_45_122_6965/I3[14]
	rem_5_u_div_DP_OP_11_123_3123/n2576
	rem_5_u_div_DP_OP_11_123_3123/n2692
	rem_5_u_div_DP_OP_11_123_3123/n2326
	add_x_9_n10
	rem_5_u_div_DP_OP_11_123_3123/n2424
	N49
	rem_5_u_div_DP_OP_11_123_3123/n2333
	rem_5_u_div_DP_OP_11_123_3123/n2599
	N89
	n295
	SYNOPSYS_UNCONNECTED_52
	N10
	rem_5_u_div_DP_OP_11_123_3123/n2484
	SYNOPSYS_UNCONNECTED_26
	N5
	rem_5_u_div_DP_OP_11_123_3123/n2346
	rem_5_u_div_DP_OP_11_123_3123/n2386
	rem_5_u_div_DP_OP_11_123_3123/n2749
	rem_5_u_div_DP_OP_11_123_3123/n2366
	rem_5_u_div_DP_OP_11_123_3123/n2661
	rem_5_u_div_DP_OP_11_123_3123/n2466
	rem_5_u_div_DP_OP_11_123_3123/n2623
	add_x_8_n14
	SYNOPSYS_UNCONNECTED_74
	rem_5_u_div_DP_OP_11_123_3123/n2463
	rem_5_u_div_DP_OP_11_123_3123/n2851
	rem_5_u_div_DP_OP_11_123_3123/I2[2]
	rem_5_u_div_DP_OP_11_123_3123/I2[25]
	rem_5_u_div_DP_OP_11_123_3123/n2542
	rem_5_u_div_DP_OP_11_123_3123/n2637
	rem_5_u_div_DP_OP_11_123_3123/I2[20]
	rem_5_u_div_DP_OP_11_123_3123/n2786
	hr_4_0_
	rem_5_u_div_DP_OP_11_123_3123/n2423
	rem_5_u_div_DP_OP_11_123_3123/n2854
	rem_5_u_div_DP_OP_11_123_3123/n2375
	rem_5_u_div_DP_OP_11_123_3123/n2613
	N12
	rem_5_u_div_DP_OP_11_123_3123/n2534
	N18
	rem_5_u_div_DP_OP_11_123_3123/n2498
	rem_5_u_div_DP_OP_11_123_3123/n2509
	rem_5_u_div_DP_OP_11_123_3123/n2731
	rem_5_u_div_DP_OP_11_123_3123/I2[16]
	rem_5_u_div_DP_OP_11_123_3123/n2349
	SYNOPSYS_UNCONNECTED_27
	N65
	rem_5_u_div_DP_OP_11_123_3123/n2408
	SYNOPSYS_UNCONNECTED_1
	rem_5_u_div_DP_OP_11_123_3123/n2396
	N102
	rem_5_u_div_DP_OP_11_123_3123/n2368
	rem_5_u_div_DP_OP_11_123_3123/n2671
	rem_5_u_div_DP_OP_11_123_3123/n2719
	rem_5_u_div_DP_OP_11_123_3123/n2707
	SYNOPSYS_UNCONNECTED_29
	add_x_9_n7
	rem_5_u_div_DP_OP_11_123_3123/n2634
	N135
	rem_5_u_div_DP_OP_11_123_3123/n2398
	n1hr_8_0_
	rem_5_u_div_DP_OP_11_123_3123/n2457
	rem_5_u_div_DP_OP_11_123_3123/n2785
	SYNOPSYS_UNCONNECTED_31
	rem_5_u_div_DP_OP_11_123_3123/n2618
	N44
	rem_5_u_div_DP_OP_11_123_3123/n2635
	rem_5_u_div_DP_OP_11_123_3123/n2562
	N109
	rem_5_u_div_DP_OP_11_123_3123/n2721
	add_x_8_n15
	rem_5_u_div_DP_OP_11_123_3123/n2681
	rem_5_u_div_DP_OP_11_123_3123/n2361
	rem_5_u_div_DP_OP_11_123_3123/I2[27]
	rem_5_u_div_DP_OP_11_123_3123/n2729
	rem_5_u_div_DP_OP_11_123_3123/n2377
	n1hr_10_0_
	rem_5_u_div_DP_OP_11_123_3123/I2[17]
	SYNOPSYS_UNCONNECTED_57
	rem_5_u_div_DP_OP_11_123_3123/n2824
	rem_5_u_div_DP_OP_11_123_3123/n2432
	add_x_1/n13
	rem_5_u_div_DP_OP_11_123_3123/n2846
	rem_5_u_div_DP_OP_11_123_3123/n2304
	rem_5_u_div_DP_OP_11_123_3123/n2411
	add_x_1/n15
	rem_5_u_div_DP_OP_11_123_3123/n2487
	rem_5_u_div_DP_OP_11_123_3123/n2589
	rem_5_u_div_DP_OP_11_123_3123/I2[23]
	rem_5_u_div_DP_OP_11_123_3123/n2536
	rem_5_u_div_DP_OP_11_123_3123/n2359
	rem_5_u_div_DP_OP_11_123_3123/n2357
	SYNOPSYS_UNCONNECTED_12
	N9
	rem_5_u_div_DP_OP_11_123_3123/I2[10]
	N63
	N52
	rem_5_u_div_DP_OP_11_123_3123/n2563
	rem_5_u_div_DP_OP_11_123_3123/n2526
	rem_5_u_div_DP_OP_11_123_3123/n2837
	rem_5_u_div_DP_OP_11_123_3123/n2849
	rem_5_u_div_DP_OP_11_123_3123/n2621
	rem_5_u_div_DP_OP_11_123_3123/n2724
	N91
	rem_5_u_div_DP_OP_11_123_3123/n2324
	rem_5_u_div_DP_OP_11_123_3123/n2328
	DP_OP_45_122_6965/n12
	rem_5_u_div_DP_OP_11_123_3123/n2465
	rem_5_u_div_DP_OP_11_123_3123/n2307
	rem_5_u_div_DP_OP_11_123_3123/n2399
	rem_5_u_div_DP_OP_11_123_3123/n2336
	N105
	N77
	add_x_8_n9
	rem_5_u_div_DP_OP_11_123_3123/n2552
	SYNOPSYS_UNCONNECTED_61
	rem_5_u_div_DP_OP_11_123_3123/n2598
	rem_5_u_div_DP_OP_11_123_3123/n2339
	rem_5_u_div_DP_OP_11_123_3123/n2820
	SYNOPSYS_UNCONNECTED_46
	rem_5_u_div_DP_OP_11_123_3123/n2343
	SYNOPSYS_UNCONNECTED_7
	rem_5_u_div_DP_OP_11_123_3123/n2796
	N37
	rem_5_u_div_DP_OP_11_123_3123/n2780
	rem_5_u_div_DP_OP_11_123_3123/n2427
	DP_OP_45_122_6965/n7
	rem_5_u_div_DP_OP_11_123_3123/n2822
	rem_5_u_div_DP_OP_11_123_3123/n2815
	rem_5_u_div_DP_OP_11_123_3123/n2316
	rem_5_u_div_DP_OP_11_123_3123/n2656
	SYNOPSYS_UNCONNECTED_41
	rem_5_u_div_DP_OP_11_123_3123/n2300
	rem_5_u_div_DP_OP_11_123_3123/n2327
	DP_OP_45_122_6965/I3[13]
	rem_5_u_div_DP_OP_11_123_3123/n2535
	N1113
	rem_5_u_div_DP_OP_11_123_3123/n2285
	rem_5_u_div_DP_OP_11_123_3123/n2679
	SYNOPSYS_UNCONNECTED_13
	rem_5_u_div_DP_OP_11_123_3123/n2311
	add_x_10_n5
	rem_5_u_div_DP_OP_11_123_3123/n2557
	rem_5_u_div_DP_OP_11_123_3123/n2293
	rem_5_u_div_DP_OP_11_123_3123/n2540
	rem_5_u_div_DP_OP_11_123_3123/n2421
	rem_5_u_div_DP_OP_11_123_3123/n2858
	SYNOPSYS_UNCONNECTED_60
	rem_5_u_div_DP_OP_11_123_3123/I2[8]
	rem_5_u_div_DP_OP_11_123_3123/n2831
	rem_5_u_div_DP_OP_11_123_3123/n2541
	rem_5_u_div_DP_OP_11_123_3123/n2638
	add_x_8_n10
	N54
	SYNOPSYS_UNCONNECTED_18
	rem_5_u_div_DP_OP_11_123_3123/I2[31]
	N133
	rem_5_u_div_DP_OP_11_123_3123/n2364
	rem_5_u_div_DP_OP_11_123_3123/n2805
	rem_5_u_div_DP_OP_11_123_3123/n2515
	rem_5_u_div_DP_OP_11_123_3123/n2507
	n278
	SYNOPSYS_UNCONNECTED_32
	rem_5_u_div_DP_OP_11_123_3123/n2832
	rem_5_u_div_DP_OP_11_123_3123/n2660
	rem_5_u_div_DP_OP_11_123_3123/n2528
	rem_5_u_div_DP_OP_11_123_3123/n2773
	rem_5_u_div_DP_OP_11_123_3123/n2448
	N67
	SYNOPSYS_UNCONNECTED_51
	rem_5_u_div_DP_OP_11_123_3123/n2554
	N48
	rem_5_u_div_DP_OP_11_123_3123/n2776
	rem_5_u_div_DP_OP_11_123_3123/n2845
	N93
	rem_5_u_div_DP_OP_11_123_3123/n2640
	rem_5_u_div_DP_OP_11_123_3123/n2437
	DP_OP_45_122_6965/n14
	rem_5_u_div_DP_OP_11_123_3123/n2763
	N1112
	n1hr_2_0_
	rem_5_u_div_DP_OP_11_123_3123/n2669
	rem_5_u_div_DP_OP_11_123_3123/n2844
	DP_OP_45_122_6965/n13
	rem_5_u_div_DP_OP_11_123_3123/n2318
	rem_5_u_div_DP_OP_11_123_3123/n2571
	rem_5_u_div_DP_OP_11_123_3123/n2716
	add_x_1/n18
	rem_5_u_div_DP_OP_11_123_3123/n2787
	rem_5_u_div_DP_OP_11_123_3123/n2313
	SYNOPSYS_UNCONNECTED_2
	N87
	N101
	rem_5_u_div_DP_OP_11_123_3123/n2865
	rem_5_u_div_DP_OP_11_123_3123/n2490
	rem_5_u_div_DP_OP_11_123_3123/n2283
	n118
	N28
	N95
	rem_5_u_div_DP_OP_11_123_3123/n2511
	rem_5_u_div_DP_OP_11_123_3123/n2771
	rem_5_u_div_DP_OP_11_123_3123/n2614
	rem_5_u_div_DP_OP_11_123_3123/n2337
	hr_5_0_
	rem_5_u_div_DP_OP_11_123_3123/n2323
	rem_5_u_div_DP_OP_11_123_3123/n2372
	SYNOPSYS_UNCONNECTED_21
	N75
	DP_OP_45_122_6965/n22
	rem_5_u_div_DP_OP_11_123_3123/n2446
	rem_5_u_div_DP_OP_11_123_3123/n2297
	rem_5_u_div_DP_OP_11_123_3123/n2853
	rem_5_u_div_DP_OP_11_123_3123/n2636
	rem_5_u_div_DP_OP_11_123_3123/n2439
	rem_5_u_div_DP_OP_11_123_3123/n2752
	rem_5_u_div_DP_OP_11_123_3123/n2676
	N159
	rem_5_u_div_DP_OP_11_123_3123/n2859
	rem_5_u_div_DP_OP_11_123_3123/n2290
	rem_5_u_div_DP_OP_11_123_3123/n2862
	add_x_1/n25
	SYNOPSYS_UNCONNECTED_71
	rem_5_u_div_DP_OP_11_123_3123/n2622
	N134
	SYNOPSYS_UNCONNECTED_69
	add_x_9_n15
	rem_5_u_div_DP_OP_11_123_3123/I3[1]
	add_x_10_n12
	rem_5_u_div_DP_OP_11_123_3123/I2[33]
	rem_5_u_div_DP_OP_11_123_3123/n2469
	rem_5_u_div_DP_OP_11_123_3123/n2519
	rem_5_u_div_DP_OP_11_123_3123/n2299
	rem_5_u_div_DP_OP_11_123_3123/n2550
	rem_5_u_div_DP_OP_11_123_3123/n2433
	N32
	rem_5_u_div_DP_OP_11_123_3123/n2481
	SYNOPSYS_UNCONNECTED_40
	N68
	rem_5_u_div_DP_OP_11_123_3123/n2281
	rem_5_u_div_DP_OP_11_123_3123/n2807
	rem_5_u_div_DP_OP_11_123_3123/n2730
	rem_5_u_div_DP_OP_11_123_3123/n2814
	rem_5_u_div_DP_OP_11_123_3123/n2325
	rem_5_u_div_DP_OP_11_123_3123/n2308
	rem_5_u_div_DP_OP_11_123_3123/n2580
	rem_5_u_div_DP_OP_11_123_3123/n2573
	add_x_1/n4
	rem_5_u_div_DP_OP_11_123_3123/n2647
	rem_5_u_div_DP_OP_11_123_3123/n2578
	n1hr_7_0_
	add_x_8_n11
	N22
	rem_5_u_div_DP_OP_11_123_3123/n2329
	rem_5_u_div_DP_OP_11_123_3123/n2406
	n281
	rem_5_u_div_DP_OP_11_123_3123/n2603
	rem_5_u_div_DP_OP_11_123_3123/n2670
	rem_5_u_div_DP_OP_11_123_3123/n2473
	N74
	rem_5_u_div_DP_OP_11_123_3123/n2595
	rem_5_u_div_DP_OP_11_123_3123/n2605
	rem_5_u_div_DP_OP_11_123_3123/n2278
	rem_5_u_div_DP_OP_11_123_3123/n2848
	n286
	rem_5_u_div_DP_OP_11_123_3123/n2834
	DP_OP_45_122_6965/n6
	rem_5_u_div_DP_OP_11_123_3123/n2451
	rem_5_u_div_DP_OP_11_123_3123/n2321
	rem_5_u_div_DP_OP_11_123_3123/n2455
	rem_5_u_div_DP_OP_11_123_3123/n2699
	N126
	rem_5_u_div_DP_OP_11_123_3123/n2462
	rem_5_u_div_DP_OP_11_123_3123/n2561
	add_x_10_n4
	SYNOPSYS_UNCONNECTED_15
	rem_5_u_div_DP_OP_11_123_3123/n2843
	rem_5_u_div_DP_OP_11_123_3123/I2[5]
	rem_5_u_div_DP_OP_11_123_3123/I2[24]
	rem_5_u_div_DP_OP_11_123_3123/n2762
	rem_5_u_div_DP_OP_11_123_3123/n2740
	rem_5_u_div_DP_OP_11_123_3123/n2537
	rem_5_u_div_DP_OP_11_123_3123/n2864
	N148
	DP_OP_45_122_6965/n5
	DP_OP_45_122_6965/I2[10]
	rem_5_u_div_DP_OP_11_123_3123/n2600
	add_x_10_n10
	rem_5_u_div_DP_OP_11_123_3123/n2568
	rem_5_u_div_DP_OP_11_123_3123/n2683
	rem_5_u_div_DP_OP_11_123_3123/n2369
	rem_5_u_div_DP_OP_11_123_3123/n2751
	rem_5_u_div_DP_OP_11_123_3123/I2[13]
	DP_OP_45_122_6965/I2[15]
	SYNOPSYS_UNCONNECTED_66
	rem_5_u_div_DP_OP_11_123_3123/n2736
	rem_5_u_div_DP_OP_11_123_3123/n2739
	rem_5_u_div_DP_OP_11_123_3123/n2793
	rem_5_u_div_DP_OP_11_123_3123/n2639
	rem_5_u_div_DP_OP_11_123_3123/n2348
	rem_5_u_div_DP_OP_11_123_3123/n2445
	n1hr_5_0_
	N41
	rem_5_u_div_DP_OP_11_123_3123/n2582
	rem_5_u_div_DP_OP_11_123_3123/n2612
	rem_5_u_div_DP_OP_11_123_3123/n2340
	rem_5_u_div_DP_OP_11_123_3123/n2476
	rem_5_u_div_DP_OP_11_123_3123/n2619
	rem_5_u_div_DP_OP_11_123_3123/n2567
	SYNOPSYS_UNCONNECTED_38
	rem_5_u_div_DP_OP_11_123_3123/n2709
	rem_5_u_div_DP_OP_11_123_3123/n2860
	rem_5_u_div_DP_OP_11_123_3123/n2500
	rem_5_u_div_DP_OP_11_123_3123/n2850
	add_x_1/n14
	n280
	N76
	rem_5_u_div_DP_OP_11_123_3123/n2381
	rem_5_u_div_DP_OP_11_123_3123/n2778
	rem_5_u_div_DP_OP_11_123_3123/n2755
	rem_5_u_div_DP_OP_11_123_3123/n2334
	rem_5_u_div_DP_OP_11_123_3123/n2701
	rem_5_u_div_DP_OP_11_123_3123/n2674
	SYNOPSYS_UNCONNECTED_43
	n290
	rem_5_u_div_DP_OP_11_123_3123/n2811
	rem_5_u_div_DP_OP_11_123_3123/n2370
	SYNOPSYS_UNCONNECTED_10
	add_x_1/n8
	rem_5_u_div_DP_OP_11_123_3123/n2579
	rem_5_u_div_DP_OP_11_123_3123/n2624
	rem_5_u_div_DP_OP_11_123_3123/n2422
	rem_5_u_div_DP_OP_11_123_3123/n2738
	rem_5_u_div_DP_OP_11_123_3123/n2401
	rem_5_u_div_DP_OP_11_123_3123/n2779
	rem_5_u_div_DP_OP_11_123_3123/n2570
	DP_OP_45_122_6965/I2[14]
	rem_5_u_div_DP_OP_11_123_3123/n2625
	rem_5_u_div_DP_OP_11_123_3123/n2352
	add_x_8_n12
	n114
	rem_5_u_div_DP_OP_11_123_3123/I2[21]
	n287
	rem_5_u_div_DP_OP_11_123_3123/n2645
	rem_5_u_div_DP_OP_11_123_3123/n2715
	rem_5_u_div_DP_OP_11_123_3123/n2402
	rem_5_u_div_DP_OP_11_123_3123/n2593
	N57
	add_x_1/n9
	SYNOPSYS_UNCONNECTED_48
	rem_5_u_div_DP_OP_11_123_3123/n2726
	rem_5_u_div_DP_OP_11_123_3123/n2385
	rem_5_u_div_DP_OP_11_123_3123/n2288
	rem_5_u_div_DP_OP_11_123_3123/n2332
	add_x_8_n8
	rem_5_u_div_DP_OP_11_123_3123/n2475
	rem_5_u_div_DP_OP_11_123_3123/n2608
	N92
	rem_5_u_div_DP_OP_11_123_3123/n2808
	rem_5_u_div_DP_OP_11_123_3123/n2687
	n1hr_9_0_
	DP_OP_45_122_6965/n21
	hr_3_0_
	N64
	rem_5_u_div_DP_OP_11_123_3123/n2516
	SYNOPSYS_UNCONNECTED_73
	rem_5_u_div_DP_OP_11_123_3123/n2479
	rem_5_u_div_DP_OP_11_123_3123/n2700
	N71
	add_x_10_n9
	rem_5_u_div_DP_OP_11_123_3123/n2279
	rem_5_u_div_DP_OP_11_123_3123/n2320
	add_x_1/n5
	rem_5_u_div_DP_OP_11_123_3123/n2351
	N42
	rem_5_u_div_DP_OP_11_123_3123/n2714
	rem_5_u_div_DP_OP_11_123_3123/n2296
	rem_5_u_div_DP_OP_11_123_3123/n2760
	rem_5_u_div_DP_OP_11_123_3123/n2575
	N11
	rem_5_u_div_DP_OP_11_123_3123/n2610
	rem_5_u_div_DP_OP_11_123_3123/n2616
	rem_5_u_div_DP_OP_11_123_3123/n2607
	rem_5_u_div_DP_OP_11_123_3123/n2691
	DP_OP_45_122_6965/I2[12]
	rem_5_u_div_DP_OP_11_123_3123/n2435
	rem_5_u_div_DP_OP_11_123_3123/n2555
	N106
	rem_5_u_div_DP_OP_11_123_3123/n2648
	rem_5_u_div_DP_OP_11_123_3123/n2745
	rem_5_u_div_DP_OP_11_123_3123/n2374
	rem_5_u_div_DP_OP_11_123_3123/n2742
	rem_5_u_div_DP_OP_11_123_3123/n2806
	SYNOPSYS_UNCONNECTED_30
	rem_5_u_div_DP_OP_11_123_3123/n2497
	SYNOPSYS_UNCONNECTED_68
	N128
	N158
	rem_5_u_div_DP_OP_11_123_3123/n2344
	rem_5_u_div_DP_OP_11_123_3123/n2410
	rem_5_u_div_DP_OP_11_123_3123/n2287
	rem_5_u_div_DP_OP_11_123_3123/n2447
	rem_5_u_div_DP_OP_11_123_3123/n2517
	rem_5_u_div_DP_OP_11_123_3123/n2620
	n1hr_4_0_
	rem_5_u_div_DP_OP_11_123_3123/n2440
	add_x_10_n7
	SYNOPSYS_UNCONNECTED_53
	rem_5_u_div_DP_OP_11_123_3123/n2449
	rem_5_u_div_DP_OP_11_123_3123/n2312
	rem_5_u_div_DP_OP_11_123_3123/n2841
	rem_5_u_div_DP_OP_11_123_3123/n2395
	rem_5_u_div_DP_OP_11_123_3123/n2574
	rem_5_u_div_DP_OP_11_123_3123/n2560
	SYNOPSYS_UNCONNECTED_25
	rem_5_u_div_DP_OP_11_123_3123/n2502
	N45
	rem_5_u_div_DP_OP_11_123_3123/I2[26]
	rem_5_u_div_DP_OP_11_123_3123/n2564
	rem_5_u_div_DP_OP_11_123_3123/n2438
	N6
	rem_5_u_div_DP_OP_11_123_3123/n2654
	SYNOPSYS_UNCONNECTED_58
	rem_5_u_div_DP_OP_11_123_3123/n2493
	rem_5_u_div_DP_OP_11_123_3123/I2[7]
	SYNOPSYS_UNCONNECTED_28
	rem_5_u_div_DP_OP_11_123_3123/n2388
	rem_5_u_div_DP_OP_11_123_3123/n2559
	rem_5_u_div_DP_OP_11_123_3123/n2818
	rem_5_u_div_DP_OP_11_123_3123/n2362
	rem_5_u_div_DP_OP_11_123_3123/n2317
	DP_OP_45_122_6965/n11
	rem_5_u_div_DP_OP_11_123_3123/I2[9]
	N136
	DP_OP_45_122_6965/I3[15]
	DP_OP_45_122_6965/n9
	rem_5_u_div_DP_OP_11_123_3123/n2530
	rem_5_u_div_DP_OP_11_123_3123/n2355
	SYNOPSYS_UNCONNECTED_63
	SYNOPSYS_UNCONNECTED_23
	rem_5_u_div_DP_OP_11_123_3123/n2706
	rem_5_u_div_DP_OP_11_123_3123/n2512
	DP_OP_45_122_6965/n18
	rem_5_u_div_DP_OP_11_123_3123/n2801
	rem_5_u_div_DP_OP_11_123_3123/n2682
	add_x_1/n55
	rem_5_u_div_DP_OP_11_123_3123/n2644
	rem_5_u_div_DP_OP_11_123_3123/n2733
	rem_5_u_div_DP_OP_11_123_3123/n2426
	rem_5_u_div_DP_OP_11_123_3123/n2505
	rem_5_u_div_DP_OP_11_123_3123/n2459
	N84
	rem_5_u_div_DP_OP_11_123_3123/n2403
	rem_5_u_div_DP_OP_11_123_3123/n2429
	hr_1_0_
	rem_5_u_div_DP_OP_11_123_3123/n2794
	N113
	rem_5_u_div_DP_OP_11_123_3123/n2800
	rem_5_u_div_DP_OP_11_123_3123/I2[18]
	rem_5_u_div_DP_OP_11_123_3123/n2588
	rem_5_u_div_DP_OP_11_123_3123/n2464
	SYNOPSYS_UNCONNECTED_33
	rem_5_u_div_DP_OP_11_123_3123/n2718
	rem_5_u_div_DP_OP_11_123_3123/n2412
	rem_5_u_div_DP_OP_11_123_3123/n2788
	rem_5_u_div_DP_OP_11_123_3123/n2467
	rem_5_u_div_DP_OP_11_123_3123/n2392
	N24
	rem_5_u_div_DP_OP_11_123_3123/n2394
	rem_5_u_div_DP_OP_11_123_3123/n2415
	N1210
	N107
	N20
	DP_OP_45_122_6965/n17
	add_x_8_n7
	SYNOPSYS_UNCONNECTED_35
	N99
	rem_5_u_div_DP_OP_11_123_3123/n2821
	rem_5_u_div_DP_OP_11_123_3123/n2367
	rem_5_u_div_DP_OP_11_123_3123/n2350
	rem_5_u_div_DP_OP_11_123_3123/n2628
	rem_5_u_div_DP_OP_11_123_3123/n2434
	N1211
	N72
	rem_5_u_div_DP_OP_11_123_3123/n2825
	rem_5_u_div_DP_OP_11_123_3123/n2492
	rem_5_u_div_DP_OP_11_123_3123/n2641
	rem_5_u_div_DP_OP_11_123_3123/n2741
	rem_5_u_div_DP_OP_11_123_3123/n2289
	N125
	N147
	rem_5_u_div_DP_OP_11_123_3123/n2371
	hr_8_0_
	N26
	rem_5_u_div_DP_OP_11_123_3123/n2581
	add_x_9_n6
	rem_5_u_div_DP_OP_11_123_3123/n2525
	rem_5_u_div_DP_OP_11_123_3123/n2761
	N58
	rem_5_u_div_DP_OP_11_123_3123/n2418
	rem_5_u_div_DP_OP_11_123_3123/n2586
	rem_5_u_div_DP_OP_11_123_3123/n2604
	rem_5_u_div_DP_OP_11_123_3123/I2[29]
	rem_5_u_div_DP_OP_11_123_3123/I2[15]
	rem_5_u_div_DP_OP_11_123_3123/n2672
	rem_5_u_div_DP_OP_11_123_3123/n2548
	rem_5_u_div_DP_OP_11_123_3123/n2345
	DP_OP_45_122_6965/n19
	rem_5_u_div_DP_OP_11_123_3123/n2482
	rem_5_u_div_DP_OP_11_123_3123/n2331
	rem_5_u_div_DP_OP_11_123_3123/n2774
	N38
	rem_5_u_div_DP_OP_11_123_3123/n2520
	SYNOPSYS_UNCONNECTED_3
	rem_5_u_div_DP_OP_11_123_3123/n2693
	rem_5_u_div_DP_OP_11_123_3123/n2303
	rem_5_u_div_DP_OP_11_123_3123/n2338
	SYNOPSYS_UNCONNECTED_20
	rem_5_u_div_DP_OP_11_123_3123/n2611
	rem_5_u_div_DP_OP_11_123_3123/I2[11]
	rem_5_u_div_DP_OP_11_123_3123/n2744
	rem_5_u_div_DP_OP_11_123_3123/n2659
	add_x_9_n13
	rem_5_u_div_DP_OP_11_123_3123/n2450
	rem_5_u_div_DP_OP_11_123_3123/n2662
	rem_5_u_div_DP_OP_11_123_3123/n2496
	rem_5_u_div_DP_OP_11_123_3123/n2798
	rem_5_u_div_DP_OP_11_123_3123/n2827
	rem_5_u_div_DP_OP_11_123_3123/n2694
	rem_5_u_div_DP_OP_11_123_3123/n2471
	rem_5_u_div_DP_OP_11_123_3123/n2488
	rem_5_u_div_DP_OP_11_123_3123/n2389
	SYNOPSYS_UNCONNECTED_55
	n117
	add_x_10_n14
	rem_5_u_div_DP_OP_11_123_3123/n2630
	rem_5_u_div_DP_OP_11_123_3123/n2615
	SYNOPSYS_UNCONNECTED_5
	rem_5_u_div_DP_OP_11_123_3123/n2486
	hr_6_0_
	rem_5_u_div_DP_OP_11_123_3123/n2302
	rem_5_u_div_DP_OP_11_123_3123/n2643
	rem_5_u_div_DP_OP_11_123_3123/n2549
	rem_5_u_div_DP_OP_11_123_3123/n2428
	rem_5_u_div_DP_OP_11_123_3123/n2397
	rem_5_u_div_DP_OP_11_123_3123/n2506
	rem_5_u_div_DP_OP_11_123_3123/n2591
	rem_5_u_div_DP_OP_11_123_3123/n2282
	n293
	N97
	rem_5_u_div_DP_OP_11_123_3123/n2295
	rem_5_u_div_DP_OP_11_123_3123/n2376
	rem_5_u_div_DP_OP_11_123_3123/n2444
	SYNOPSYS_UNCONNECTED_76
	rem_5_u_div_DP_OP_11_123_3123/n2514
	N62
	SYNOPSYS_UNCONNECTED_50
	n115
	rem_5_u_div_DP_OP_11_123_3123/n2384
	n285
	rem_5_u_div_DP_OP_11_123_3123/I2[28]
	rem_5_u_div_DP_OP_11_123_3123/I2[3]
	rem_5_u_div_DP_OP_11_123_3123/n2750
	rem_5_u_div_DP_OP_11_123_3123/n2712
	N43
	N115
	n277
	rem_5_u_div_DP_OP_11_123_3123/n2436
	rem_5_u_div_DP_OP_11_123_3123/n2666
	add_x_9_n14
	rem_5_u_div_DP_OP_11_123_3123/n2485
	rem_5_u_div_DP_OP_11_123_3123/n2655
	rem_5_u_div_DP_OP_11_123_3123/n2710
	DP_OP_45_122_6965/n10
	N59
	rem_5_u_div_DP_OP_11_123_3123/n2770
	n284
	rem_5_u_div_DP_OP_11_123_3123/n2627
	rem_5_u_div_DP_OP_11_123_3123/n2768
	rem_5_u_div_DP_OP_11_123_3123/n2443
	rem_5_u_div_DP_OP_11_123_3123/n2823
	rem_5_u_div_DP_OP_11_123_3123/n2391
	rem_5_u_div_DP_OP_11_123_3123/n2812
	rem_5_u_div_DP_OP_11_123_3123/n2703
	rem_5_u_div_DP_OP_11_123_3123/n2454
	rem_5_u_div_DP_OP_11_123_3123/I2[14]
	rem_5_u_div_DP_OP_11_123_3123/n2723
	add_x_1/n3
	rem_5_u_div_DP_OP_11_123_3123/n2792
	rem_5_u_div_DP_OP_11_123_3123/n2697
	rem_5_u_div_DP_OP_11_123_3123/I2[19]
	rem_5_u_div_DP_OP_11_123_3123/n2569
	rem_5_u_div_DP_OP_11_123_3123/n2405
	hr_0_0_
	rem_5_u_div_DP_OP_11_123_3123/n2650
	n259
	rem_5_u_div_DP_OP_11_123_3123/n2592
	SYNOPSYS_UNCONNECTED_22
	rem_5_u_div_DP_OP_11_123_3123/n2861
	rem_5_u_div_DP_OP_11_123_3123/n2480
	rem_5_u_div_DP_OP_11_123_3123/n2596
	rem_5_u_div_DP_OP_11_123_3123/n2626
	rem_5_u_div_DP_OP_11_123_3123/n2765
	rem_5_u_div_DP_OP_11_123_3123/n2734
	rem_5_u_div_DP_OP_11_123_3123/n2799
	rem_5_u_div_DP_OP_11_123_3123/n2759
	rem_5_u_div_DP_OP_11_123_3123/n2298
	N94
	rem_5_u_div_DP_OP_11_123_3123/n2817
	add_x_10_n8
	rem_5_u_div_DP_OP_11_123_3123/n2677
	rem_5_u_div_DP_OP_11_123_3123/n2474
	add_x_10_n13
	add_x_10_n15
	add_x_1/n1
	hr_10_0_
	N33
	N55
	n257
	add_x_9_n11
	hr_9_0_
	n291
	rem_5_u_div_DP_OP_11_123_3123/n2373
	rem_5_u_div_DP_OP_11_123_3123/n2838
	SYNOPSYS_UNCONNECTED_56
	n279
	rem_5_u_div_DP_OP_11_123_3123/n2404
	rem_5_u_div_DP_OP_11_123_3123/n2667
	n294
	rem_5_u_div_DP_OP_11_123_3123/n2353
	rem_5_u_div_DP_OP_11_123_3123/n2653
	rem_5_u_div_DP_OP_11_123_3123/n2301
	rem_5_u_div_DP_OP_11_123_3123/n2565
	SYNOPSYS_UNCONNECTED_65
	rem_5_u_div_DP_OP_11_123_3123/n2766
	rem_5_u_div_DP_OP_11_123_3123/n2383
	N19
	N119
	rem_5_u_div_DP_OP_11_123_3123/n2380
	n1hr_6_0_
	rem_5_u_div_DP_OP_11_123_3123/n2836
	rem_5_u_div_DP_OP_11_123_3123/n2460
	rem_5_u_div_DP_OP_11_123_3123/n2743
	rem_5_u_div_DP_OP_11_123_3123/n2601
	N51
	SYNOPSYS_UNCONNECTED_42
	SYNOPSYS_UNCONNECTED_75
	rem_5_u_div_DP_OP_11_123_3123/n2810
	rem_5_u_div_DP_OP_11_123_3123/n2452
	DP_OP_45_122_6965/I2[9]
	rem_5_u_div_DP_OP_11_123_3123/n2529
	DP_OP_45_122_6965/n16
	rem_5_u_div_DP_OP_11_123_3123/n2360
	SYNOPSYS_UNCONNECTED_70
	rem_5_u_div_DP_OP_11_123_3123/n2356
	N34
	rem_5_u_div_DP_OP_11_123_3123/n2704
	rem_5_u_div_DP_OP_11_123_3123/n2358
	rem_5_u_div_DP_OP_11_123_3123/I2[0]
	N169
	rem_5_u_div_DP_OP_11_123_3123/n2829
	N23
	rem_5_u_div_DP_OP_11_123_3123/n2689
	rem_5_u_div_DP_OP_11_123_3123/n2698
	rem_5_u_div_DP_OP_11_123_3123/n2420
	rem_5_u_div_DP_OP_11_123_3123/I2[32]
	rem_5_u_div_DP_OP_11_123_3123/n2804
	rem_5_u_div_DP_OP_11_123_3123/n2286
	N139
	rem_5_u_div_DP_OP_11_123_3123/n2544
	rem_5_u_div_DP_OP_11_123_3123/n2782
	rem_5_u_div_DP_OP_11_123_3123/n2551
	rem_5_u_div_DP_OP_11_123_3123/n2649
	rem_5_u_div_DP_OP_11_123_3123/n2754
	rem_5_u_div_DP_OP_11_123_3123/n2523
	rem_5_u_div_DP_OP_11_123_3123/n2430
	DP_OP_45_122_6965/I2[8]
	rem_5_u_div_DP_OP_11_123_3123/n2665
	rem_5_u_div_DP_OP_11_123_3123/n2292
	SYNOPSYS_UNCONNECTED_37
	gt_x_6_n7
	rem_5_u_div_DP_OP_11_123_3123/n2342
	rem_5_u_div_DP_OP_11_123_3123/n2795
	SYNOPSYS_UNCONNECTED_16
	rem_5_u_div_DP_OP_11_123_3123/n2547
	n258
	N61
	n1hr_0_0_
	rem_5_u_div_DP_OP_11_123_3123/n2757
	SYNOPSYS_UNCONNECTED_47
	rem_5_u_div_DP_OP_11_123_3123/n2504
	rem_5_u_div_DP_OP_11_123_3123/n2407
	rem_5_u_div_DP_OP_11_123_3123/n2813
	SYNOPSYS_UNCONNECTED_45
	N73
	N81
	rem_5_u_div_DP_OP_11_123_3123/n2728
	rem_5_u_div_DP_OP_11_123_3123/n2747
	rem_5_u_div_DP_OP_11_123_3123/n2538
	SYNOPSYS_UNCONNECTED_11
	N86
	rem_5_u_div_DP_OP_11_123_3123/n2633
	rem_5_u_div_DP_OP_11_123_3123/n2680
	SYNOPSYS_UNCONNECTED_62
	rem_5_u_div_DP_OP_11_123_3123/n2533
	rem_5_u_div_DP_OP_11_123_3123/n2341
	rem_5_u_div_DP_OP_11_123_3123/n2597
	rem_5_u_div_DP_OP_11_123_3123/n2720
	rem_5_u_div_DP_OP_11_123_3123/n2291
	rem_5_u_div_DP_OP_11_123_3123/n2335
	DP_OP_45_122_6965/I2[11]
	rem_5_u_div_DP_OP_11_123_3123/I2[4]
	rem_5_u_div_DP_OP_11_123_3123/n2354
	rem_5_u_div_DP_OP_11_123_3123/n2503
	N8
	rem_5_u_div_DP_OP_11_123_3123/n2456
	SYNOPSYS_UNCONNECTED_14
	rem_5_u_div_DP_OP_11_123_3123/n2330
	N82
	N1110
	rem_5_u_div_DP_OP_11_123_3123/n2711
	DP_OP_45_122_6965/n20
	rem_5_u_div_DP_OP_11_123_3123/n2713
	rem_5_u_div_DP_OP_11_123_3123/n2735
	rem_5_u_div_DP_OP_11_123_3123/n2431
	rem_5_u_div_DP_OP_11_123_3123/n2305
	add_x_10_n11
	rem_5_u_div_DP_OP_11_123_3123/n2566
	add_x_10_n3
	rem_5_u_div_DP_OP_11_123_3123/n2546
	rem_5_u_div_DP_OP_11_123_3123/n2309
	N36
	rem_5_u_div_DP_OP_11_123_3123/n2685
	rem_5_u_div_DP_OP_11_123_3123/n2478
	rem_5_u_div_DP_OP_11_123_3123/n2651
	rem_5_u_div_DP_OP_11_123_3123/n2732
	N1
	rem_5_u_div_DP_OP_11_123_3123/n2378
	rem_5_u_div_DP_OP_11_123_3123/n2753
	rem_5_u_div_DP_OP_11_123_3123/n2413
	rem_5_u_div_DP_OP_11_123_3123/n2545
	rem_5_u_div_DP_OP_11_123_3123/n2702
	rem_5_u_div_DP_OP_11_123_3123/n2632
	rem_5_u_div_DP_OP_11_123_3123/n2572
	rem_5_u_div_DP_OP_11_123_3123/n2558
	rem_5_u_div_DP_OP_11_123_3123/I2[34]
	n1hr_1_0_
	rem_5_u_div_DP_OP_11_123_3123/n2826
	rem_5_u_div_DP_OP_11_123_3123/n2777
	rem_5_u_div_DP_OP_11_123_3123/n2501
	N98
	rem_5_u_div_DP_OP_11_123_3123/n2789
	rem_5_u_div_DP_OP_11_123_3123/n2664
	rem_5_u_div_DP_OP_11_123_3123/n2442
	rem_5_u_div_DP_OP_11_123_3123/I3[2]
	rem_5_u_div_DP_OP_11_123_3123/n2708
	rem_5_u_div_DP_OP_11_123_3123/n2764
	DP_OP_45_122_6965/I2[13]
	SYNOPSYS_UNCONNECTED_8
	rem_5_u_div_DP_OP_11_123_3123/n2668
	rem_5_u_div_DP_OP_11_123_3123/I2[12]
	rem_5_u_div_DP_OP_11_123_3123/n2602
	rem_5_u_div_DP_OP_11_123_3123/n2414
	N83
	rem_5_u_div_DP_OP_11_123_3123/n2830
	rem_5_u_div_DP_OP_11_123_3123/n2783
	rem_5_u_div_DP_OP_11_123_3123/n2553
	rem_5_u_div_DP_OP_11_123_3123/n2835
	rem_5_u_div_DP_OP_11_123_3123/I2[22]
	rem_5_u_div_DP_OP_11_123_3123/n2531
	N123
	N122
	rem_5_u_div_DP_OP_11_123_3123/n2524
	SYNOPSYS_UNCONNECTED_64
	rem_5_u_div_DP_OP_11_123_3123/n2857
	rem_5_u_div_DP_OP_11_123_3123/n2387
	N35
	N56
	rem_5_u_div_DP_OP_11_123_3123/n2842
	rem_5_u_div_DP_OP_11_123_3123/n2322
	rem_5_u_div_DP_OP_11_123_3123/n2306
	rem_5_u_div_DP_OP_11_123_3123/n2840
	rem_5_u_div_DP_OP_11_123_3123/n2609
	rem_5_u_div_DP_OP_11_123_3123/n2847
	rem_5_u_div_DP_OP_11_123_3123/n2725
	SYNOPSYS_UNCONNECTED_36
	rem_5_u_div_DP_OP_11_123_3123/n2294
	N78
	rem_5_u_div_DP_OP_11_123_3123/n2510
	N88
	SYNOPSYS_UNCONNECTED_17
	rem_5_u_div_DP_OP_11_123_3123/n2468
	rem_5_u_div_DP_OP_11_123_3123/n2769
	rem_5_u_div_DP_OP_11_123_3123/n2347
	N117
	rem_5_u_div_DP_OP_11_123_3123/n2419
	rem_5_u_div_DP_OP_11_123_3123/n2310
	n1hr_3_0_
	rem_5_u_div_DP_OP_11_123_3123/n2499

947 nets with no annotation
1
