Information: Building multi voltage information for entire design. (MV-022)
Information: Running switching activity propagation with 4 threads!
Information: Running averaged power analysis... (PWR-601)
Information: Running power calculation with 4 threads. (PWR-602)
****************************************
Report : Averaged Power
	-verbose
	-nosplit
Design : conv
Version: V-2023.12-SP5-4
Date   : Wed May  6 19:56:39 2026
****************************************

Library(s) Used:

    saed32rvt_tt0p78v25c (File: /usr/local/synopsys/pdk/SAED32_EDK/lib/stdcell_rvt/db_nldm/saed32rvt_tt0p78v25c.db)


Operating Conditions: tt0p78v25c   Library: saed32rvt_tt0p78v25c
Wire Load Model Mode: enclosed

Cell               Design       Wire_model  Library       Selection_type
--------------------------------------------------------------------------------
                   conv         8000        saed32rvt_tt0p78v25c automatic-by-area
DP_OP_45_122_6965  conv_DP_OP_45_122_6965_0 ForQA saed32rvt_tt0p78v25c automatic-by-area
rem_5_u_div_DP_OP_11_123_3123 conv_DP_OP_11_123_3123_0 8000 saed32rvt_tt0p78v25c automatic-by-area
add_x_1            conv_DW01_inc_2 ForQA    saed32rvt_tt0p78v25c automatic-by-area

Power-specific unit information :
    Voltage Units = 1 V
    Capacitance Units = 0.001 pf
    Time Units = 1 ns
    Dynamic Power Units = 1 W
    Leakage Power Units = 1 W



  Attributes
  ----------
      i  -  Including register clock pin internal power
      u  -  User defined power group

                        Internal  Switching  Leakage    Total
Power Group             Power     Power      Power      Power   (     %)  Attrs
--------------------------------------------------------------------------------
clock_network           4.188e-05    0.0000    0.0000 4.188e-05 (24.32%)  i
register                1.408e-06 6.530e-07 2.204e-05 2.410e-05 (13.99%)  
combinational           5.226e-05 1.634e-05 3.764e-05 1.062e-04 (61.69%)  
sequential                 0.0000    0.0000    0.0000    0.0000 ( 0.00%)  
memory                     0.0000    0.0000    0.0000    0.0000 ( 0.00%)  
io_pad                     0.0000    0.0000    0.0000    0.0000 ( 0.00%)  
black_box                  0.0000    0.0000    0.0000    0.0000 ( 0.00%)  

  Net Switching Power  = 1.700e-05   ( 9.87%)
  Cell Internal Power  = 9.555e-05   (55.48%)
  Cell Leakage Power   = 5.968e-05   (34.65%)
                         ---------
Total Power            = 1.722e-04  (100.00%)

1
