****************************************
Report : Averaged Power
	-cell_power
	-verbose
	-sort_by cell_internal_power
Design : conv
Version: V-2023.12-SP5-4
Date   : Wed May  6 19:56:39 2026
****************************************

Library(s) Used:

    saed32rvt_tt0p78v25c (File: /usr/local/synopsys/pdk/SAED32_EDK/lib/stdcell_rvt/db_nldm/saed32rvt_tt0p78v25c.db)


Operating Conditions: tt0p78v25c   Library: saed32rvt_tt0p78v25c
Wire Load Model Mode: enclosed

Cell               Design       Wire_model  Library       Selection_type
--------------------------------------------------------------------------------
                   conv         8000        saed32rvt_tt0p78v25c
                                                          automatic-by-area
DP_OP_45_122_6965  conv_DP_OP_45_122_6965_0
                                ForQA       saed32rvt_tt0p78v25c
                                                          automatic-by-area
rem_5_u_div_DP_OP_11_123_3123
                   conv_DP_OP_11_123_3123_0
                                8000        saed32rvt_tt0p78v25c
                                                          automatic-by-area
add_x_1            conv_DW01_inc_2
                                ForQA       saed32rvt_tt0p78v25c
                                                          automatic-by-area

Power-specific unit information :
    Voltage Units = 1 V
    Capacitance Units = 0.001 pf
    Time Units = 1 ns
    Dynamic Power Units = 1 W
    Leakage Power Units = 1 W



  Attributes
  ----------
      a  -  Annotated internal | leakage | switching power 
      b  -  Black-box (unresolved) cell
      c  -  Clock pin internal power only
      d  -  Does not include clock pin internal power
      h  -  Hierarchical cell

                        Internal  Switching Leakage   Total
Cell                    Power     Power     Power     Power    (     %)   Attrs
--------------------------------------------------------------------------------
rem_5_u_div_DP_OP_11_123_3123
                        4.638e-05 1.427e-05 2.597e-05 8.662e-05 (50.29%)  h
DP_OP_45_122_6965       1.149e-06 2.513e-07 1.569e-06 2.970e-06 ( 1.72%)  h
add_x_1                 4.612e-07 4.154e-07 1.006e-06 1.883e-06 ( 1.09%)  h
q_reg_5_7               3.401e-07 1.179e-08 1.396e-07 4.915e-07 ( 0.29%)  
q_reg_6_7               3.366e-07 1.159e-08 1.396e-07 4.878e-07 ( 0.28%)  
q_reg_4_7               3.346e-07 1.243e-08 1.396e-07 4.866e-07 ( 0.28%)  
q_reg_6_6               3.316e-07 1.154e-08 1.396e-07 4.827e-07 ( 0.28%)  
q_reg_5_6               3.301e-07 1.090e-08 1.396e-07 4.806e-07 ( 0.28%)  
q_reg_7_7               3.299e-07 1.120e-08 1.396e-07 4.807e-07 ( 0.28%)  
q_reg_4_1               3.248e-07 8.502e-09 1.396e-07 4.728e-07 ( 0.27%)  
q_reg_5_1               3.243e-07 8.254e-09 1.396e-07 4.721e-07 ( 0.27%)  
q_reg_4_6               3.225e-07 1.218e-08 1.396e-07 4.742e-07 ( 0.28%)  
q_reg_7_6               3.222e-07 9.910e-09 1.396e-07 4.717e-07 ( 0.27%)  
q_reg_1_8               3.202e-07 3.713e-09 1.396e-07 4.634e-07 ( 0.27%)  
q_reg_6_1               3.193e-07 7.266e-09 1.396e-07 4.661e-07 ( 0.27%)  
q_reg_0_2               3.183e-07 4.480e-09 1.396e-07 4.624e-07 ( 0.27%)  
q_reg_3_7               3.155e-07 1.204e-08 1.396e-07 4.671e-07 ( 0.27%)  
q_reg_0_8               3.150e-07 3.683e-09 1.396e-07 4.582e-07 ( 0.27%)  
q_reg_6_2               3.149e-07 3.414e-09 1.396e-07 4.579e-07 ( 0.27%)  
q_reg_8_7               3.142e-07 5.620e-09 1.396e-07 4.594e-07 ( 0.27%)  
q_reg_6_8               3.139e-07 3.519e-09 1.396e-07 4.569e-07 ( 0.27%)  
q_reg_5_2               3.136e-07 3.770e-09 1.396e-07 4.570e-07 ( 0.27%)  
q_reg_2_7               3.125e-07 1.337e-08 1.396e-07 4.654e-07 ( 0.27%)  
q_reg_2_6               3.121e-07 1.204e-08 1.396e-07 4.637e-07 ( 0.27%)  
q_reg_3_1               3.120e-07 9.589e-09 1.396e-07 4.611e-07 ( 0.27%)  
q_reg_3_6               3.100e-07 1.204e-08 1.396e-07 4.616e-07 ( 0.27%)  
q_reg_7_8               3.092e-07 3.594e-09 1.396e-07 4.523e-07 ( 0.26%)  
q_reg_2_8               3.088e-07 3.802e-09 1.396e-07 4.521e-07 ( 0.26%)  
q_reg_3_                3.086e-07 7.908e-09 1.396e-07 4.561e-07 ( 0.26%)  
q_reg_7_2               3.078e-07 2.803e-09 1.396e-07 4.502e-07 ( 0.26%)  
q_reg_7_1               3.074e-07 5.585e-09 1.396e-07 4.526e-07 ( 0.26%)  
q_reg_8_6               3.063e-07 6.895e-09 1.396e-07 4.527e-07 ( 0.26%)  
hr_5_reg_1_1            3.059e-07 9.453e-09 1.396e-07 4.549e-07 ( 0.26%)  
q_reg_4_                3.057e-07 6.870e-09 1.396e-07 4.521e-07 ( 0.26%)  
hr_6_reg_1_1            3.051e-07 8.563e-09 1.396e-07 4.532e-07 ( 0.26%)  
q_reg_1_2               3.033e-07 3.928e-09 1.396e-07 4.467e-07 ( 0.26%)  
q_reg_0_5               3.026e-07 4.485e-09 1.396e-07 4.467e-07 ( 0.26%)  
q_reg_5_8               3.024e-07 3.460e-09 1.396e-07 4.454e-07 ( 0.26%)  
q_reg_9_7               3.021e-07 3.645e-09 1.396e-07 4.453e-07 ( 0.26%)  
q_reg_5_                3.020e-07 6.030e-09 1.396e-07 4.476e-07 ( 0.26%)  
hr_7_reg_1_1            3.016e-07 7.031e-09 1.396e-07 4.482e-07 ( 0.26%)  
q_reg_8_8               3.010e-07 3.103e-09 1.396e-07 4.437e-07 ( 0.26%)  
q_reg_4_2               3.009e-07 3.868e-09 1.396e-07 4.443e-07 ( 0.26%)  
q_reg_5_5               3.007e-07 3.775e-09 1.396e-07 4.440e-07 ( 0.26%)  
q_reg_6_                3.005e-07 5.437e-09 1.396e-07 4.455e-07 ( 0.26%)  
q_reg_2_1               3.001e-07 9.787e-09 1.396e-07 4.495e-07 ( 0.26%)  
q_reg_0_4               2.994e-07 3.597e-09 1.396e-07 4.426e-07 ( 0.26%)  
q_reg_6_5               2.972e-07 3.419e-09 1.396e-07 4.402e-07 ( 0.26%)  
q_reg_5_4               2.969e-07 3.027e-09 1.396e-07 4.395e-07 ( 0.26%)  
q_reg_5_3               2.969e-07 3.027e-09 1.396e-07 4.395e-07 ( 0.26%)  
q_reg_0_3               2.965e-07 3.597e-09 1.396e-07 4.396e-07 ( 0.26%)  
q_reg_8_2               2.964e-07 2.428e-09 1.396e-07 4.384e-07 ( 0.25%)  
q_reg_7_5               2.961e-07 2.808e-09 1.396e-07 4.385e-07 ( 0.25%)  
q_reg_4_8               2.953e-07 3.787e-09 1.396e-07 4.387e-07 ( 0.25%)  
q_reg_6_4               2.952e-07 2.742e-09 1.396e-07 4.375e-07 ( 0.25%)  
q_reg_8_1               2.949e-07 2.777e-09 1.396e-07 4.372e-07 ( 0.25%)  
q_reg_6_3               2.946e-07 2.742e-09 1.396e-07 4.369e-07 ( 0.25%)  
q_reg_8_5               2.945e-07 2.433e-09 1.396e-07 4.364e-07 ( 0.25%)  
hr_8_reg_1_1            2.943e-07 3.291e-09 1.396e-07 4.371e-07 ( 0.25%)  
q_reg_9_8               2.942e-07 2.180e-09 1.396e-07 4.359e-07 ( 0.25%)  
hr_4_reg_1_1            2.935e-07 9.700e-09 1.396e-07 4.428e-07 ( 0.26%)  
hr_1_reg_1_1            2.935e-07 9.848e-09 1.396e-07 4.429e-07 ( 0.26%)  
q_reg_7_3               2.934e-07 2.251e-09 1.396e-07 4.352e-07 ( 0.25%)  
q_reg_7_4               2.927e-07 2.251e-09 1.396e-07 4.345e-07 ( 0.25%)  
q_reg_8_4               2.925e-07 1.951e-09 1.396e-07 4.340e-07 ( 0.25%)  
q_reg_2_                2.925e-07 7.760e-09 1.396e-07 4.398e-07 ( 0.26%)  
q_reg_8_3               2.923e-07 1.951e-09 1.396e-07 4.338e-07 ( 0.25%)  
q_reg_7_                2.899e-07 1.977e-09 1.396e-07 4.314e-07 ( 0.25%)  
hr_5_reg_1_             2.891e-07 3.023e-09 1.396e-07 4.316e-07 ( 0.25%)  
hr_7_reg_1_             2.888e-07 2.247e-09 1.396e-07 4.306e-07 ( 0.25%)  
q_reg_9_6               2.886e-07 1.161e-09 1.396e-07 4.293e-07 ( 0.25%)  
hr_8_reg_1_             2.881e-07 1.947e-09 1.396e-07 4.296e-07 ( 0.25%)  
hr_6_reg_1_             2.881e-07 2.738e-09 1.396e-07 4.304e-07 ( 0.25%)  
q_reg_4_5               2.877e-07 3.873e-09 1.396e-07 4.312e-07 ( 0.25%)  
q_reg_1_5               2.868e-07 3.933e-09 1.396e-07 4.303e-07 ( 0.25%)  
q_reg_9_2               2.867e-07 6.118e-10 1.396e-07 4.269e-07 ( 0.25%)  
q_reg_9_1               2.865e-07 6.675e-10 1.396e-07 4.268e-07 ( 0.25%)  
hr_9_reg_1_1            2.865e-07 8.344e-10 1.396e-07 4.269e-07 ( 0.25%)  
q_reg_10_7              2.864e-07 5.741e-10 1.396e-07 4.265e-07 ( 0.25%)  
q_reg_9_4               2.859e-07 4.946e-10 1.396e-07 4.260e-07 ( 0.25%)  
q_reg_9_5               2.854e-07 6.168e-10 1.396e-07 4.256e-07 ( 0.25%)  
q_reg_9_3               2.850e-07 4.946e-10 1.396e-07 4.251e-07 ( 0.25%)  
hr_9_reg_1_             2.845e-07 4.906e-10 1.396e-07 4.246e-07 ( 0.25%)  
q_reg_3_2               2.841e-07 4.164e-09 1.396e-07 4.278e-07 ( 0.25%)  
q_reg_1_4               2.839e-07 3.154e-09 1.396e-07 4.266e-07 ( 0.25%)  
q_reg_10_2              2.839e-07    0.0000 1.396e-07 4.234e-07 ( 0.25%)  
q_reg_1_                2.837e-07 4.779e-09 1.396e-07 4.280e-07 ( 0.25%)  
hr_10_reg_1_            2.833e-07    0.0000 1.396e-07 4.228e-07 ( 0.25%)  
hr_10_reg_1_1           2.833e-07 6.675e-12 1.396e-07 4.228e-07 ( 0.25%)  
q_reg_10_3              2.833e-07 3.957e-12 1.396e-07 4.228e-07 ( 0.25%)  
q_reg_10_4              2.833e-07 3.957e-12 1.396e-07 4.228e-07 ( 0.25%)  
q_reg_10_5              2.833e-07 4.934e-12 1.396e-07 4.228e-07 ( 0.25%)  
q_reg_11_6              2.833e-07 1.335e-11 1.396e-07 4.228e-07 ( 0.25%)  
q_reg_12_7              2.833e-07 1.335e-11 1.396e-07 4.228e-07 ( 0.25%)  
q_reg_3_8               2.830e-07 3.981e-09 1.396e-07 4.266e-07 ( 0.25%)  
hr_10_reg_0_1           2.826e-07    0.0000 1.396e-07 4.222e-07 ( 0.25%)  
hr_10_reg_0_            2.826e-07    0.0000 1.396e-07 4.222e-07 ( 0.25%)  
hr_0_reg_0_             2.826e-07 2.736e-09 1.396e-07 4.249e-07 ( 0.25%)  
hr_3_reg_1_1            2.822e-07 1.044e-08 1.396e-07 4.322e-07 ( 0.25%)  
hr_0_reg_1_             2.822e-07 3.593e-09 1.396e-07 4.253e-07 ( 0.25%)  
hr_6_reg_0_             2.818e-07 2.188e-09 1.396e-07 4.236e-07 ( 0.25%)  
hr_1_reg_0_             2.818e-07 2.488e-09 1.396e-07 4.238e-07 ( 0.25%)  
hr_9_reg_0_             2.817e-07 4.575e-10 1.396e-07 4.218e-07 ( 0.24%)  
hr_1_reg_0_1            2.816e-07 2.507e-09 1.396e-07 4.237e-07 ( 0.25%)  
hr_4_reg_0_             2.815e-07 2.493e-09 1.396e-07 4.236e-07 ( 0.25%)  
hr_5_reg_0_1            2.815e-07 2.438e-09 1.396e-07 4.235e-07 ( 0.25%)  
hr_2_reg_0_             2.815e-07 2.600e-09 1.396e-07 4.236e-07 ( 0.25%)  
q_reg_1_3               2.811e-07 3.154e-09 1.396e-07 4.238e-07 ( 0.25%)  
hr_4_reg_0_1            2.811e-07 2.536e-09 1.396e-07 4.232e-07 ( 0.25%)  
hr_3_reg_0_1            2.810e-07 2.736e-09 1.396e-07 4.233e-07 ( 0.25%)  
q_reg_4_3               2.808e-07 3.106e-09 1.396e-07 4.235e-07 ( 0.25%)  
hr_2_reg_0_1            2.808e-07 2.686e-09 1.396e-07 4.231e-07 ( 0.25%)  
hr_5_reg_0_             2.808e-07 2.493e-09 1.396e-07 4.229e-07 ( 0.25%)  
hr_3_reg_0_             2.808e-07 2.750e-09 1.396e-07 4.231e-07 ( 0.25%)  
hr_9_reg_0_1            2.807e-07 5.624e-10 1.396e-07 4.208e-07 ( 0.24%)  
q_reg_4_4               2.806e-07 3.106e-09 1.396e-07 4.233e-07 ( 0.25%)  
hr_0_reg_0_1            2.798e-07 1.973e-09 1.396e-07 4.213e-07 ( 0.24%)  
hr_8_reg_0_             2.797e-07 1.792e-09 1.396e-07 4.210e-07 ( 0.24%)  
hr_6_reg_0_1            2.796e-07 2.428e-09 1.396e-07 4.216e-07 ( 0.24%)  
hr_7_reg_0_1            2.795e-07 2.064e-09 1.396e-07 4.211e-07 ( 0.24%)  
hr_7_reg_0_             2.794e-07 2.057e-09 1.396e-07 4.210e-07 ( 0.24%)  
hr_8_reg_0_1            2.781e-07 1.942e-09 1.396e-07 4.196e-07 ( 0.24%)  
q_reg_1_1               2.776e-07 1.013e-08 1.396e-07 4.273e-07 ( 0.25%)  
q_reg_3_5               2.724e-07 4.169e-09 1.396e-07 4.161e-07 ( 0.24%)  
hr_4_reg_1_             2.723e-07 3.102e-09 1.396e-07 4.150e-07 ( 0.24%)  
q_reg_0_6               2.711e-07 3.534e-09 1.396e-07 4.142e-07 ( 0.24%)  
hr_1_reg_1_             2.689e-07 3.150e-09 1.396e-07 4.116e-07 ( 0.24%)  
hr_2_reg_1_1            2.685e-07 1.015e-08 1.396e-07 4.182e-07 ( 0.24%)  
q_reg_3_4               2.655e-07 3.343e-09 1.396e-07 4.084e-07 ( 0.24%)  
q_reg_3_3               2.653e-07 3.343e-09 1.396e-07 4.082e-07 ( 0.24%)  
q_reg_2_2               2.628e-07 4.046e-09 1.396e-07 4.064e-07 ( 0.24%)  
hr_3_reg_1_             2.567e-07 3.339e-09 1.396e-07 3.996e-07 ( 0.23%)  
q_reg_2_5               2.545e-07 4.051e-09 1.396e-07 3.981e-07 ( 0.23%)  
q_reg_2_4               2.484e-07 3.248e-09 1.396e-07 3.912e-07 ( 0.23%)  
q_reg_2_3               2.478e-07 3.248e-09 1.396e-07 3.906e-07 ( 0.23%)  
counter_reg_0_          2.395e-07 2.687e-08 1.638e-07 4.301e-07 ( 0.25%)  
hr_2_reg_1_             2.363e-07 3.245e-09 1.396e-07 3.791e-07 ( 0.22%)  
counter_reg_1_          2.362e-07 1.188e-08 1.639e-07 4.120e-07 ( 0.24%)  
q_reg_0_1               2.230e-07 5.287e-09 1.396e-07 3.679e-07 ( 0.21%)  
q_reg_1_7               2.212e-07 1.317e-08 1.640e-07 3.983e-07 ( 0.23%)  
q_reg_1_6               2.201e-07 6.715e-09 1.638e-07 3.906e-07 ( 0.23%)  
counter_reg_2_          2.189e-07 6.722e-09 1.639e-07 3.895e-07 ( 0.23%)  
q_reg_0_                2.146e-07 2.946e-09 1.396e-07 3.571e-07 ( 0.21%)  
hr_0_reg_1_1            2.065e-07 6.068e-09 1.615e-07 3.741e-07 ( 0.22%)  
counter_reg_3_          1.999e-07 2.050e-09 1.639e-07 3.659e-07 ( 0.21%)  
counter_reg_4_          1.940e-07 1.639e-09 1.639e-07 3.596e-07 ( 0.21%)  
q_reg_0_7               1.906e-07 6.341e-09 1.640e-07 3.610e-07 ( 0.21%)  
counter_reg_5_          1.877e-07 5.091e-10 1.663e-07 3.545e-07 ( 0.21%)  
q_reg_10_8              1.849e-07 5.431e-10 1.527e-07 3.381e-07 ( 0.20%)  
counter_reg_6_          1.848e-07 2.681e-10 1.660e-07 3.511e-07 ( 0.20%)  
counter_reg_7_          1.832e-07 1.238e-10 1.653e-07 3.485e-07 ( 0.20%)  
counter_reg_8_          1.830e-07 3.056e-11 1.643e-07 3.472e-07 ( 0.20%)  
q_reg_10_6              1.829e-07 1.469e-10 1.491e-07 3.322e-07 ( 0.19%)  
q_reg_11_7              1.822e-07 1.335e-11 1.488e-07 3.310e-07 ( 0.19%)  
q_reg_11_8              1.822e-07 7.440e-12 1.488e-07 3.310e-07 ( 0.19%)  
q_reg_12_8              1.822e-07 7.440e-12 1.488e-07 3.310e-07 ( 0.19%)  
q_reg_13_8              1.822e-07 7.440e-12 1.488e-07 3.310e-07 ( 0.19%)  
temp_reg                1.747e-07 3.542e-12 1.675e-07 3.422e-07 ( 0.20%)  
U156                    1.675e-07 9.741e-08 1.101e-07 3.750e-07 ( 0.22%)  
U489                    1.019e-07 1.067e-07 3.164e-08 2.402e-07 ( 0.14%)  
add_x_10_U13            9.107e-08 1.847e-08 7.318e-08 1.827e-07 ( 0.11%)  
add_x_10_U12            9.100e-08 1.918e-08 7.392e-08 1.841e-07 ( 0.11%)  
add_x_10_U14            8.958e-08 1.848e-08 7.366e-08 1.817e-07 ( 0.11%)  
add_x_10_U11            8.808e-08 1.790e-08 7.378e-08 1.798e-07 ( 0.10%)  
add_x_10_U10            8.400e-08 1.694e-08 7.165e-08 1.726e-07 ( 0.10%)  
add_x_9_U13             8.326e-08 1.698e-08 7.260e-08 1.728e-07 ( 0.10%)  
add_x_9_U12             8.103e-08 1.697e-08 7.309e-08 1.711e-07 ( 0.10%)  
add_x_10_U15            8.006e-08 1.744e-08 7.212e-08 1.696e-07 ( 0.10%)  
add_x_8_U13             7.873e-08 1.610e-08 7.276e-08 1.676e-07 ( 0.10%)  
add_x_9_U14             7.772e-08 1.659e-08 7.247e-08 1.668e-07 ( 0.10%)  
add_x_9_U11             7.689e-08 1.533e-08 7.260e-08 1.648e-07 ( 0.10%)  
add_x_8_U12             7.642e-08 1.596e-08 7.340e-08 1.658e-07 ( 0.10%)  
add_x_8_U14             7.495e-08 1.533e-08 7.210e-08 1.624e-07 ( 0.09%)  
add_x_8_U11             7.257e-08 1.482e-08 7.264e-08 1.600e-07 ( 0.09%)  
add_x_9_U10             7.020e-08 1.423e-08 7.095e-08 1.554e-07 ( 0.09%)  
U280                    6.886e-08 2.404e-08 3.379e-08 1.267e-07 ( 0.07%)  
add_x_8_U15             6.845e-08 1.479e-08 7.161e-08 1.548e-07 ( 0.09%)  
add_x_9_U15             6.841e-08 1.518e-08 7.087e-08 1.545e-07 ( 0.09%)  
add_x_10_U9             6.688e-08 1.080e-08 6.810e-08 1.458e-07 ( 0.08%)  
add_x_8_U10             6.485e-08 1.292e-08 6.975e-08 1.475e-07 ( 0.09%)  
U495                    6.132e-08 2.528e-08 4.822e-08 1.348e-07 ( 0.08%)  
add_x_10_U16            5.228e-08 1.323e-08 7.776e-08 1.433e-07 ( 0.08%)  
add_x_9_U9              5.086e-08 8.645e-09 6.893e-08 1.284e-07 ( 0.07%)  
add_x_9_U16             4.976e-08 1.213e-08 7.793e-08 1.398e-07 ( 0.08%)  
U562                    4.923e-08 1.018e-08 3.499e-08 9.440e-08 ( 0.05%)  
add_x_8_U16             4.688e-08 1.166e-08 7.786e-08 1.364e-07 ( 0.08%)  
add_x_8_U9              4.476e-08 8.080e-09 7.057e-08 1.234e-07 ( 0.07%)  
add_x_10_U8             4.364e-08 7.551e-09 8.134e-08 1.325e-07 ( 0.08%)  
U564                    4.234e-08 7.117e-09 2.848e-08 7.793e-08 ( 0.05%)  
U490                    3.924e-08 9.888e-09 2.784e-08 7.697e-08 ( 0.04%)  
U157                    3.657e-08 4.545e-08 5.640e-08 1.384e-07 ( 0.08%)  
U284                    3.065e-08 2.486e-08 6.959e-08 1.251e-07 ( 0.07%)  
add_x_9_U8              2.914e-08 4.668e-09 8.159e-08 1.154e-07 ( 0.07%)  
U533                    2.889e-08 8.929e-09 4.025e-08 7.807e-08 ( 0.05%)  
U541                    2.838e-08 8.760e-09 4.032e-08 7.746e-08 ( 0.04%)  
U542                    2.786e-08 6.244e-09 4.038e-08 7.449e-08 ( 0.04%)  
U550                    2.734e-08 8.433e-09 4.046e-08 7.624e-08 ( 0.04%)  
U515                    2.705e-08 8.352e-09 4.032e-08 7.572e-08 ( 0.04%)  
add_x_10_U7             2.696e-08 4.110e-09 8.347e-08 1.145e-07 ( 0.07%)  
U523                    2.665e-08 8.236e-09 4.032e-08 7.521e-08 ( 0.04%)  
U552                    2.650e-08 8.169e-09 4.034e-08 7.500e-08 ( 0.04%)  
U556                    2.606e-08 8.055e-09 4.071e-08 7.483e-08 ( 0.04%)  
U532                    2.601e-08 8.026e-09 4.039e-08 7.443e-08 ( 0.04%)  
U514                    2.586e-08 7.976e-09 4.028e-08 7.412e-08 ( 0.04%)  
U524                    2.584e-08 7.978e-09 4.028e-08 7.410e-08 ( 0.04%)  
U436                    2.535e-08 2.960e-11 6.959e-08 9.497e-08 ( 0.06%)  
U506                    2.503e-08 7.726e-09 4.034e-08 7.309e-08 ( 0.04%)  
add_x_8_U8              2.501e-08 3.511e-09 8.170e-08 1.102e-07 ( 0.06%)  
U543                    2.484e-08 5.578e-09 4.027e-08 7.069e-08 ( 0.04%)  
U547                    2.456e-08 7.592e-09 4.057e-08 7.272e-08 ( 0.04%)  
U437                    2.421e-08 2.828e-11 6.959e-08 9.383e-08 ( 0.05%)  
U435                    2.412e-08 2.817e-11 6.959e-08 9.373e-08 ( 0.05%)  
U424                    2.404e-08 9.232e-09 2.477e-08 5.804e-08 ( 0.03%)  
U548                    2.404e-08 7.418e-09 4.045e-08 7.191e-08 ( 0.04%)  
U534                    2.401e-08 7.418e-09 4.024e-08 7.166e-08 ( 0.04%)  
U539                    2.391e-08 7.385e-09 4.049e-08 7.178e-08 ( 0.04%)  
U505                    2.369e-08 7.316e-09 4.035e-08 7.135e-08 ( 0.04%)  
U438                    2.364e-08 2.761e-11 6.959e-08 9.326e-08 ( 0.05%)  
U439                    2.345e-08 2.739e-11 6.959e-08 9.307e-08 ( 0.05%)  
U497                    2.326e-08 7.185e-09 4.041e-08 7.085e-08 ( 0.04%)  
U525                    2.296e-08 7.085e-09 4.039e-08 7.043e-08 ( 0.04%)  
U496                    2.291e-08 7.078e-09 4.029e-08 7.028e-08 ( 0.04%)  
U560                    2.291e-08 4.297e-09 3.450e-08 6.170e-08 ( 0.04%)  
U432                    2.289e-08 2.673e-11 6.959e-08 9.250e-08 ( 0.05%)  
U516                    2.250e-08 6.939e-09 4.029e-08 6.973e-08 ( 0.04%)  
U433                    2.241e-08 2.617e-11 6.959e-08 9.202e-08 ( 0.05%)  
U434                    2.203e-08 2.573e-11 6.959e-08 9.164e-08 ( 0.05%)  
U158                    2.194e-08 1.617e-07 8.436e-09 1.921e-07 ( 0.11%)  
U529                    2.159e-08 6.670e-09 4.034e-08 6.860e-08 ( 0.04%)  
U520                    2.153e-08 6.651e-09 4.047e-08 6.864e-08 ( 0.04%)  
U538                    2.073e-08 6.391e-09 4.040e-08 6.753e-08 ( 0.04%)  
U498                    2.062e-08 6.372e-09 4.009e-08 6.708e-08 ( 0.04%)  
U594                    2.057e-08 6.353e-09 4.046e-08 6.738e-08 ( 0.04%)  
U507                    2.011e-08 6.208e-09 4.021e-08 6.653e-08 ( 0.04%)  
U595                    1.988e-08 6.139e-09 4.052e-08 6.653e-08 ( 0.04%)  
U502                    1.981e-08 6.122e-09 4.047e-08 6.640e-08 ( 0.04%)  
U530                    1.979e-08 6.110e-09 4.031e-08 6.621e-08 ( 0.04%)  
U431                    1.976e-08 2.308e-11 6.959e-08 8.937e-08 ( 0.05%)  
U511                    1.949e-08 6.012e-09 4.056e-08 6.606e-08 ( 0.04%)  
U521                    1.833e-08 5.657e-09 4.042e-08 6.440e-08 ( 0.04%)  
U512                    1.817e-08 5.612e-09 4.057e-08 6.435e-08 ( 0.04%)  
U421                    1.725e-08 1.236e-08 6.959e-08 9.920e-08 ( 0.06%)  
U591                    1.718e-08 5.305e-09 4.007e-08 6.255e-08 ( 0.04%)  
U596                    1.634e-08 5.042e-09 4.045e-08 6.184e-08 ( 0.04%)  
U503                    1.599e-08 4.930e-09 4.069e-08 6.161e-08 ( 0.04%)  
U600                    1.552e-08 4.795e-09 4.033e-08 6.065e-08 ( 0.04%)  
U590                    1.531e-08 4.723e-09 4.026e-08 6.029e-08 ( 0.04%)  
U551                    1.516e-08 3.371e-09 4.034e-08 5.886e-08 ( 0.03%)  
U561                    1.505e-08 5.849e-09 1.003e-08 3.093e-08 ( 0.02%)  
U555                    1.470e-08 4.537e-09 4.071e-08 5.994e-08 ( 0.03%)  
U554                    1.452e-08 4.480e-09 4.071e-08 5.971e-08 ( 0.03%)  
U553                    1.428e-08 4.404e-09 4.071e-08 5.939e-08 ( 0.03%)  
U430                    1.388e-08 1.621e-11 6.959e-08 8.349e-08 ( 0.05%)  
U526                    1.366e-08 4.218e-09 4.035e-08 5.823e-08 ( 0.03%)  
U527                    1.360e-08 4.196e-09 4.035e-08 5.814e-08 ( 0.03%)  
U528                    1.346e-08 4.154e-09 4.034e-08 5.796e-08 ( 0.03%)  
U558                    1.319e-08 3.970e-09 4.054e-08 5.770e-08 ( 0.03%)  
U536                    1.312e-08 4.049e-09 4.040e-08 5.757e-08 ( 0.03%)  
U535                    1.282e-08 3.951e-09 4.040e-08 5.717e-08 ( 0.03%)  
U546                    1.282e-08 3.956e-09 4.055e-08 5.732e-08 ( 0.03%)  
U537                    1.280e-08 3.946e-09 4.040e-08 5.715e-08 ( 0.03%)  
U517                    1.280e-08 3.953e-09 4.046e-08 5.722e-08 ( 0.03%)  
U519                    1.260e-08 3.889e-09 4.046e-08 5.695e-08 ( 0.03%)  
U508                    1.257e-08 3.884e-09 4.055e-08 5.701e-08 ( 0.03%)  
U545                    1.257e-08 3.875e-09 4.055e-08 5.699e-08 ( 0.03%)  
U557                    1.254e-08 3.841e-09 4.054e-08 5.693e-08 ( 0.03%)  
U518                    1.248e-08 3.851e-09 4.046e-08 5.680e-08 ( 0.03%)  
U544                    1.241e-08 3.825e-09 4.055e-08 5.678e-08 ( 0.03%)  
U509                    1.224e-08 3.777e-09 4.055e-08 5.657e-08 ( 0.03%)  
U510                    1.223e-08 3.775e-09 4.055e-08 5.656e-08 ( 0.03%)  
U549                    1.164e-08 3.501e-09 4.034e-08 5.548e-08 ( 0.03%)  
U500                    1.088e-08 3.353e-09 4.046e-08 5.469e-08 ( 0.03%)  
U501                    1.056e-08 3.250e-09 4.046e-08 5.427e-08 ( 0.03%)  
U540                    1.050e-08 3.162e-09 4.038e-08 5.404e-08 ( 0.03%)  
U499                    1.048e-08 3.224e-09 4.046e-08 5.416e-08 ( 0.03%)  
U585                    1.047e-08 3.234e-09 4.067e-08 5.437e-08 ( 0.03%)  
U601                    1.042e-08 3.210e-09 4.012e-08 5.375e-08 ( 0.03%)  
U531                    1.027e-08 3.088e-09 4.056e-08 5.392e-08 ( 0.03%)  
add_x_9_U7              1.010e-08 1.116e-09 8.453e-08 9.575e-08 ( 0.06%)  
U584                    9.943e-09 3.067e-09 4.040e-08 5.341e-08 ( 0.03%)  
U281                    9.344e-09 9.193e-09 3.455e-08 5.309e-08 ( 0.03%)  
U597                    9.321e-09 2.879e-09 4.034e-08 5.254e-08 ( 0.03%)  
U488                    9.294e-09 8.628e-09 4.416e-09 2.234e-08 ( 0.01%)  
U592                    9.234e-09 2.838e-09 4.005e-08 5.212e-08 ( 0.03%)  
U522                    9.132e-09 2.748e-09 4.031e-08 5.219e-08 ( 0.03%)  
U588                    9.122e-09 2.817e-09 4.072e-08 5.266e-08 ( 0.03%)  
U599                    9.113e-09 2.812e-09 4.033e-08 5.226e-08 ( 0.03%)  
U420                    9.092e-09 2.721e-09 6.959e-08 8.140e-08 ( 0.05%)  
U493                    8.976e-09 4.449e-09 8.463e-08 9.806e-08 ( 0.06%)  
U598                    8.728e-09 2.688e-09 4.034e-08 5.175e-08 ( 0.03%)  
U586                    8.116e-09 2.507e-09 4.072e-08 5.134e-08 ( 0.03%)  
U593                    8.101e-09 2.502e-09 4.072e-08 5.132e-08 ( 0.03%)  
U587                    8.011e-09 2.474e-09 4.071e-08 5.120e-08 ( 0.03%)  
U513                    7.537e-09 2.261e-09 4.035e-08 5.015e-08 ( 0.03%)  
U559                    7.430e-09 1.183e-09 1.743e-08 2.604e-08 ( 0.02%)  
add_x_10_U6             7.213e-09 7.289e-10 8.553e-08 9.347e-08 ( 0.05%)  
U504                    6.988e-09 2.099e-09 4.083e-08 4.992e-08 ( 0.03%)  
U589                    6.555e-09 2.016e-09 4.132e-08 4.989e-08 ( 0.03%)  
U423                    6.507e-09 5.424e-09 2.502e-08 3.695e-08 ( 0.02%)  
U161                    6.375e-09 7.263e-10 2.392e-08 3.102e-08 ( 0.02%)  
add_x_8_U7              6.358e-09 6.291e-10 8.530e-08 9.229e-08 ( 0.05%)  
U425                    5.547e-09 1.948e-09 6.488e-08 7.237e-08 ( 0.04%)  
U163                    5.258e-09 6.530e-09 3.110e-08 4.289e-08 ( 0.02%)  
U283                    3.702e-09 7.387e-10 1.683e-08 2.127e-08 ( 0.01%)  
U429                    3.460e-09 4.040e-12 6.959e-08 7.305e-08 ( 0.04%)  
U491                    3.183e-09 2.746e-09 4.416e-09 1.034e-08 ( 0.01%)  
U165                    3.118e-09 4.397e-10 3.345e-08 3.701e-08 ( 0.02%)  
U578                    2.968e-09 9.151e-10 4.135e-08 4.524e-08 ( 0.03%)  
U160                    2.878e-09 9.670e-10 6.959e-08 7.343e-08 ( 0.04%)  
U563                    2.854e-09 2.457e-09 4.416e-09 9.727e-09 ( 0.01%)  
U279                    2.763e-09 1.665e-09 1.951e-08 2.393e-08 ( 0.01%)  
U602                    2.729e-09 8.221e-10 4.140e-08 4.495e-08 ( 0.03%)  
U571                    2.613e-09 5.863e-10 4.165e-08 4.485e-08 ( 0.03%)  
U282                    2.429e-09 4.239e-09 8.436e-09 1.510e-08 ( 0.01%)  
U582                    2.373e-09 7.340e-10 4.144e-08 4.455e-08 ( 0.03%)  
U580                    2.216e-09 6.863e-10 4.144e-08 4.435e-08 ( 0.03%)  
U583                    1.829e-09 5.648e-10 4.168e-08 4.408e-08 ( 0.03%)  
U581                    1.763e-09 5.409e-10 4.144e-08 4.375e-08 ( 0.03%)  
U572                    1.753e-09 5.409e-10 4.180e-08 4.410e-08 ( 0.03%)  
U579                    1.697e-09 5.195e-10 4.144e-08 4.366e-08 ( 0.03%)  
U155                    1.561e-09 4.142e-09 4.416e-09 1.012e-08 ( 0.01%)  
U162                    1.526e-09 1.379e-09 4.416e-09 7.321e-09 ( 0.00%)  
U422                    1.360e-09 6.753e-10 4.505e-09 6.540e-09 ( 0.00%)  
add_x_9_U6              1.172e-09 8.235e-11 8.619e-08 8.744e-08 ( 0.05%)  
U164                    7.465e-10 2.038e-09 4.416e-09 7.201e-09 ( 0.00%)  
U573                    4.505e-10 1.020e-10 4.201e-08 4.256e-08 ( 0.02%)  
U577                    3.253e-10 1.001e-10 4.202e-08 4.244e-08 ( 0.02%)  
U494                    3.219e-10 3.211e-10 4.416e-09 5.059e-09 ( 0.00%)  
add_x_10_U5             3.065e-10 7.843e-12 8.635e-08 8.667e-08 ( 0.05%)  
U492                    2.831e-10 2.669e-10 4.416e-09 4.966e-09 ( 0.00%)  
add_x_10_U4             4.843e-11 7.843e-12 8.639e-08 8.644e-08 ( 0.05%)  
U426                    4.739e-11 5.534e-14 6.959e-08 6.963e-08 ( 0.04%)  
U427                    4.739e-11 5.534e-14 6.959e-08 6.963e-08 ( 0.04%)  
U428                    4.739e-11 5.534e-14 6.959e-08 6.963e-08 ( 0.04%)  
U166                    2.485e-11 2.101e-10 1.799e-08 1.822e-08 ( 0.01%)  
U167                    2.485e-11 2.101e-10 1.799e-08 1.822e-08 ( 0.01%)  
U168                    2.485e-11 2.101e-10 1.799e-08 1.822e-08 ( 0.01%)  
U159                    8.269e-12 9.994e-11 4.416e-09 4.524e-09 ( 0.00%)  
U566                    1.874e-12    0.0000 4.203e-08 4.203e-08 ( 0.02%)  
U569                    1.819e-12    0.0000 4.203e-08 4.203e-08 ( 0.02%)  
U568                    1.819e-12    0.0000 4.203e-08 4.203e-08 ( 0.02%)  
U567                    1.812e-12    0.0000 4.203e-08 4.203e-08 ( 0.02%)  
U574                    1.160e-12    0.0000 4.203e-08 4.203e-08 ( 0.02%)  
U575                    1.160e-12    0.0000 4.203e-08 4.203e-08 ( 0.02%)  
U565                    5.118e-13    0.0000 4.203e-08 4.203e-08 ( 0.02%)  
U570                    5.118e-13    0.0000 4.203e-08 4.203e-08 ( 0.02%)  
U576                    5.118e-13    0.0000 4.203e-08 4.203e-08 ( 0.02%)  
U169                       0.0000 5.534e-14 4.416e-09 4.416e-09 ( 0.00%)  
U171                       0.0000 5.534e-14 4.416e-09 4.416e-09 ( 0.00%)  
U173                       0.0000 5.534e-14 4.416e-09 4.416e-09 ( 0.00%)  
U175                       0.0000 5.534e-14 4.416e-09 4.416e-09 ( 0.00%)  
U177                       0.0000 5.534e-14 4.416e-09 4.416e-09 ( 0.00%)  
U179                       0.0000 5.534e-14 4.416e-09 4.416e-09 ( 0.00%)  
U181                       0.0000 5.534e-14 4.416e-09 4.416e-09 ( 0.00%)  
U183                       0.0000 5.534e-14 4.416e-09 4.416e-09 ( 0.00%)  
U185                       0.0000 5.534e-14 4.416e-09 4.416e-09 ( 0.00%)  
U187                       0.0000 5.534e-14 4.416e-09 4.416e-09 ( 0.00%)  
U189                       0.0000 5.534e-14 4.416e-09 4.416e-09 ( 0.00%)  
U191                       0.0000 2.767e-14 4.416e-09 4.416e-09 ( 0.00%)  
U193                       0.0000 2.767e-14 4.416e-09 4.416e-09 ( 0.00%)  
U195                       0.0000 2.767e-14 4.416e-09 4.416e-09 ( 0.00%)  
U197                       0.0000 2.767e-14 4.416e-09 4.416e-09 ( 0.00%)  
U199                       0.0000 2.767e-14 4.416e-09 4.416e-09 ( 0.00%)  
U201                       0.0000 2.767e-14 4.416e-09 4.416e-09 ( 0.00%)  
U203                       0.0000 2.767e-14 4.416e-09 4.416e-09 ( 0.00%)  
U205                       0.0000 2.767e-14 4.416e-09 4.416e-09 ( 0.00%)  
U207                       0.0000 2.767e-14 4.416e-09 4.416e-09 ( 0.00%)  
U209                       0.0000 2.767e-14 4.416e-09 4.416e-09 ( 0.00%)  
U211                       0.0000 2.767e-14 4.416e-09 4.416e-09 ( 0.00%)  
U213                       0.0000 2.767e-14 4.416e-09 4.416e-09 ( 0.00%)  
U215                       0.0000 2.767e-14 4.416e-09 4.416e-09 ( 0.00%)  
U217                       0.0000 2.767e-14 4.416e-09 4.416e-09 ( 0.00%)  
U219                       0.0000 2.767e-14 4.416e-09 4.416e-09 ( 0.00%)  
U221                       0.0000 2.767e-14 4.416e-09 4.416e-09 ( 0.00%)  
U223                       0.0000 2.767e-14 4.416e-09 4.416e-09 ( 0.00%)  
U225                       0.0000 2.767e-14 4.416e-09 4.416e-09 ( 0.00%)  
U227                       0.0000 2.767e-14 4.416e-09 4.416e-09 ( 0.00%)  
U229                       0.0000 2.767e-14 4.416e-09 4.416e-09 ( 0.00%)  
U231                       0.0000    0.0000 4.416e-09 4.416e-09 ( 0.00%)  
U233                       0.0000    0.0000 4.416e-09 4.416e-09 ( 0.00%)  
U235                       0.0000    0.0000 4.416e-09 4.416e-09 ( 0.00%)  
U237                       0.0000    0.0000 4.416e-09 4.416e-09 ( 0.00%)  
U239                       0.0000    0.0000 4.416e-09 4.416e-09 ( 0.00%)  
U241                       0.0000    0.0000 4.416e-09 4.416e-09 ( 0.00%)  
U243                       0.0000    0.0000 4.416e-09 4.416e-09 ( 0.00%)  
U245                       0.0000    0.0000 4.416e-09 4.416e-09 ( 0.00%)  
U247                       0.0000    0.0000 4.416e-09 4.416e-09 ( 0.00%)  
U249                       0.0000    0.0000 4.416e-09 4.416e-09 ( 0.00%)  
U251                       0.0000    0.0000 4.416e-09 4.416e-09 ( 0.00%)  
U253                       0.0000    0.0000 4.416e-09 4.416e-09 ( 0.00%)  
U255                       0.0000    0.0000 4.416e-09 4.416e-09 ( 0.00%)  
U257                       0.0000    0.0000 4.416e-09 4.416e-09 ( 0.00%)  
U259                       0.0000    0.0000 4.416e-09 4.416e-09 ( 0.00%)  
U261                       0.0000    0.0000 4.416e-09 4.416e-09 ( 0.00%)  
U263                       0.0000    0.0000 4.416e-09 4.416e-09 ( 0.00%)  
U265                       0.0000    0.0000 4.416e-09 4.416e-09 ( 0.00%)  
U267                       0.0000    0.0000 4.416e-09 4.416e-09 ( 0.00%)  
U269                       0.0000    0.0000 4.416e-09 4.416e-09 ( 0.00%)  
U271                       0.0000    0.0000 4.416e-09 4.416e-09 ( 0.00%)  
U273                       0.0000    0.0000 4.416e-09 4.416e-09 ( 0.00%)  
U275                       0.0000    0.0000 4.416e-09 4.416e-09 ( 0.00%)  
U277                       0.0000    0.0000 4.416e-09 4.416e-09 ( 0.00%)  
--------------------------------------------------------------------------------
Totals (402 cells)      9.555e-05 1.700e-05 5.968e-05 1.722e-04 (100.0%)
1
