****************************************
Report : Averaged Power
	-cell_power
	-verbose
	-sort_by cell_internal_power
Design : conv
Version: V-2023.12-SP5-4
Date   : Wed May  6 19:56:40 2026
****************************************

Library(s) Used:

    saed32rvt_tt0p78v25c (File: /usr/local/synopsys/pdk/SAED32_EDK/lib/stdcell_rvt/db_nldm/saed32rvt_tt0p78v25c.db)


Operating Conditions: tt0p78v25c   Library: saed32rvt_tt0p78v25c
Wire Load Model Mode: enclosed

Cell               Design       Wire_model  Library       Selection_type
--------------------------------------------------------------------------------
                   conv         8000        saed32rvt_tt0p78v25c
                                                          automatic-by-area
DP_OP_45_122_6965  conv_DP_OP_45_122_6965_0
                                ForQA       saed32rvt_tt0p78v25c
                                                          automatic-by-area
rem_5_u_div_DP_OP_11_123_3123
                   conv_DP_OP_11_123_3123_0
                                8000        saed32rvt_tt0p78v25c
                                                          automatic-by-area
add_x_1            conv_DW01_inc_2
                                ForQA       saed32rvt_tt0p78v25c
                                                          automatic-by-area

Power-specific unit information :
    Voltage Units = 1 V
    Capacitance Units = 0.001 pf
    Time Units = 1 ns
    Dynamic Power Units = 1 W
    Leakage Power Units = 1 W



  Attributes
  ----------
      a  -  Annotated internal | leakage | switching power 
      b  -  Black-box (unresolved) cell
      c  -  Clock pin internal power only
      d  -  Does not include clock pin internal power
      h  -  Hierarchical cell

                        Internal  Switching Leakage   Total
Cell                    Power     Power     Power     Power    (     %)   Attrs
--------------------------------------------------------------------------------
rem_5_u_div_DP_OP_11_123_3123
                        4.590e-05 1.415e-05 2.597e-05 8.602e-05 (65.68%)  h
DP_OP_45_122_6965       1.139e-06 2.483e-07 1.568e-06 2.956e-06 ( 2.26%)  h
add_x_1                 4.625e-07 4.173e-07 1.006e-06 1.886e-06 ( 1.44%)  h
U156                    1.660e-07 9.602e-08 1.100e-07 3.720e-07 ( 0.28%)  
U489                    1.025e-07 1.071e-07 3.162e-08 2.412e-07 ( 0.18%)  
add_x_10_U12            9.265e-08 1.908e-08 7.401e-08 1.857e-07 ( 0.14%)  
add_x_10_U13            9.224e-08 1.922e-08 7.312e-08 1.846e-07 ( 0.14%)  
add_x_10_U14            8.936e-08 1.850e-08 7.346e-08 1.813e-07 ( 0.14%)  
add_x_10_U11            8.837e-08 1.826e-08 7.379e-08 1.804e-07 ( 0.14%)  
add_x_10_U10            8.460e-08 1.677e-08 7.168e-08 1.731e-07 ( 0.13%)  
add_x_10_U15            8.071e-08 1.733e-08 7.218e-08 1.702e-07 ( 0.13%)  
add_x_9_U13             8.004e-08 1.655e-08 7.242e-08 1.690e-07 ( 0.13%)  
add_x_9_U12             7.980e-08 1.681e-08 7.301e-08 1.696e-07 ( 0.13%)  
add_x_8_U13             7.763e-08 1.591e-08 7.257e-08 1.661e-07 ( 0.13%)  
add_x_9_U11             7.667e-08 1.542e-08 7.247e-08 1.646e-07 ( 0.13%)  
add_x_8_U12             7.556e-08 1.568e-08 7.329e-08 1.645e-07 ( 0.13%)  
add_x_9_U14             7.453e-08 1.551e-08 7.237e-08 1.624e-07 ( 0.12%)  
add_x_8_U14             7.374e-08 1.498e-08 7.197e-08 1.607e-07 ( 0.12%)  
add_x_8_U11             7.158e-08 1.461e-08 7.250e-08 1.587e-07 ( 0.12%)  
add_x_9_U10             7.074e-08 1.444e-08 7.088e-08 1.561e-07 ( 0.12%)  
U280                    6.880e-08 2.402e-08 3.374e-08 1.266e-07 ( 0.10%)  
add_x_8_U15             6.779e-08 1.450e-08 7.156e-08 1.539e-07 ( 0.12%)  
add_x_9_U15             6.777e-08 1.452e-08 7.088e-08 1.532e-07 ( 0.12%)  
add_x_10_U9             6.696e-08 1.109e-08 6.807e-08 1.461e-07 ( 0.11%)  
add_x_8_U10             6.487e-08 1.326e-08 6.941e-08 1.475e-07 ( 0.11%)  
U495                    6.352e-08 2.605e-08 4.827e-08 1.378e-07 ( 0.11%)  
counter_reg_1_          5.888e-08 1.188e-08 1.642e-07 2.349e-07 ( 0.18%)  
q_reg_1_8               5.428e-08 3.713e-09 1.396e-07 1.975e-07 ( 0.15%)  
q_reg_2_7               5.373e-08 1.337e-08 1.396e-07 2.067e-07 ( 0.16%)  
q_reg_0_8               5.291e-08 3.683e-09 1.396e-07 1.962e-07 ( 0.15%)  
add_x_10_U16            5.281e-08 1.356e-08 7.776e-08 1.441e-07 ( 0.11%)  
add_x_9_U9              5.173e-08 8.882e-09 6.919e-08 1.298e-07 ( 0.10%)  
q_reg_4_7               5.138e-08 1.243e-08 1.396e-07 2.034e-07 ( 0.16%)  
q_reg_0_6               5.117e-08 3.534e-09 1.396e-07 1.943e-07 ( 0.15%)  
q_reg_3_7               5.091e-08 1.204e-08 1.396e-07 2.025e-07 ( 0.15%)  
U562                    5.080e-08 1.053e-08 3.497e-08 9.629e-08 ( 0.07%)  
q_reg_4_8               5.027e-08 3.787e-09 1.396e-07 1.936e-07 ( 0.15%)  
add_x_9_U16             4.998e-08 1.226e-08 7.793e-08 1.402e-07 ( 0.11%)  
q_reg_2_8               4.893e-08 3.802e-09 1.396e-07 1.923e-07 ( 0.15%)  
q_reg_3_8               4.889e-08 3.981e-09 1.396e-07 1.924e-07 ( 0.15%)  
q_reg_5_7               4.871e-08 1.179e-08 1.396e-07 2.001e-07 ( 0.15%)  
add_x_8_U16             4.673e-08 1.156e-08 7.786e-08 1.361e-07 ( 0.10%)  
q_reg_0_2               4.622e-08 4.480e-09 1.396e-07 1.903e-07 ( 0.15%)  
add_x_8_U9              4.573e-08 8.177e-09 7.058e-08 1.245e-07 ( 0.10%)  
q_reg_1_2               4.548e-08 3.928e-09 1.396e-07 1.890e-07 ( 0.14%)  
q_reg_2_6               4.537e-08 1.204e-08 1.396e-07 1.970e-07 ( 0.15%)  
add_x_10_U8             4.527e-08 8.004e-09 8.113e-08 1.344e-07 ( 0.10%)  
q_reg_1_1               4.427e-08 1.013e-08 1.396e-07 1.940e-07 ( 0.15%)  
q_reg_2_1               4.383e-08 9.787e-09 1.396e-07 1.932e-07 ( 0.15%)  
q_reg_3_6               4.366e-08 1.204e-08 1.396e-07 1.953e-07 ( 0.15%)  
q_reg_6_8               4.326e-08 3.519e-09 1.396e-07 1.863e-07 ( 0.14%)  
q_reg_5_8               4.283e-08 3.460e-09 1.396e-07 1.859e-07 ( 0.14%)  
q_reg_4_6               4.281e-08 1.218e-08 1.396e-07 1.945e-07 ( 0.15%)  
U564                    4.238e-08 7.105e-09 2.873e-08 7.821e-08 ( 0.06%)  
q_reg_6_7               4.230e-08 1.159e-08 1.396e-07 1.934e-07 ( 0.15%)  
counter_reg_0_          4.102e-08 2.687e-08 1.642e-07 2.321e-07 ( 0.18%)  
q_reg_3_2               4.073e-08 4.164e-09 1.396e-07 1.844e-07 ( 0.14%)  
q_reg_2_2               4.045e-08 4.046e-09 1.396e-07 1.841e-07 ( 0.14%)  
U490                    4.002e-08 1.011e-08 2.760e-08 7.773e-08 ( 0.06%)  
counter_reg_2_          3.915e-08 6.722e-09 1.642e-07 2.101e-07 ( 0.16%)  
q_reg_4_2               3.901e-08 3.868e-09 1.396e-07 1.824e-07 ( 0.14%)  
q_reg_7_8               3.870e-08 3.594e-09 1.396e-07 1.819e-07 ( 0.14%)  
q_reg_6_6               3.853e-08 1.154e-08 1.396e-07 1.896e-07 ( 0.14%)  
q_reg_5_6               3.764e-08 1.090e-08 1.396e-07 1.881e-07 ( 0.14%)  
q_reg_5_2               3.732e-08 3.770e-09 1.396e-07 1.806e-07 ( 0.14%)  
q_reg_6_2               3.718e-08 3.414e-09 1.396e-07 1.801e-07 ( 0.14%)  
q_reg_7_7               3.705e-08 1.120e-08 1.396e-07 1.878e-07 ( 0.14%)  
q_reg_3_1               3.696e-08 9.589e-09 1.396e-07 1.861e-07 ( 0.14%)  
U157                    3.402e-08 4.238e-08 5.591e-08 1.323e-07 ( 0.10%)  
q_reg_4_1               3.395e-08 8.502e-09 1.396e-07 1.820e-07 ( 0.14%)  
q_reg_5_1               3.329e-08 8.254e-09 1.396e-07 1.811e-07 ( 0.14%)  
q_reg_6_1               3.207e-08 7.266e-09 1.396e-07 1.789e-07 ( 0.14%)  
q_reg_7_6               3.193e-08 9.910e-09 1.396e-07 1.814e-07 ( 0.14%)  
q_reg_8_7               3.171e-08 5.620e-09 1.396e-07 1.769e-07 ( 0.14%)  
q_reg_8_8               2.980e-08 3.103e-09 1.396e-07 1.725e-07 ( 0.13%)  
U284                    2.980e-08 2.417e-08 6.959e-08 1.236e-07 ( 0.09%)  
add_x_9_U8              2.951e-08 4.509e-09 8.161e-08 1.156e-07 ( 0.09%)  
q_reg_1_6               2.943e-08 6.715e-09 1.649e-07 2.011e-07 ( 0.15%)  
U542                    2.885e-08 6.474e-09 4.038e-08 7.570e-08 ( 0.06%)  
U541                    2.879e-08 8.893e-09 4.032e-08 7.801e-08 ( 0.06%)  
add_x_10_U7             2.874e-08 4.403e-09 8.326e-08 1.164e-07 ( 0.09%)  
q_reg_1_7               2.871e-08 1.317e-08 1.632e-07 2.051e-07 ( 0.16%)  
U533                    2.850e-08 8.803e-09 4.025e-08 7.755e-08 ( 0.06%)  
U550                    2.808e-08 8.669e-09 4.046e-08 7.721e-08 ( 0.06%)  
q_reg_7_2               2.791e-08 2.803e-09 1.396e-07 1.703e-07 ( 0.13%)  
q_reg_0_5               2.730e-08 4.485e-09 1.396e-07 1.713e-07 ( 0.13%)  
q_reg_0_4               2.729e-08 3.597e-09 1.396e-07 1.704e-07 ( 0.13%)  
U515                    2.726e-08 8.419e-09 4.032e-08 7.600e-08 ( 0.06%)  
hr_0_reg_0_1            2.717e-08    0.0000 1.396e-07 1.667e-07 ( 0.13%)  
U552                    2.716e-08 8.383e-09 4.034e-08 7.588e-08 ( 0.06%)  
hr_0_reg_0_             2.714e-08    0.0000 1.396e-07 1.667e-07 ( 0.13%)  
U524                    2.696e-08 8.341e-09 4.028e-08 7.558e-08 ( 0.06%)  
U514                    2.667e-08 8.236e-09 4.028e-08 7.519e-08 ( 0.06%)  
U532                    2.598e-08 8.016e-09 4.039e-08 7.439e-08 ( 0.06%)  
U523                    2.596e-08 8.012e-09 4.032e-08 7.429e-08 ( 0.06%)  
U506                    2.582e-08 7.981e-09 4.034e-08 7.414e-08 ( 0.06%)  
add_x_8_U8              2.557e-08 3.676e-09 8.177e-08 1.110e-07 ( 0.08%)  
U436                    2.535e-08 2.960e-11 6.959e-08 9.497e-08 ( 0.07%)  
hr_3_reg_0_1            2.526e-08    0.0000 1.396e-07 1.648e-07 ( 0.13%)  
hr_3_reg_0_             2.523e-08    0.0000 1.396e-07 1.648e-07 ( 0.13%)  
q_reg_3_4               2.514e-08 3.343e-09 1.396e-07 1.680e-07 ( 0.13%)  
U543                    2.500e-08 5.614e-09 4.027e-08 7.088e-08 ( 0.05%)  
q_reg_3_5               2.487e-08 4.169e-09 1.396e-07 1.686e-07 ( 0.13%)  
U560                    2.478e-08 4.595e-09 3.440e-08 6.377e-08 ( 0.05%)  
U556                    2.457e-08 7.573e-09 4.071e-08 7.285e-08 ( 0.06%)  
hr_2_reg_0_1            2.454e-08    0.0000 1.396e-07 1.641e-07 ( 0.13%)  
hr_2_reg_0_             2.451e-08    0.0000 1.396e-07 1.641e-07 ( 0.13%)  
U437                    2.421e-08 2.828e-11 6.959e-08 9.383e-08 ( 0.07%)  
U547                    2.413e-08 7.452e-09 4.057e-08 7.214e-08 ( 0.06%)  
U435                    2.412e-08 2.817e-11 6.959e-08 9.373e-08 ( 0.07%)  
U534                    2.405e-08 7.433e-09 4.024e-08 7.172e-08 ( 0.05%)  
q_reg_0_1               2.398e-08 5.287e-09 1.396e-07 1.688e-07 ( 0.13%)  
q_reg_5_4               2.387e-08 3.027e-09 1.396e-07 1.665e-07 ( 0.13%)  
hr_1_reg_0_1            2.383e-08    0.0000 1.396e-07 1.634e-07 ( 0.12%)  
hr_1_reg_0_             2.380e-08    0.0000 1.396e-07 1.634e-07 ( 0.12%)  
q_reg_0_                2.372e-08 2.946e-09 1.396e-07 1.662e-07 ( 0.13%)  
U438                    2.364e-08 2.761e-11 6.959e-08 9.326e-08 ( 0.07%)  
q_reg_2_5               2.363e-08 4.051e-09 1.396e-07 1.672e-07 ( 0.13%)  
U548                    2.353e-08 7.254e-09 4.045e-08 7.123e-08 ( 0.05%)  
hr_4_reg_0_1            2.347e-08    0.0000 1.396e-07 1.630e-07 ( 0.12%)  
U439                    2.345e-08 2.739e-11 6.959e-08 9.307e-08 ( 0.07%)  
hr_4_reg_0_             2.344e-08    0.0000 1.396e-07 1.630e-07 ( 0.12%)  
U539                    2.328e-08 7.182e-09 4.049e-08 7.095e-08 ( 0.05%)  
q_reg_1_4               2.321e-08 3.154e-09 1.396e-07 1.659e-07 ( 0.13%)  
U525                    2.317e-08 7.154e-09 4.039e-08 7.071e-08 ( 0.05%)  
q_reg_4_5               2.311e-08 3.873e-09 1.396e-07 1.665e-07 ( 0.13%)  
U496                    2.294e-08 7.087e-09 4.029e-08 7.032e-08 ( 0.05%)  
U432                    2.289e-08 2.673e-11 6.959e-08 9.250e-08 ( 0.07%)  
hr_5_reg_0_1            2.287e-08    0.0000 1.396e-07 1.624e-07 ( 0.12%)  
hr_5_reg_0_             2.284e-08    0.0000 1.396e-07 1.624e-07 ( 0.12%)  
U505                    2.276e-08 7.018e-09 4.035e-08 7.013e-08 ( 0.05%)  
q_reg_2_4               2.276e-08 3.248e-09 1.396e-07 1.656e-07 ( 0.13%)  
U516                    2.273e-08 7.013e-09 4.029e-08 7.003e-08 ( 0.05%)  
q_reg_5_5               2.262e-08 3.775e-09 1.396e-07 1.659e-07 ( 0.13%)  
q_reg_4_4               2.259e-08 3.106e-09 1.396e-07 1.653e-07 ( 0.13%)  
U497                    2.246e-08 6.930e-09 4.041e-08 6.980e-08 ( 0.05%)  
U433                    2.241e-08 2.617e-11 6.959e-08 9.202e-08 ( 0.07%)  
q_reg_1_5               2.218e-08 3.933e-09 1.396e-07 1.657e-07 ( 0.13%)  
U434                    2.203e-08 2.573e-11 6.959e-08 9.164e-08 ( 0.07%)  
U424                    2.203e-08 8.382e-09 2.444e-08 5.485e-08 ( 0.04%)  
U158                    2.202e-08 1.624e-07 8.436e-09 1.928e-07 ( 0.15%)  
U529                    2.160e-08 6.672e-09 4.034e-08 6.861e-08 ( 0.05%)  
U538                    2.146e-08 6.627e-09 4.040e-08 6.849e-08 ( 0.05%)  
q_reg_6_4               2.140e-08 2.742e-09 1.396e-07 1.637e-07 ( 0.12%)  
q_reg_6_5               2.133e-08 3.419e-09 1.396e-07 1.643e-07 ( 0.13%)  
counter_reg_3_          2.095e-08 2.050e-09 1.642e-07 1.872e-07 ( 0.14%)  
q_reg_7_1               2.081e-08 5.585e-09 1.396e-07 1.660e-07 ( 0.13%)  
q_reg_1_                2.073e-08 4.779e-09 1.396e-07 1.651e-07 ( 0.13%)  
U520                    2.072e-08 6.391e-09 4.047e-08 6.758e-08 ( 0.05%)  
hr_6_reg_0_1            2.072e-08    0.0000 1.396e-07 1.603e-07 ( 0.12%)  
hr_6_reg_0_             2.069e-08    0.0000 1.396e-07 1.602e-07 ( 0.12%)  
U594                    2.053e-08 6.341e-09 4.046e-08 6.733e-08 ( 0.05%)  
U498                    2.044e-08 6.313e-09 4.009e-08 6.684e-08 ( 0.05%)  
q_reg_3_                2.004e-08 7.908e-09 1.396e-07 1.675e-07 ( 0.13%)  
U507                    1.999e-08 6.167e-09 4.021e-08 6.636e-08 ( 0.05%)  
U511                    1.981e-08 6.115e-09 4.056e-08 6.648e-08 ( 0.05%)  
U431                    1.976e-08 2.308e-11 6.959e-08 8.937e-08 ( 0.07%)  
U502                    1.971e-08 6.091e-09 4.047e-08 6.627e-08 ( 0.05%)  
U595                    1.966e-08 6.070e-09 4.052e-08 6.625e-08 ( 0.05%)  
U530                    1.962e-08 6.055e-09 4.031e-08 6.599e-08 ( 0.05%)  
q_reg_9_7               1.910e-08 3.645e-09 1.396e-07 1.623e-07 ( 0.12%)  
q_reg_8_6               1.904e-08 6.895e-09 1.396e-07 1.655e-07 ( 0.13%)  
q_reg_9_8               1.884e-08 2.180e-09 1.396e-07 1.606e-07 ( 0.12%)  
q_reg_2_                1.881e-08 7.760e-09 1.396e-07 1.661e-07 ( 0.13%)  
U421                    1.836e-08 1.316e-08 6.959e-08 1.011e-07 ( 0.08%)  
U521                    1.803e-08 5.562e-09 4.042e-08 6.401e-08 ( 0.05%)  
U512                    1.768e-08 5.455e-09 4.057e-08 6.370e-08 ( 0.05%)  
hr_7_reg_0_1            1.701e-08    0.0000 1.396e-07 1.566e-07 ( 0.12%)  
U503                    1.700e-08 5.255e-09 4.069e-08 6.294e-08 ( 0.05%)  
q_reg_8_2               1.699e-08 2.428e-09 1.396e-07 1.590e-07 ( 0.12%)  
hr_7_reg_0_             1.698e-08    0.0000 1.396e-07 1.565e-07 ( 0.12%)  
U596                    1.693e-08 5.231e-09 4.045e-08 6.261e-08 ( 0.05%)  
q_reg_7_4               1.686e-08 2.251e-09 1.396e-07 1.587e-07 ( 0.12%)  
U591                    1.684e-08 5.195e-09 4.007e-08 6.210e-08 ( 0.05%)  
q_reg_7_5               1.678e-08 2.808e-09 1.396e-07 1.591e-07 ( 0.12%)  
U561                    1.669e-08 6.589e-09 1.011e-08 3.339e-08 ( 0.03%)  
q_reg_4_                1.654e-08 6.870e-09 1.396e-07 1.630e-07 ( 0.12%)  
q_reg_0_7               1.624e-08 6.341e-09 1.641e-07 1.867e-07 ( 0.14%)  
U590                    1.581e-08 4.883e-09 4.026e-08 6.095e-08 ( 0.05%)  
U551                    1.533e-08 3.411e-09 4.034e-08 5.907e-08 ( 0.05%)  
q_reg_8_4               1.526e-08 1.951e-09 1.396e-07 1.568e-07 ( 0.12%)  
U600                    1.484e-08 4.573e-09 4.033e-08 5.974e-08 ( 0.05%)  
hr_8_reg_0_1            1.474e-08    0.0000 1.396e-07 1.543e-07 ( 0.12%)  
hr_8_reg_0_             1.471e-08    0.0000 1.396e-07 1.543e-07 ( 0.12%)  
q_reg_8_5               1.465e-08 2.433e-09 1.396e-07 1.566e-07 ( 0.12%)  
q_reg_5_                1.462e-08 6.030e-09 1.396e-07 1.602e-07 ( 0.12%)  
U553                    1.450e-08 4.473e-09 4.071e-08 5.968e-08 ( 0.05%)  
U554                    1.449e-08 4.471e-09 4.071e-08 5.967e-08 ( 0.05%)  
q_reg_8_1               1.396e-08 2.777e-09 1.396e-07 1.563e-07 ( 0.12%)  
q_reg_6_                1.390e-08 5.437e-09 1.396e-07 1.589e-07 ( 0.12%)  
U430                    1.388e-08 1.621e-11 6.959e-08 8.349e-08 ( 0.06%)  
U527                    1.336e-08 4.120e-09 4.035e-08 5.783e-08 ( 0.04%)  
U526                    1.322e-08 4.075e-09 4.035e-08 5.764e-08 ( 0.04%)  
U558                    1.292e-08 3.887e-09 4.054e-08 5.735e-08 ( 0.04%)  
counter_reg_4_          1.290e-08 1.639e-09 1.643e-07 1.788e-07 ( 0.14%)  
U557                    1.282e-08 3.930e-09 4.054e-08 5.729e-08 ( 0.04%)  
U509                    1.266e-08 3.911e-09 4.055e-08 5.712e-08 ( 0.04%)  
U535                    1.257e-08 3.872e-09 4.040e-08 5.685e-08 ( 0.04%)  
U545                    1.234e-08 3.803e-09 4.055e-08 5.670e-08 ( 0.04%)  
U517                    1.228e-08 3.787e-09 4.046e-08 5.653e-08 ( 0.04%)  
U536                    1.213e-08 3.729e-09 4.040e-08 5.626e-08 ( 0.04%)  
U508                    1.202e-08 3.706e-09 4.055e-08 5.628e-08 ( 0.04%)  
U518                    1.202e-08 3.701e-09 4.046e-08 5.618e-08 ( 0.04%)  
U544                    1.182e-08 3.634e-09 4.055e-08 5.600e-08 ( 0.04%)  
U500                    1.135e-08 3.505e-09 4.046e-08 5.532e-08 ( 0.04%)  
U499                    1.132e-08 3.496e-09 4.046e-08 5.528e-08 ( 0.04%)  
U549                    1.131e-08 3.396e-09 4.034e-08 5.505e-08 ( 0.04%)  
U601                    1.104e-08 3.410e-09 4.012e-08 5.458e-08 ( 0.04%)  
U531                    1.090e-08 3.284e-09 4.056e-08 5.474e-08 ( 0.04%)  
U281                    1.052e-08 1.019e-08 3.388e-08 5.459e-08 ( 0.04%)  
U540                    1.024e-08 3.081e-09 4.038e-08 5.370e-08 ( 0.04%)  
U585                    1.014e-08 3.129e-09 4.067e-08 5.394e-08 ( 0.04%)  
U592                    1.011e-08 3.119e-09 4.005e-08 5.327e-08 ( 0.04%)  
U584                    1.000e-08 3.086e-09 4.040e-08 5.349e-08 ( 0.04%)  
U420                    9.788e-09 2.929e-09 6.959e-08 8.230e-08 ( 0.06%)  
add_x_9_U7              9.460e-09 1.003e-09 8.465e-08 9.511e-08 ( 0.07%)  
U488                    9.303e-09 8.638e-09 4.416e-09 2.236e-08 ( 0.02%)  
U588                    9.019e-09 2.783e-09 4.072e-08 5.252e-08 ( 0.04%)  
U522                    9.011e-09 2.709e-09 4.031e-08 5.203e-08 ( 0.04%)  
U598                    8.958e-09 2.762e-09 4.034e-08 5.206e-08 ( 0.04%)  
U597                    8.921e-09 2.750e-09 4.034e-08 5.201e-08 ( 0.04%)  
U493                    8.291e-09 4.130e-09 8.495e-08 9.737e-08 ( 0.07%)  
U586                    8.094e-09 2.500e-09 4.072e-08 5.131e-08 ( 0.04%)  
U513                    7.963e-09 2.395e-09 4.035e-08 5.071e-08 ( 0.04%)  
add_x_10_U6             7.932e-09 6.790e-10 8.538e-08 9.399e-08 ( 0.07%)  
U593                    7.782e-09 2.400e-09 4.072e-08 5.090e-08 ( 0.04%)  
U559                    7.764e-09 1.256e-09 1.745e-08 2.647e-08 ( 0.02%)  
U504                    7.558e-09 2.278e-09 4.083e-08 5.067e-08 ( 0.04%)  
U589                    7.399e-09 2.288e-09 4.132e-08 5.101e-08 ( 0.04%)  
U161                    7.365e-09 8.420e-10 2.493e-08 3.314e-08 ( 0.03%)  
U423                    6.912e-09 5.840e-09 2.579e-08 3.854e-08 ( 0.03%)  
add_x_8_U7              6.882e-09 6.749e-10 8.518e-08 9.273e-08 ( 0.07%)  
U163                    6.261e-09 7.932e-09 3.102e-08 4.522e-08 ( 0.03%)  
temp_reg                6.086e-09 3.542e-12 1.674e-07 1.734e-07 ( 0.13%)  
q_reg_9_6               5.949e-09 1.161e-09 1.396e-07 1.467e-07 ( 0.11%)  
U425                    5.452e-09 1.916e-09 6.823e-08 7.560e-08 ( 0.06%)  
counter_reg_5_          5.218e-09 5.091e-10 1.640e-07 1.697e-07 ( 0.13%)  
q_reg_7_                4.902e-09 1.977e-09 1.396e-07 1.464e-07 ( 0.11%)  
U283                    4.714e-09 9.498e-10 1.772e-08 2.339e-08 ( 0.02%)  
q_reg_9_4               4.014e-09 4.946e-10 1.396e-07 1.441e-07 ( 0.11%)  
q_reg_9_2               4.000e-09 6.118e-10 1.396e-07 1.442e-07 ( 0.11%)  
q_reg_9_5               3.854e-09 6.168e-10 1.396e-07 1.440e-07 ( 0.11%)  
hr_9_reg_0_1            3.737e-09    0.0000 1.396e-07 1.433e-07 ( 0.11%)  
hr_9_reg_0_             3.707e-09    0.0000 1.396e-07 1.433e-07 ( 0.11%)  
U165                    3.630e-09 5.135e-10 3.553e-08 3.967e-08 ( 0.03%)  
q_reg_10_7              3.476e-09 5.741e-10 1.396e-07 1.436e-07 ( 0.11%)  
U429                    3.460e-09 4.040e-12 6.959e-08 7.305e-08 ( 0.06%)  
U578                    3.153e-09 9.746e-10 4.135e-08 4.548e-08 ( 0.03%)  
U563                    3.037e-09 2.615e-09 4.416e-09 1.007e-08 ( 0.01%)  
q_reg_9_1               3.011e-09 6.675e-10 1.396e-07 1.432e-07 ( 0.11%)  
U491                    2.890e-09 2.493e-09 4.416e-09 9.799e-09 ( 0.01%)  
U160                    2.831e-09 9.514e-10 6.959e-08 7.337e-08 ( 0.06%)  
U279                    2.714e-09 1.615e-09 2.089e-08 2.522e-08 ( 0.02%)  
counter_reg_6_          2.708e-09 2.681e-10 1.629e-07 1.659e-07 ( 0.13%)  
U602                    2.668e-09 8.031e-10 4.140e-08 4.487e-08 ( 0.03%)  
U282                    2.465e-09 4.304e-09 8.436e-09 1.521e-08 ( 0.01%)  
U571                    2.465e-09 5.517e-10 4.165e-08 4.466e-08 ( 0.03%)  
U582                    2.129e-09 6.553e-10 4.144e-08 4.423e-08 ( 0.03%)  
U580                    2.127e-09 6.577e-10 4.144e-08 4.423e-08 ( 0.03%)  
q_reg_10_8              2.069e-09 5.431e-10 1.460e-07 1.486e-07 ( 0.11%)  
U579                    2.046e-09 6.315e-10 4.144e-08 4.412e-08 ( 0.03%)  
U572                    1.842e-09 5.695e-10 4.180e-08 4.421e-08 ( 0.03%)  
U422                    1.713e-09 8.682e-10 5.063e-09 7.645e-09 ( 0.01%)  
U162                    1.643e-09 1.485e-09 4.416e-09 7.544e-09 ( 0.01%)  
U583                    1.607e-09 4.933e-10 4.168e-08 4.378e-08 ( 0.03%)  
U155                    1.585e-09 4.205e-09 4.416e-09 1.021e-08 ( 0.01%)  
q_reg_10_2              9.600e-10    0.0000 1.396e-07 1.405e-07 ( 0.11%)  
counter_reg_8_          8.877e-10 3.056e-11 1.599e-07 1.608e-07 ( 0.12%)  
add_x_9_U6              8.626e-10 8.235e-11 8.626e-08 8.721e-08 ( 0.07%)  
counter_reg_7_          8.292e-10 1.238e-10 1.624e-07 1.633e-07 ( 0.12%)  
U164                    8.084e-10 2.207e-09 4.416e-09 7.432e-09 ( 0.01%)  
U577                    5.108e-10 1.573e-10 4.200e-08 4.267e-08 ( 0.03%)  
q_reg_5_3               3.491e-10 3.027e-09 1.396e-07 1.429e-07 ( 0.11%)  
q_reg_9_3               3.491e-10 4.946e-10 1.396e-07 1.404e-07 ( 0.11%)  
U573                    2.657e-10 5.881e-11 4.201e-08 4.233e-08 ( 0.03%)  
U494                    2.641e-10 2.634e-10 4.416e-09 4.944e-09 ( 0.00%)  
q_reg_0_3               2.618e-10 3.597e-09 1.396e-07 1.434e-07 ( 0.11%)  
q_reg_1_3               2.618e-10 3.154e-09 1.396e-07 1.430e-07 ( 0.11%)  
q_reg_2_3               2.618e-10 3.248e-09 1.396e-07 1.431e-07 ( 0.11%)  
q_reg_3_3               2.618e-10 3.343e-09 1.396e-07 1.432e-07 ( 0.11%)  
q_reg_6_3               2.618e-10 2.742e-09 1.396e-07 1.426e-07 ( 0.11%)  
q_reg_7_3               2.618e-10 2.251e-09 1.396e-07 1.421e-07 ( 0.11%)  
q_reg_8_3               2.618e-10 1.951e-09 1.396e-07 1.418e-07 ( 0.11%)  
q_reg_10_3              2.618e-10 3.957e-12 1.396e-07 1.398e-07 ( 0.11%)  
U492                    2.465e-10 2.324e-10 4.416e-09 4.895e-09 ( 0.00%)  
q_reg_4_3               2.327e-10 3.106e-09 1.396e-07 1.429e-07 ( 0.11%)  
q_reg_10_6              2.204e-10 1.469e-10 1.410e-07 1.414e-07 ( 0.11%)  
U510                    2.003e-10 5.719e-11 4.007e-08 4.033e-08 ( 0.03%)  
U581                    2.003e-10 5.719e-11 4.007e-08 4.033e-08 ( 0.03%)  
add_x_10_U5             1.690e-10 7.843e-12 8.637e-08 8.654e-08 ( 0.07%)  
U501                    1.504e-10 4.289e-11 4.007e-08 4.027e-08 ( 0.03%)  
U528                    1.504e-10 4.289e-11 4.007e-08 4.027e-08 ( 0.03%)  
U537                    1.504e-10 4.289e-11 4.007e-08 4.027e-08 ( 0.03%)  
U546                    1.504e-10 4.289e-11 4.007e-08 4.027e-08 ( 0.03%)  
U555                    1.504e-10 4.289e-11 4.007e-08 4.027e-08 ( 0.03%)  
U576                    1.504e-10 4.289e-11 4.007e-08 4.027e-08 ( 0.03%)  
U587                    1.504e-10 4.289e-11 4.007e-08 4.027e-08 ( 0.03%)  
U599                    1.504e-10 4.289e-11 4.007e-08 4.027e-08 ( 0.03%)  
U519                    1.346e-10 3.813e-11 4.007e-08 4.025e-08 ( 0.03%)  
add_x_10_U4             4.843e-11 7.843e-12 8.639e-08 8.644e-08 ( 0.07%)  
U426                    4.739e-11 5.534e-14 6.959e-08 6.963e-08 ( 0.05%)  
U427                    4.739e-11 5.534e-14 6.959e-08 6.963e-08 ( 0.05%)  
U428                    4.739e-11 5.534e-14 6.959e-08 6.963e-08 ( 0.05%)  
hr_10_reg_0_1           2.989e-11    0.0000 1.396e-07 1.396e-07 ( 0.11%)  
U166                    2.485e-11 2.101e-10 1.799e-08 1.822e-08 ( 0.01%)  
U167                    2.485e-11 2.101e-10 1.799e-08 1.822e-08 ( 0.01%)  
U168                    2.485e-11 2.101e-10 1.799e-08 1.822e-08 ( 0.01%)  
U159                    8.269e-12 9.994e-11 4.416e-09 4.524e-09 ( 0.00%)  
U566                    1.874e-12    0.0000 4.203e-08 4.203e-08 ( 0.03%)  
U569                    1.819e-12    0.0000 4.203e-08 4.203e-08 ( 0.03%)  
U568                    1.819e-12    0.0000 4.203e-08 4.203e-08 ( 0.03%)  
U567                    1.812e-12    0.0000 4.203e-08 4.203e-08 ( 0.03%)  
U574                    1.160e-12    0.0000 4.203e-08 4.203e-08 ( 0.03%)  
U575                    1.160e-12    0.0000 4.203e-08 4.203e-08 ( 0.03%)  
U565                    5.118e-13    0.0000 4.203e-08 4.203e-08 ( 0.03%)  
U570                    5.118e-13    0.0000 4.203e-08 4.203e-08 ( 0.03%)  
U169                       0.0000 5.534e-14 4.416e-09 4.416e-09 ( 0.00%)  
U171                       0.0000 5.534e-14 4.416e-09 4.416e-09 ( 0.00%)  
U173                       0.0000 5.534e-14 4.416e-09 4.416e-09 ( 0.00%)  
U175                       0.0000 5.534e-14 4.416e-09 4.416e-09 ( 0.00%)  
U177                       0.0000 5.534e-14 4.416e-09 4.416e-09 ( 0.00%)  
U179                       0.0000 5.534e-14 4.416e-09 4.416e-09 ( 0.00%)  
U181                       0.0000 5.534e-14 4.416e-09 4.416e-09 ( 0.00%)  
U183                       0.0000 5.534e-14 4.416e-09 4.416e-09 ( 0.00%)  
U185                       0.0000 5.534e-14 4.416e-09 4.416e-09 ( 0.00%)  
U187                       0.0000 5.534e-14 4.416e-09 4.416e-09 ( 0.00%)  
U189                       0.0000 5.534e-14 4.416e-09 4.416e-09 ( 0.00%)  
U191                       0.0000 2.767e-14 4.416e-09 4.416e-09 ( 0.00%)  
U193                       0.0000 2.767e-14 4.416e-09 4.416e-09 ( 0.00%)  
U195                       0.0000 2.767e-14 4.416e-09 4.416e-09 ( 0.00%)  
U197                       0.0000 2.767e-14 4.416e-09 4.416e-09 ( 0.00%)  
U199                       0.0000 2.767e-14 4.416e-09 4.416e-09 ( 0.00%)  
U201                       0.0000 2.767e-14 4.416e-09 4.416e-09 ( 0.00%)  
U203                       0.0000 2.767e-14 4.416e-09 4.416e-09 ( 0.00%)  
U205                       0.0000 2.767e-14 4.416e-09 4.416e-09 ( 0.00%)  
U207                       0.0000 2.767e-14 4.416e-09 4.416e-09 ( 0.00%)  
U209                       0.0000 2.767e-14 4.416e-09 4.416e-09 ( 0.00%)  
U211                       0.0000 2.767e-14 4.416e-09 4.416e-09 ( 0.00%)  
U213                       0.0000 2.767e-14 4.416e-09 4.416e-09 ( 0.00%)  
U215                       0.0000 2.767e-14 4.416e-09 4.416e-09 ( 0.00%)  
U217                       0.0000 2.767e-14 4.416e-09 4.416e-09 ( 0.00%)  
U219                       0.0000 2.767e-14 4.416e-09 4.416e-09 ( 0.00%)  
U221                       0.0000 2.767e-14 4.416e-09 4.416e-09 ( 0.00%)  
U223                       0.0000 2.767e-14 4.416e-09 4.416e-09 ( 0.00%)  
U225                       0.0000 2.767e-14 4.416e-09 4.416e-09 ( 0.00%)  
U227                       0.0000 2.767e-14 4.416e-09 4.416e-09 ( 0.00%)  
U229                       0.0000 2.767e-14 4.416e-09 4.416e-09 ( 0.00%)  
U231                       0.0000    0.0000 4.416e-09 4.416e-09 ( 0.00%)  
U233                       0.0000    0.0000 4.416e-09 4.416e-09 ( 0.00%)  
U235                       0.0000    0.0000 4.416e-09 4.416e-09 ( 0.00%)  
U237                       0.0000    0.0000 4.416e-09 4.416e-09 ( 0.00%)  
U239                       0.0000    0.0000 4.416e-09 4.416e-09 ( 0.00%)  
U241                       0.0000    0.0000 4.416e-09 4.416e-09 ( 0.00%)  
U243                       0.0000    0.0000 4.416e-09 4.416e-09 ( 0.00%)  
U245                       0.0000    0.0000 4.416e-09 4.416e-09 ( 0.00%)  
U247                       0.0000    0.0000 4.416e-09 4.416e-09 ( 0.00%)  
U249                       0.0000    0.0000 4.416e-09 4.416e-09 ( 0.00%)  
U251                       0.0000    0.0000 4.416e-09 4.416e-09 ( 0.00%)  
U253                       0.0000    0.0000 4.416e-09 4.416e-09 ( 0.00%)  
U255                       0.0000    0.0000 4.416e-09 4.416e-09 ( 0.00%)  
U257                       0.0000    0.0000 4.416e-09 4.416e-09 ( 0.00%)  
U259                       0.0000    0.0000 4.416e-09 4.416e-09 ( 0.00%)  
U261                       0.0000    0.0000 4.416e-09 4.416e-09 ( 0.00%)  
U263                       0.0000    0.0000 4.416e-09 4.416e-09 ( 0.00%)  
U265                       0.0000    0.0000 4.416e-09 4.416e-09 ( 0.00%)  
U267                       0.0000    0.0000 4.416e-09 4.416e-09 ( 0.00%)  
U269                       0.0000    0.0000 4.416e-09 4.416e-09 ( 0.00%)  
U271                       0.0000    0.0000 4.416e-09 4.416e-09 ( 0.00%)  
U273                       0.0000    0.0000 4.416e-09 4.416e-09 ( 0.00%)  
U275                       0.0000    0.0000 4.416e-09 4.416e-09 ( 0.00%)  
U277                       0.0000    0.0000 4.416e-09 4.416e-09 ( 0.00%)  
hr_0_reg_1_                0.0000    0.0000 1.396e-07 1.396e-07 ( 0.11%)  
hr_0_reg_1_1               0.0000 6.068e-09 1.511e-07 1.572e-07 ( 0.12%)  
hr_1_reg_1_                0.0000    0.0000 1.396e-07 1.396e-07 ( 0.11%)  
hr_1_reg_1_1               0.0000 9.848e-09 1.396e-07 1.494e-07 ( 0.11%)  
hr_2_reg_1_                0.0000    0.0000 1.396e-07 1.396e-07 ( 0.11%)  
hr_2_reg_1_1               0.0000 1.015e-08 1.396e-07 1.497e-07 ( 0.11%)  
hr_3_reg_1_                0.0000    0.0000 1.396e-07 1.396e-07 ( 0.11%)  
hr_3_reg_1_1               0.0000 1.044e-08 1.396e-07 1.500e-07 ( 0.11%)  
hr_4_reg_1_                0.0000    0.0000 1.396e-07 1.396e-07 ( 0.11%)  
hr_4_reg_1_1               0.0000 9.700e-09 1.396e-07 1.493e-07 ( 0.11%)  
hr_5_reg_1_                0.0000    0.0000 1.396e-07 1.396e-07 ( 0.11%)  
hr_5_reg_1_1               0.0000 9.453e-09 1.396e-07 1.490e-07 ( 0.11%)  
hr_6_reg_1_                0.0000    0.0000 1.396e-07 1.396e-07 ( 0.11%)  
hr_6_reg_1_1               0.0000 8.563e-09 1.396e-07 1.481e-07 ( 0.11%)  
hr_7_reg_1_                0.0000    0.0000 1.396e-07 1.396e-07 ( 0.11%)  
hr_7_reg_1_1               0.0000 7.031e-09 1.396e-07 1.466e-07 ( 0.11%)  
hr_8_reg_1_                0.0000    0.0000 1.396e-07 1.396e-07 ( 0.11%)  
hr_8_reg_1_1               0.0000 3.291e-09 1.396e-07 1.428e-07 ( 0.11%)  
hr_9_reg_1_                0.0000    0.0000 1.396e-07 1.396e-07 ( 0.11%)  
hr_9_reg_1_1               0.0000 8.344e-10 1.396e-07 1.404e-07 ( 0.11%)  
hr_10_reg_0_               0.0000    0.0000 1.396e-07 1.396e-07 ( 0.11%)  
hr_10_reg_1_               0.0000    0.0000 1.396e-07 1.396e-07 ( 0.11%)  
hr_10_reg_1_1              0.0000 6.675e-12 1.396e-07 1.396e-07 ( 0.11%)  
q_reg_10_4                 0.0000 3.957e-12 1.396e-07 1.396e-07 ( 0.11%)  
q_reg_10_5                 0.0000 4.934e-12 1.396e-07 1.396e-07 ( 0.11%)  
q_reg_11_6                 0.0000 1.335e-11 1.396e-07 1.396e-07 ( 0.11%)  
q_reg_11_7                 0.0000 1.335e-11 1.407e-07 1.407e-07 ( 0.11%)  
q_reg_11_8                 0.0000 7.440e-12 1.407e-07 1.407e-07 ( 0.11%)  
q_reg_12_7                 0.0000 1.335e-11 1.396e-07 1.396e-07 ( 0.11%)  
q_reg_12_8                 0.0000 7.440e-12 1.407e-07 1.407e-07 ( 0.11%)  
q_reg_13_8                 0.0000 7.440e-12 1.407e-07 1.407e-07 ( 0.11%)  
--------------------------------------------------------------------------------
Totals (402 cells)      5.458e-05 1.677e-05 5.962e-05 1.310e-04 (100.0%)
1
