Information: Using automatic max wire load selection group 'predcaps'. (ENV-003)
Information: Using automatic min wire load selection group 'predcaps'. (ENV-003)
Warning: Some timing arcs have been disabled for breaking timing loops or because of constant propagation. Use the 'report_disable_timing' command to get the list of these disabled timing arcs. (PTE-003)
Information: Building multi voltage information for entire design. (MV-022)
Information: Running averaged power analysis... (PWR-601)
Information: Running power calculation with 4 threads. (PWR-602)
****************************************
Report : Averaged Power
	-verbose
	-nosplit
Design : conv
Version: V-2023.12-SP5-4
Date   : Wed May  6 20:57:31 2026
****************************************

Library(s) Used:

    saed32lvt_ss0p75v125c (File: /usr/local/synopsys/pdk/SAED32_EDK/lib/stdcell_lvt/db_nldm/saed32lvt_ss0p75v125c.db)


Operating Conditions: ss0p75v125c   Library: saed32lvt_ss0p75v125c
Wire Load Model Mode: enclosed

Cell               Design       Wire_model  Library       Selection_type
--------------------------------------------------------------------------------
                   conv         8000        saed32lvt_ss0p75v125c automatic-by-area
DP_OP_45_122_6965  conv_DP_OP_45_122_6965_0 ForQA saed32lvt_ss0p75v125c automatic-by-area
rem_5_u_div_DP_OP_11_123_3123 conv_DP_OP_11_123_3123_0 8000 saed32lvt_ss0p75v125c automatic-by-area
add_x_1            conv_DW01_inc_3 ForQA    saed32lvt_ss0p75v125c automatic-by-area

Power-specific unit information :
    Voltage Units = 1 V
    Capacitance Units = 0.001 pf
    Time Units = 1 ns
    Dynamic Power Units = 1 W
    Leakage Power Units = 1 W



  Attributes
  ----------
      i  -  Including register clock pin internal power
      u  -  User defined power group

                        Internal  Switching  Leakage    Total
Power Group             Power     Power      Power      Power   (     %)  Attrs
--------------------------------------------------------------------------------
clock_network           4.276e-05    0.0000    0.0000 4.276e-05 ( 6.78%)  i
register                -1.258e-06 2.374e-07 1.867e-04 1.857e-04 (29.43%) 
combinational           1.759e-06 4.727e-07 4.004e-04 4.026e-04 (63.79%)  
sequential                 0.0000    0.0000    0.0000    0.0000 ( 0.00%)  
memory                     0.0000    0.0000    0.0000    0.0000 ( 0.00%)  
io_pad                     0.0000    0.0000    0.0000    0.0000 ( 0.00%)  
black_box                  0.0000    0.0000    0.0000    0.0000 ( 0.00%)  

  Net Switching Power  = 7.101e-07   ( 0.11%)
  Cell Internal Power  = 4.326e-05   ( 6.86%)
  Cell Leakage Power   = 5.871e-04   (93.03%)
                         ---------
Total Power            = 6.311e-04  (100.00%)

1
