****************************************
Report : Averaged Power
	-cell_power
	-verbose
	-sort_by cell_internal_power
Design : conv
Version: V-2023.12-SP5-4
Date   : Wed May  6 20:57:31 2026
****************************************

Library(s) Used:

    saed32lvt_ss0p75v125c (File: /usr/local/synopsys/pdk/SAED32_EDK/lib/stdcell_lvt/db_nldm/saed32lvt_ss0p75v125c.db)


Operating Conditions: ss0p75v125c   Library: saed32lvt_ss0p75v125c
Wire Load Model Mode: enclosed

Cell               Design       Wire_model  Library       Selection_type
--------------------------------------------------------------------------------
                   conv         8000        saed32lvt_ss0p75v125c
                                                          automatic-by-area
DP_OP_45_122_6965  conv_DP_OP_45_122_6965_0
                                ForQA       saed32lvt_ss0p75v125c
                                                          automatic-by-area
rem_5_u_div_DP_OP_11_123_3123
                   conv_DP_OP_11_123_3123_0
                                8000        saed32lvt_ss0p75v125c
                                                          automatic-by-area
add_x_1            conv_DW01_inc_3
                                ForQA       saed32lvt_ss0p75v125c
                                                          automatic-by-area

Power-specific unit information :
    Voltage Units = 1 V
    Capacitance Units = 0.001 pf
    Time Units = 1 ns
    Dynamic Power Units = 1 W
    Leakage Power Units = 1 W



  Attributes
  ----------
      a  -  Annotated internal | leakage | switching power 
      b  -  Black-box (unresolved) cell
      c  -  Clock pin internal power only
      d  -  Does not include clock pin internal power
      h  -  Hierarchical cell

                        Internal  Switching Leakage   Total
Cell                    Power     Power     Power     Power    (     %)   Attrs
--------------------------------------------------------------------------------
q_reg_0_2               3.899e-07 7.309e-10 1.182e-06 1.573e-06 ( 0.25%)  
DP_OP_45_122_6965       3.396e-07 8.350e-08 1.115e-05 1.158e-05 ( 1.83%)  h
q_reg_0_8               3.371e-07 5.479e-10 1.182e-06 1.520e-06 ( 0.24%)  
q_reg_1_2               3.316e-07 2.193e-09 1.182e-06 1.516e-06 ( 0.24%)  
q_reg_1_8               3.263e-07 2.740e-10 1.182e-06 1.508e-06 ( 0.24%)  
q_reg_2_8               3.116e-07 8.219e-10 1.182e-06 1.494e-06 ( 0.24%)  
q_reg_4_1               2.921e-07    0.0000 1.182e-06 1.474e-06 ( 0.23%)  
q_reg_4_7               2.852e-07 2.796e-09 1.182e-06 1.470e-06 ( 0.23%)  
q_reg_0_4               2.792e-07    0.0000 1.182e-06 1.461e-06 ( 0.23%)  
q_reg_1_6               2.789e-07 1.500e-09 1.182e-06 1.462e-06 ( 0.23%)  
q_reg_4_6               2.777e-07 3.728e-09 1.182e-06 1.463e-06 ( 0.23%)  
counter_reg_5_          2.766e-07    0.0000 1.182e-06 1.458e-06 ( 0.23%)  
counter_reg_6_          2.766e-07    0.0000 1.182e-06 1.458e-06 ( 0.23%)  
counter_reg_7_          2.766e-07    0.0000 1.182e-06 1.458e-06 ( 0.23%)  
counter_reg_8_          2.766e-07    0.0000 1.182e-06 1.458e-06 ( 0.23%)  
counter_reg_9_          2.766e-07    0.0000 1.182e-06 1.458e-06 ( 0.23%)  
counter_reg_10_         2.766e-07    0.0000 1.182e-06 1.458e-06 ( 0.23%)  
hr_0_reg_0_1            2.766e-07    0.0000 1.182e-06 1.458e-06 ( 0.23%)  
hr_0_reg_1_1            2.766e-07    0.0000 1.182e-06 1.458e-06 ( 0.23%)  
hr_5_reg_0_             2.766e-07    0.0000 1.182e-06 1.458e-06 ( 0.23%)  
hr_5_reg_0_1            2.766e-07    0.0000 1.182e-06 1.458e-06 ( 0.23%)  
hr_5_reg_1_             2.766e-07    0.0000 1.182e-06 1.458e-06 ( 0.23%)  
hr_5_reg_1_1            2.766e-07    0.0000 1.182e-06 1.458e-06 ( 0.23%)  
hr_6_reg_0_             2.766e-07    0.0000 1.182e-06 1.458e-06 ( 0.23%)  
hr_6_reg_0_1            2.766e-07    0.0000 1.182e-06 1.458e-06 ( 0.23%)  
hr_6_reg_1_             2.766e-07    0.0000 1.182e-06 1.458e-06 ( 0.23%)  
hr_6_reg_1_1            2.766e-07    0.0000 1.182e-06 1.458e-06 ( 0.23%)  
hr_7_reg_0_             2.766e-07    0.0000 1.182e-06 1.458e-06 ( 0.23%)  
hr_7_reg_0_1            2.766e-07    0.0000 1.182e-06 1.458e-06 ( 0.23%)  
hr_7_reg_1_             2.766e-07    0.0000 1.182e-06 1.458e-06 ( 0.23%)  
hr_7_reg_1_1            2.766e-07    0.0000 1.182e-06 1.458e-06 ( 0.23%)  
hr_8_reg_0_             2.766e-07    0.0000 1.182e-06 1.458e-06 ( 0.23%)  
hr_8_reg_0_1            2.766e-07    0.0000 1.182e-06 1.458e-06 ( 0.23%)  
hr_8_reg_1_             2.766e-07    0.0000 1.182e-06 1.458e-06 ( 0.23%)  
hr_8_reg_1_1            2.766e-07    0.0000 1.182e-06 1.458e-06 ( 0.23%)  
hr_9_reg_0_             2.766e-07    0.0000 1.182e-06 1.458e-06 ( 0.23%)  
hr_9_reg_0_1            2.766e-07    0.0000 1.182e-06 1.458e-06 ( 0.23%)  
hr_9_reg_1_             2.766e-07    0.0000 1.182e-06 1.458e-06 ( 0.23%)  
hr_9_reg_1_1            2.766e-07    0.0000 1.182e-06 1.458e-06 ( 0.23%)  
hr_10_reg_0_            2.766e-07    0.0000 1.182e-06 1.458e-06 ( 0.23%)  
hr_10_reg_0_1           2.766e-07    0.0000 1.182e-06 1.458e-06 ( 0.23%)  
hr_10_reg_1_            2.766e-07    0.0000 1.182e-06 1.458e-06 ( 0.23%)  
hr_10_reg_1_1           2.766e-07    0.0000 1.182e-06 1.458e-06 ( 0.23%)  
q_reg_0_5               2.766e-07    0.0000 1.182e-06 1.458e-06 ( 0.23%)  
q_reg_3_                2.766e-07    0.0000 1.182e-06 1.458e-06 ( 0.23%)  
q_reg_4_                2.766e-07    0.0000 1.182e-06 1.458e-06 ( 0.23%)  
q_reg_5_                2.766e-07    0.0000 1.182e-06 1.458e-06 ( 0.23%)  
q_reg_5_1               2.766e-07    0.0000 1.182e-06 1.458e-06 ( 0.23%)  
q_reg_5_2               2.766e-07    0.0000 1.182e-06 1.458e-06 ( 0.23%)  
q_reg_5_3               2.766e-07    0.0000 1.182e-06 1.458e-06 ( 0.23%)  
q_reg_5_4               2.766e-07    0.0000 1.182e-06 1.458e-06 ( 0.23%)  
q_reg_5_5               2.766e-07    0.0000 1.182e-06 1.458e-06 ( 0.23%)  
q_reg_5_6               2.766e-07    0.0000 1.182e-06 1.458e-06 ( 0.23%)  
q_reg_5_7               2.766e-07    0.0000 1.182e-06 1.458e-06 ( 0.23%)  
q_reg_6_                2.766e-07    0.0000 1.182e-06 1.458e-06 ( 0.23%)  
q_reg_6_1               2.766e-07    0.0000 1.182e-06 1.458e-06 ( 0.23%)  
q_reg_6_2               2.766e-07    0.0000 1.182e-06 1.458e-06 ( 0.23%)  
q_reg_6_3               2.766e-07    0.0000 1.182e-06 1.458e-06 ( 0.23%)  
q_reg_6_4               2.766e-07    0.0000 1.182e-06 1.458e-06 ( 0.23%)  
q_reg_6_5               2.766e-07    0.0000 1.182e-06 1.458e-06 ( 0.23%)  
q_reg_6_6               2.766e-07    0.0000 1.182e-06 1.458e-06 ( 0.23%)  
q_reg_6_7               2.766e-07    0.0000 1.182e-06 1.458e-06 ( 0.23%)  
q_reg_6_8               2.766e-07    0.0000 1.182e-06 1.458e-06 ( 0.23%)  
q_reg_7_                2.766e-07    0.0000 1.182e-06 1.458e-06 ( 0.23%)  
q_reg_7_1               2.766e-07    0.0000 1.182e-06 1.458e-06 ( 0.23%)  
q_reg_7_2               2.766e-07    0.0000 1.182e-06 1.458e-06 ( 0.23%)  
q_reg_7_3               2.766e-07    0.0000 1.182e-06 1.458e-06 ( 0.23%)  
q_reg_7_4               2.766e-07    0.0000 1.182e-06 1.458e-06 ( 0.23%)  
q_reg_7_5               2.766e-07    0.0000 1.182e-06 1.458e-06 ( 0.23%)  
q_reg_7_6               2.766e-07    0.0000 1.182e-06 1.458e-06 ( 0.23%)  
q_reg_7_7               2.766e-07    0.0000 1.182e-06 1.458e-06 ( 0.23%)  
q_reg_7_8               2.766e-07    0.0000 1.182e-06 1.458e-06 ( 0.23%)  
q_reg_8_1               2.766e-07    0.0000 1.182e-06 1.458e-06 ( 0.23%)  
q_reg_8_2               2.766e-07    0.0000 1.182e-06 1.458e-06 ( 0.23%)  
q_reg_8_3               2.766e-07    0.0000 1.182e-06 1.458e-06 ( 0.23%)  
q_reg_8_4               2.766e-07    0.0000 1.182e-06 1.458e-06 ( 0.23%)  
q_reg_8_5               2.766e-07    0.0000 1.182e-06 1.458e-06 ( 0.23%)  
q_reg_8_6               2.766e-07    0.0000 1.182e-06 1.458e-06 ( 0.23%)  
q_reg_8_7               2.766e-07    0.0000 1.182e-06 1.458e-06 ( 0.23%)  
q_reg_8_8               2.766e-07    0.0000 1.182e-06 1.458e-06 ( 0.23%)  
q_reg_9_1               2.766e-07    0.0000 1.182e-06 1.458e-06 ( 0.23%)  
q_reg_9_2               2.766e-07    0.0000 1.182e-06 1.458e-06 ( 0.23%)  
q_reg_9_3               2.766e-07    0.0000 1.182e-06 1.458e-06 ( 0.23%)  
q_reg_9_4               2.766e-07    0.0000 1.182e-06 1.458e-06 ( 0.23%)  
q_reg_9_5               2.766e-07    0.0000 1.182e-06 1.458e-06 ( 0.23%)  
q_reg_9_6               2.766e-07    0.0000 1.182e-06 1.458e-06 ( 0.23%)  
q_reg_9_7               2.766e-07    0.0000 1.182e-06 1.458e-06 ( 0.23%)  
q_reg_9_8               2.766e-07    0.0000 1.182e-06 1.458e-06 ( 0.23%)  
q_reg_10_2              2.766e-07    0.0000 1.182e-06 1.458e-06 ( 0.23%)  
q_reg_10_3              2.766e-07    0.0000 1.182e-06 1.458e-06 ( 0.23%)  
q_reg_10_4              2.766e-07    0.0000 1.182e-06 1.458e-06 ( 0.23%)  
q_reg_10_5              2.766e-07    0.0000 1.182e-06 1.458e-06 ( 0.23%)  
q_reg_10_6              2.766e-07    0.0000 1.182e-06 1.458e-06 ( 0.23%)  
q_reg_10_7              2.766e-07    0.0000 1.182e-06 1.458e-06 ( 0.23%)  
q_reg_10_8              2.766e-07    0.0000 1.182e-06 1.458e-06 ( 0.23%)  
q_reg_11_6              2.766e-07    0.0000 1.182e-06 1.458e-06 ( 0.23%)  
q_reg_11_7              2.766e-07    0.0000 1.182e-06 1.458e-06 ( 0.23%)  
q_reg_11_8              2.766e-07    0.0000 1.182e-06 1.458e-06 ( 0.23%)  
q_reg_12_7              2.766e-07    0.0000 1.182e-06 1.458e-06 ( 0.23%)  
q_reg_12_8              2.766e-07    0.0000 1.182e-06 1.458e-06 ( 0.23%)  
q_reg_13_8              2.766e-07    0.0000 1.182e-06 1.458e-06 ( 0.23%)  
q_reg_2_6               2.763e-07 7.456e-09 1.182e-06 1.466e-06 ( 0.23%)  
q_reg_0_3               2.745e-07 2.922e-10 1.182e-06 1.457e-06 ( 0.23%)  
q_reg_2_7               2.719e-07 1.025e-08 1.182e-06 1.464e-06 ( 0.23%)  
q_reg_3_6               2.711e-07 7.456e-09 1.182e-06 1.460e-06 ( 0.23%)  
q_reg_1_7               2.694e-07 1.025e-08 1.182e-06 1.462e-06 ( 0.23%)  
q_reg_1_1               2.688e-07 1.678e-08 1.182e-06 1.467e-06 ( 0.23%)  
q_reg_3_7               2.685e-07 7.456e-09 1.182e-06 1.458e-06 ( 0.23%)  
hr_0_reg_0_             2.681e-07 7.251e-10 1.182e-06 1.451e-06 ( 0.23%)  
hr_1_reg_1_1            2.673e-07 3.728e-09 1.182e-06 1.453e-06 ( 0.23%)  
hr_4_reg_1_1            2.673e-07 3.728e-09 1.182e-06 1.453e-06 ( 0.23%)  
hr_0_reg_1_             2.673e-07 5.844e-10 1.182e-06 1.450e-06 ( 0.23%)  
q_reg_2_                2.650e-07 4.660e-09 1.182e-06 1.452e-06 ( 0.23%)  
q_reg_3_1               2.650e-07 4.660e-09 1.182e-06 1.452e-06 ( 0.23%)  
q_reg_4_5               2.623e-07 1.462e-09 1.182e-06 1.446e-06 ( 0.23%)  
hr_3_reg_1_1            2.607e-07 7.456e-09 1.182e-06 1.450e-06 ( 0.23%)  
q_reg_1_4               2.606e-07 1.169e-09 1.182e-06 1.444e-06 ( 0.23%)  
q_reg_1_5               2.597e-07 1.462e-09 1.182e-06 1.443e-06 ( 0.23%)  
hr_1_reg_0_1            2.596e-07 1.450e-09 1.182e-06 1.443e-06 ( 0.23%)  
hr_4_reg_0_1            2.596e-07 1.450e-09 1.182e-06 1.443e-06 ( 0.23%)  
q_reg_5_8               2.576e-07 1.096e-09 1.182e-06 1.441e-06 ( 0.23%)  
q_reg_1_3               2.560e-07 1.461e-09 1.182e-06 1.439e-06 ( 0.23%)  
q_reg_4_2               2.555e-07 1.827e-09 1.182e-06 1.439e-06 ( 0.23%)  
q_reg_1_                2.554e-07 2.999e-09 1.182e-06 1.440e-06 ( 0.23%)  
hr_4_reg_0_             2.554e-07 1.813e-09 1.182e-06 1.439e-06 ( 0.23%)  
q_reg_4_3               2.534e-07 1.461e-09 1.182e-06 1.437e-06 ( 0.23%)  
q_reg_4_4               2.534e-07 1.461e-09 1.182e-06 1.437e-06 ( 0.23%)  
hr_4_reg_1_             2.534e-07 1.461e-09 1.182e-06 1.437e-06 ( 0.23%)  
hr_2_reg_1_1            2.515e-07 1.118e-08 1.182e-06 1.445e-06 ( 0.23%)  
q_reg_2_1               2.512e-07 1.025e-08 1.182e-06 1.443e-06 ( 0.23%)  
hr_1_reg_0_             2.511e-07 2.175e-09 1.182e-06 1.435e-06 ( 0.23%)  
hr_1_reg_1_             2.488e-07 1.753e-09 1.182e-06 1.432e-06 ( 0.23%)  
q_reg_4_8               2.434e-07 1.918e-09 1.182e-06 1.427e-06 ( 0.23%)  
q_reg_3_5               2.412e-07 3.289e-09 1.182e-06 1.426e-06 ( 0.23%)  
hr_3_reg_0_1            2.384e-07 3.263e-09 1.182e-06 1.424e-06 ( 0.23%)  
q_reg_3_8               2.374e-07 3.014e-09 1.182e-06 1.422e-06 ( 0.23%)  
q_reg_3_2               2.344e-07 3.655e-09 1.182e-06 1.420e-06 ( 0.23%)  
hr_3_reg_0_             2.342e-07 3.625e-09 1.182e-06 1.420e-06 ( 0.22%)  
q_reg_3_3               2.302e-07 2.922e-09 1.182e-06 1.415e-06 ( 0.22%)  
q_reg_3_4               2.302e-07 2.922e-09 1.182e-06 1.415e-06 ( 0.22%)  
hr_3_reg_1_             2.302e-07 2.922e-09 1.182e-06 1.415e-06 ( 0.22%)  
q_reg_2_2               2.272e-07 5.847e-09 1.182e-06 1.415e-06 ( 0.22%)  
hr_2_reg_0_1            2.241e-07 4.713e-09 1.182e-06 1.411e-06 ( 0.22%)  
q_reg_0_7               2.237e-07 7.499e-09 1.182e-06 1.413e-06 ( 0.22%)  
q_reg_2_5               2.201e-07 5.116e-09 1.182e-06 1.407e-06 ( 0.22%)  
q_reg_2_3               2.097e-07 4.383e-09 1.182e-06 1.396e-06 ( 0.22%)  
hr_2_reg_0_             2.088e-07 5.801e-09 1.182e-06 1.396e-06 ( 0.22%)  
q_reg_0_6               2.081e-07 4.110e-09 1.182e-06 1.394e-06 ( 0.22%)  
q_reg_2_4               2.071e-07 4.383e-09 1.182e-06 1.393e-06 ( 0.22%)  
hr_2_reg_1_             2.024e-07 4.675e-09 1.182e-06 1.389e-06 ( 0.22%)  
q_reg_0_1               1.884e-07 1.250e-08 1.182e-06 1.383e-06 ( 0.22%)  
counter_reg_0_          1.669e-07    0.0000 1.380e-06 1.547e-06 ( 0.25%)  
counter_reg_1_          1.669e-07    0.0000 1.380e-06 1.547e-06 ( 0.25%)  
counter_reg_2_          1.669e-07    0.0000 1.380e-06 1.547e-06 ( 0.25%)  
counter_reg_3_          1.669e-07    0.0000 1.380e-06 1.547e-06 ( 0.25%)  
counter_reg_4_          1.669e-07    0.0000 1.380e-06 1.547e-06 ( 0.25%)  
temp_reg                1.669e-07    0.0000 1.380e-06 1.547e-06 ( 0.25%)  
q_reg_0_                1.582e-07 6.849e-09 1.182e-06 1.347e-06 ( 0.21%)  
add_x_8_U15             9.218e-08 2.383e-08 6.504e-07 7.664e-07 ( 0.12%)  
add_x_8_U16             7.946e-08 3.179e-08 6.448e-07 7.560e-07 ( 0.12%)  
add_x_10_U15            6.937e-08 1.880e-08 6.008e-07 6.890e-07 ( 0.11%)  
add_x_10_U14            6.622e-08 1.742e-08 6.681e-07 7.518e-07 ( 0.12%)  
add_x_8_U14             6.460e-08 1.425e-08 6.203e-07 6.992e-07 ( 0.11%)  
add_x_10_U16            6.419e-08 2.083e-08 6.452e-07 7.302e-07 ( 0.12%)  
U582                    5.905e-08 1.776e-08 3.527e-07 4.295e-07 ( 0.07%)  
U575                    4.505e-08 1.341e-08 3.520e-07 4.105e-07 ( 0.07%)  
add_x_10_U13            4.431e-08 1.016e-08 5.820e-07 6.364e-07 ( 0.10%)  
add_x_9_U14             3.811e-08 7.794e-09 6.021e-07 6.480e-07 ( 0.10%)  
U576                    3.736e-08 1.124e-08 3.521e-07 4.007e-07 ( 0.06%)  
U590                    3.495e-08 1.051e-08 3.528e-07 3.982e-07 ( 0.06%)  
add_x_9_U16             3.243e-08 6.356e-09 6.351e-07 6.739e-07 ( 0.11%)  
U584                    3.008e-08 9.064e-09 3.521e-07 3.912e-07 ( 0.06%)  
U583                    3.003e-08 9.064e-09 3.522e-07 3.913e-07 ( 0.06%)  
add_x_8_U13             2.959e-08 6.347e-09 5.843e-07 6.202e-07 ( 0.10%)  
U566                    2.800e-08 8.339e-09 3.528e-07 3.892e-07 ( 0.06%)  
U560                    2.678e-08 7.976e-09 3.521e-07 3.869e-07 ( 0.06%)  
U569                    2.678e-08 7.976e-09 3.526e-07 3.874e-07 ( 0.06%)  
add_x_9_U15             2.355e-08 5.078e-09 6.424e-07 6.710e-07 ( 0.11%)  
U561                    2.313e-08 6.888e-09 3.527e-07 3.827e-07 ( 0.06%)  
add_x_9_U13             2.247e-08 6.524e-09 5.287e-07 5.576e-07 ( 0.09%)  
U570                    2.169e-08 6.526e-09 3.530e-07 3.812e-07 ( 0.06%)  
add_x_10_U12            2.065e-08 4.789e-09 5.973e-07 6.227e-07 ( 0.10%)  
U551                    1.948e-08 5.801e-09 3.532e-07 3.785e-07 ( 0.06%)  
U578                    1.928e-08 5.801e-09 3.519e-07 3.770e-07 ( 0.06%)  
U565                    1.927e-08 5.801e-09 3.530e-07 3.781e-07 ( 0.06%)  
U562                    1.826e-08 5.438e-09 3.529e-07 3.766e-07 ( 0.06%)  
U563                    1.806e-08 5.438e-09 3.528e-07 3.763e-07 ( 0.06%)  
U564                    1.806e-08 5.438e-09 3.529e-07 3.764e-07 ( 0.06%)  
U591                    1.802e-08 5.438e-09 3.520e-07 3.755e-07 ( 0.06%)  
U165                    1.773e-08 2.506e-11 6.479e-07 6.656e-07 ( 0.11%)  
U553                    1.583e-08 4.713e-09 3.535e-07 3.741e-07 ( 0.06%)  
U552                    1.461e-08 4.351e-09 3.533e-07 3.723e-07 ( 0.06%)  
U567                    1.339e-08 3.988e-09 3.529e-07 3.703e-07 ( 0.06%)  
add_x_9_U12             1.229e-08 2.314e-09 4.357e-07 4.504e-07 ( 0.07%)  
U557                    1.217e-08 3.625e-09 3.538e-07 3.696e-07 ( 0.06%)  
U554                    1.204e-08 3.625e-09 3.533e-07 3.690e-07 ( 0.06%)  
U555                    1.204e-08 3.625e-09 3.534e-07 3.690e-07 ( 0.06%)  
U556                    1.204e-08 3.625e-09 3.534e-07 3.691e-07 ( 0.06%)  
U164                    1.128e-08 1.594e-11 6.479e-07 6.592e-07 ( 0.10%)  
U543                    1.096e-08 3.263e-09 3.522e-07 3.664e-07 ( 0.06%)  
U544                    9.740e-09 2.900e-09 3.541e-07 3.668e-07 ( 0.06%)  
U571                    9.740e-09 2.900e-09 3.513e-07 3.640e-07 ( 0.06%)  
U542                    8.522e-09 2.538e-09 3.529e-07 3.640e-07 ( 0.06%)  
add_x_8_U12             7.413e-09 1.446e-09 4.351e-07 4.440e-07 ( 0.07%)  
U549                    7.305e-09 2.175e-09 3.552e-07 3.647e-07 ( 0.06%)  
U574                    7.225e-09 2.175e-09 3.523e-07 3.617e-07 ( 0.06%)  
U577                    7.219e-09 2.175e-09 3.541e-07 3.635e-07 ( 0.06%)  
U163                    6.446e-09 9.111e-12 6.479e-07 6.543e-07 ( 0.10%)  
U548                    6.087e-09 1.813e-09 3.539e-07 3.618e-07 ( 0.06%)  
U558                    6.087e-09 1.813e-09 3.528e-07 3.607e-07 ( 0.06%)  
U545                    6.021e-09 1.813e-09 3.547e-07 3.626e-07 ( 0.06%)  
U546                    6.021e-09 1.813e-09 3.545e-07 3.624e-07 ( 0.06%)  
U547                    6.021e-09 1.813e-09 3.543e-07 3.622e-07 ( 0.06%)  
U573                    6.021e-09 1.813e-09 3.524e-07 3.603e-07 ( 0.06%)  
U568                    6.016e-09 1.813e-09 3.534e-07 3.613e-07 ( 0.06%)  
add_x_10_U11            5.931e-09 1.157e-09 4.091e-07 4.162e-07 ( 0.07%)  
U533                    4.870e-09 1.450e-09 3.544e-07 3.608e-07 ( 0.06%)  
U166                    4.834e-09 6.833e-12 6.479e-07 6.527e-07 ( 0.10%)  
U572                    4.817e-09 1.450e-09 3.523e-07 3.586e-07 ( 0.06%)  
U168                    3.223e-09 4.556e-12 6.479e-07 6.511e-07 ( 0.10%)  
U581                    2.408e-09 7.251e-10 3.550e-07 3.581e-07 ( 0.06%)  
U167                    1.611e-09 2.278e-12 6.479e-07 6.495e-07 ( 0.10%)  
U580                    1.204e-09 3.625e-10 3.552e-07 3.568e-07 ( 0.06%)  
U155                       0.0000    0.0000 6.479e-07 6.479e-07 ( 0.10%)  
U156                       0.0000    0.0000 6.479e-07 6.479e-07 ( 0.10%)  
U157                       0.0000    0.0000 6.479e-07 6.479e-07 ( 0.10%)  
U158                       0.0000    0.0000 6.479e-07 6.479e-07 ( 0.10%)  
U159                       0.0000    0.0000 6.479e-07 6.479e-07 ( 0.10%)  
U160                       0.0000    0.0000 6.479e-07 6.479e-07 ( 0.10%)  
U161                       0.0000    0.0000 6.479e-07 6.479e-07 ( 0.10%)  
U162                       0.0000    0.0000 6.479e-07 6.479e-07 ( 0.10%)  
U169                       0.0000    0.0000 3.152e-07 3.152e-07 ( 0.05%)  
U170                       0.0000    0.0000 2.947e-08 2.947e-08 ( 0.00%)  
U171                       0.0000    0.0000 2.947e-08 2.947e-08 ( 0.00%)  
U172                       0.0000    0.0000 2.947e-08 2.947e-08 ( 0.00%)  
U173                       0.0000    0.0000 2.947e-08 2.947e-08 ( 0.00%)  
U174                       0.0000    0.0000 2.465e-07 2.465e-07 ( 0.04%)  
U175                       0.0000    0.0000 2.947e-08 2.947e-08 ( 0.00%)  
U176                       0.0000    0.0000 2.947e-08 2.947e-08 ( 0.00%)  
U177                       0.0000    0.0000 2.947e-08 2.947e-08 ( 0.00%)  
U179                       0.0000    0.0000 2.947e-08 2.947e-08 ( 0.00%)  
U181                       0.0000    0.0000 2.947e-08 2.947e-08 ( 0.00%)  
U183                       0.0000    0.0000 2.947e-08 2.947e-08 ( 0.00%)  
U185                       0.0000    0.0000 2.947e-08 2.947e-08 ( 0.00%)  
U187                       0.0000    0.0000 2.947e-08 2.947e-08 ( 0.00%)  
U189                       0.0000    0.0000 2.947e-08 2.947e-08 ( 0.00%)  
U191                       0.0000    0.0000 2.947e-08 2.947e-08 ( 0.00%)  
U193                       0.0000    0.0000 2.947e-08 2.947e-08 ( 0.00%)  
U195                       0.0000    0.0000 2.947e-08 2.947e-08 ( 0.00%)  
U197                       0.0000    0.0000 2.947e-08 2.947e-08 ( 0.00%)  
U199                       0.0000    0.0000 2.947e-08 2.947e-08 ( 0.00%)  
U201                       0.0000    0.0000 2.947e-08 2.947e-08 ( 0.00%)  
U203                       0.0000    0.0000 2.947e-08 2.947e-08 ( 0.00%)  
U205                       0.0000    0.0000 2.947e-08 2.947e-08 ( 0.00%)  
U207                       0.0000    0.0000 2.947e-08 2.947e-08 ( 0.00%)  
U209                       0.0000    0.0000 2.947e-08 2.947e-08 ( 0.00%)  
U211                       0.0000    0.0000 2.947e-08 2.947e-08 ( 0.00%)  
U213                       0.0000    0.0000 2.947e-08 2.947e-08 ( 0.00%)  
U215                       0.0000    0.0000 2.947e-08 2.947e-08 ( 0.00%)  
U217                       0.0000    0.0000 2.947e-08 2.947e-08 ( 0.00%)  
U219                       0.0000    0.0000 2.947e-08 2.947e-08 ( 0.00%)  
U221                       0.0000    0.0000 2.947e-08 2.947e-08 ( 0.00%)  
U223                       0.0000    0.0000 2.947e-08 2.947e-08 ( 0.00%)  
U225                       0.0000    0.0000 2.947e-08 2.947e-08 ( 0.00%)  
U227                       0.0000    0.0000 2.947e-08 2.947e-08 ( 0.00%)  
U229                       0.0000    0.0000 2.947e-08 2.947e-08 ( 0.00%)  
U231                       0.0000    0.0000 2.947e-08 2.947e-08 ( 0.00%)  
U233                       0.0000    0.0000 2.947e-08 2.947e-08 ( 0.00%)  
U235                       0.0000    0.0000 2.947e-08 2.947e-08 ( 0.00%)  
U237                       0.0000    0.0000 2.947e-08 2.947e-08 ( 0.00%)  
U239                       0.0000    0.0000 2.947e-08 2.947e-08 ( 0.00%)  
U241                       0.0000    0.0000 2.947e-08 2.947e-08 ( 0.00%)  
U243                       0.0000    0.0000 2.947e-08 2.947e-08 ( 0.00%)  
U245                       0.0000    0.0000 2.947e-08 2.947e-08 ( 0.00%)  
U247                       0.0000    0.0000 2.947e-08 2.947e-08 ( 0.00%)  
U249                       0.0000    0.0000 2.947e-08 2.947e-08 ( 0.00%)  
U251                       0.0000    0.0000 2.947e-08 2.947e-08 ( 0.00%)  
U253                       0.0000    0.0000 2.947e-08 2.947e-08 ( 0.00%)  
U255                       0.0000    0.0000 2.947e-08 2.947e-08 ( 0.00%)  
U257                       0.0000    0.0000 2.947e-08 2.947e-08 ( 0.00%)  
U259                       0.0000    0.0000 2.947e-08 2.947e-08 ( 0.00%)  
U261                       0.0000    0.0000 2.947e-08 2.947e-08 ( 0.00%)  
U263                       0.0000    0.0000 2.947e-08 2.947e-08 ( 0.00%)  
U265                       0.0000    0.0000 2.947e-08 2.947e-08 ( 0.00%)  
U267                       0.0000    0.0000 2.947e-08 2.947e-08 ( 0.00%)  
U269                       0.0000    0.0000 2.947e-08 2.947e-08 ( 0.00%)  
U271                       0.0000    0.0000 2.947e-08 2.947e-08 ( 0.00%)  
U273                       0.0000    0.0000 2.947e-08 2.947e-08 ( 0.00%)  
U275                       0.0000    0.0000 2.947e-08 2.947e-08 ( 0.00%)  
U277                       0.0000    0.0000 2.947e-08 2.947e-08 ( 0.00%)  
U279                       0.0000    0.0000 2.947e-08 2.947e-08 ( 0.00%)  
U281                       0.0000    0.0000 2.947e-08 2.947e-08 ( 0.00%)  
U283                       0.0000    0.0000 2.947e-08 2.947e-08 ( 0.00%)  
U285                       0.0000    0.0000 2.947e-08 2.947e-08 ( 0.00%)  
U287                       0.0000    0.0000 2.465e-07 2.465e-07 ( 0.04%)  
U288                       0.0000    0.0000 3.152e-07 3.152e-07 ( 0.05%)  
U289                       0.0000    0.0000 2.947e-08 2.947e-08 ( 0.00%)  
U290                       0.0000    0.0000 1.098e-07 1.098e-07 ( 0.02%)  
U291                       0.0000    0.0000 1.098e-07 1.098e-07 ( 0.02%)  
U292                       0.0000    0.0000 1.098e-07 1.098e-07 ( 0.02%)  
U293                       0.0000    0.0000 1.098e-07 1.098e-07 ( 0.02%)  
U445                       0.0000    0.0000 1.269e-07 1.269e-07 ( 0.02%)  
U446                       0.0000    0.0000 5.694e-07 5.694e-07 ( 0.09%)  
U447                       0.0000    0.0000 1.098e-07 1.098e-07 ( 0.02%)  
U448                       0.0000    0.0000 4.628e-07 4.628e-07 ( 0.07%)  
U449                       0.0000    0.0000 5.221e-08 5.221e-08 ( 0.01%)  
U450                       0.0000    0.0000 6.479e-07 6.479e-07 ( 0.10%)  
U451                       0.0000    0.0000 3.085e-07 3.085e-07 ( 0.05%)  
U452                       0.0000    0.0000 9.144e-07 9.144e-07 ( 0.14%)  
U453                       0.0000    0.0000 9.144e-07 9.144e-07 ( 0.14%)  
U454                       0.0000    0.0000 3.453e-07 3.453e-07 ( 0.05%)  
U455                       0.0000    0.0000 2.465e-07 2.465e-07 ( 0.04%)  
U456                       0.0000    0.0000 3.085e-07 3.085e-07 ( 0.05%)  
U457                       0.0000    0.0000 2.465e-07 2.465e-07 ( 0.04%)  
U503                       0.0000    0.0000 2.947e-08 2.947e-08 ( 0.00%)  
U504                       0.0000    0.0000 2.947e-08 2.947e-08 ( 0.00%)  
U505                       0.0000    0.0000 8.265e-08 8.265e-08 ( 0.01%)  
U506                       0.0000    0.0000 7.746e-08 7.746e-08 ( 0.01%)  
U507                       0.0000    0.0000 2.947e-08 2.947e-08 ( 0.00%)  
U508                       0.0000    0.0000 2.947e-08 2.947e-08 ( 0.00%)  
U509                       0.0000    0.0000 8.265e-08 8.265e-08 ( 0.01%)  
U510                       0.0000    0.0000 7.746e-08 7.746e-08 ( 0.01%)  
U514                       0.0000    0.0000 5.221e-08 5.221e-08 ( 0.01%)  
U515                       0.0000    0.0000 5.221e-08 5.221e-08 ( 0.01%)  
U516                       0.0000    0.0000 2.947e-08 2.947e-08 ( 0.00%)  
U517                       0.0000    0.0000 2.791e-07 2.791e-07 ( 0.04%)  
U518                       0.0000    0.0000 2.465e-07 2.465e-07 ( 0.04%)  
U519                       0.0000    0.0000 6.512e-07 6.512e-07 ( 0.10%)  
U520                       0.0000    0.0000 2.947e-08 2.947e-08 ( 0.00%)  
U521                       0.0000    0.0000 2.791e-07 2.791e-07 ( 0.04%)  
U522                       0.0000    0.0000 2.791e-07 2.791e-07 ( 0.04%)  
U523                       0.0000    0.0000 2.791e-07 2.791e-07 ( 0.04%)  
U524                       0.0000    0.0000 3.552e-07 3.552e-07 ( 0.06%)  
U525                       0.0000    0.0000 3.552e-07 3.552e-07 ( 0.06%)  
U526                       0.0000    0.0000 3.552e-07 3.552e-07 ( 0.06%)  
U527                       0.0000    0.0000 3.552e-07 3.552e-07 ( 0.06%)  
U528                       0.0000    0.0000 3.552e-07 3.552e-07 ( 0.06%)  
U529                       0.0000    0.0000 3.552e-07 3.552e-07 ( 0.06%)  
U530                       0.0000    0.0000 3.552e-07 3.552e-07 ( 0.06%)  
U531                       0.0000    0.0000 3.552e-07 3.552e-07 ( 0.06%)  
U532                       0.0000    0.0000 3.552e-07 3.552e-07 ( 0.06%)  
U534                       0.0000    0.0000 3.552e-07 3.552e-07 ( 0.06%)  
U535                       0.0000    0.0000 3.552e-07 3.552e-07 ( 0.06%)  
U536                       0.0000    0.0000 3.552e-07 3.552e-07 ( 0.06%)  
U537                       0.0000    0.0000 3.552e-07 3.552e-07 ( 0.06%)  
U538                       0.0000    0.0000 3.552e-07 3.552e-07 ( 0.06%)  
U539                       0.0000    0.0000 3.552e-07 3.552e-07 ( 0.06%)  
U540                       0.0000    0.0000 3.552e-07 3.552e-07 ( 0.06%)  
U541                       0.0000    0.0000 3.552e-07 3.552e-07 ( 0.06%)  
U550                       0.0000    0.0000 3.552e-07 3.552e-07 ( 0.06%)  
U559                       0.0000    0.0000 3.552e-07 3.552e-07 ( 0.06%)  
U579                       0.0000    0.0000 3.552e-07 3.552e-07 ( 0.06%)  
U585                       0.0000    0.0000 2.237e-07 2.237e-07 ( 0.04%)  
U586                       0.0000    0.0000 1.935e-07 1.935e-07 ( 0.03%)  
U587                       0.0000    0.0000 7.746e-08 7.746e-08 ( 0.01%)  
U588                       0.0000    0.0000 3.152e-07 3.152e-07 ( 0.05%)  
U589                       0.0000    0.0000 2.464e-07 2.464e-07 ( 0.04%)  
U592                       0.0000    0.0000 3.552e-07 3.552e-07 ( 0.06%)  
U593                       0.0000    0.0000 3.552e-07 3.552e-07 ( 0.06%)  
U594                       0.0000    0.0000 3.552e-07 3.552e-07 ( 0.06%)  
U595                       0.0000    0.0000 3.552e-07 3.552e-07 ( 0.06%)  
U596                       0.0000    0.0000 3.552e-07 3.552e-07 ( 0.06%)  
U597                       0.0000    0.0000 3.552e-07 3.552e-07 ( 0.06%)  
U598                       0.0000    0.0000 3.552e-07 3.552e-07 ( 0.06%)  
U599                       0.0000    0.0000 3.552e-07 3.552e-07 ( 0.06%)  
U600                       0.0000    0.0000 3.552e-07 3.552e-07 ( 0.06%)  
U601                       0.0000    0.0000 3.552e-07 3.552e-07 ( 0.06%)  
U602                       0.0000    0.0000 3.552e-07 3.552e-07 ( 0.06%)  
U603                       0.0000    0.0000 3.552e-07 3.552e-07 ( 0.06%)  
U604                       0.0000    0.0000 3.552e-07 3.552e-07 ( 0.06%)  
U605                       0.0000    0.0000 3.552e-07 3.552e-07 ( 0.06%)  
U606                       0.0000    0.0000 3.552e-07 3.552e-07 ( 0.06%)  
U607                       0.0000    0.0000 3.552e-07 3.552e-07 ( 0.06%)  
U608                       0.0000    0.0000 3.552e-07 3.552e-07 ( 0.06%)  
U609                       0.0000    0.0000 3.552e-07 3.552e-07 ( 0.06%)  
U610                       0.0000    0.0000 3.552e-07 3.552e-07 ( 0.06%)  
U611                       0.0000    0.0000 3.552e-07 3.552e-07 ( 0.06%)  
U612                       0.0000    0.0000 3.552e-07 3.552e-07 ( 0.06%)  
U613                       0.0000    0.0000 3.552e-07 3.552e-07 ( 0.06%)  
U614                       0.0000    0.0000 3.552e-07 3.552e-07 ( 0.06%)  
U615                       0.0000    0.0000 3.552e-07 3.552e-07 ( 0.06%)  
U616                       0.0000    0.0000 3.552e-07 3.552e-07 ( 0.06%)  
U617                       0.0000    0.0000 3.552e-07 3.552e-07 ( 0.06%)  
U618                       0.0000    0.0000 3.552e-07 3.552e-07 ( 0.06%)  
U619                       0.0000    0.0000 3.552e-07 3.552e-07 ( 0.06%)  
U620                       0.0000    0.0000 3.552e-07 3.552e-07 ( 0.06%)  
U621                       0.0000    0.0000 3.552e-07 3.552e-07 ( 0.06%)  
U622                       0.0000    0.0000 3.552e-07 3.552e-07 ( 0.06%)  
U623                       0.0000    0.0000 3.552e-07 3.552e-07 ( 0.06%)  
U624                       0.0000    0.0000 3.552e-07 3.552e-07 ( 0.06%)  
U625                       0.0000    0.0000 3.552e-07 3.552e-07 ( 0.06%)  
U626                       0.0000    0.0000 3.552e-07 3.552e-07 ( 0.06%)  
U627                       0.0000    0.0000 3.552e-07 3.552e-07 ( 0.06%)  
U628                       0.0000    0.0000 3.552e-07 3.552e-07 ( 0.06%)  
U629                       0.0000    0.0000 3.552e-07 3.552e-07 ( 0.06%)  
U630                       0.0000    0.0000 2.947e-08 2.947e-08 ( 0.00%)  
add_x_1                    0.0000    0.0000 1.157e-05 1.157e-05 ( 1.83%)  h
add_x_8_U7                 0.0000    0.0000 6.997e-07 6.997e-07 ( 0.11%)  
add_x_8_U8                 0.0000    0.0000 6.997e-07 6.997e-07 ( 0.11%)  
add_x_8_U9                 0.0000    0.0000 3.709e-07 3.709e-07 ( 0.06%)  
add_x_8_U10                0.0000    0.0000 3.709e-07 3.709e-07 ( 0.06%)  
add_x_8_U11                0.0000    0.0000 3.709e-07 3.709e-07 ( 0.06%)  
add_x_9_U6                 0.0000    0.0000 6.997e-07 6.997e-07 ( 0.11%)  
add_x_9_U7                 0.0000    0.0000 6.997e-07 6.997e-07 ( 0.11%)  
add_x_9_U8                 0.0000    0.0000 6.997e-07 6.997e-07 ( 0.11%)  
add_x_9_U9                 0.0000    0.0000 3.709e-07 3.709e-07 ( 0.06%)  
add_x_9_U10                0.0000    0.0000 3.709e-07 3.709e-07 ( 0.06%)  
add_x_9_U11                0.0000    0.0000 3.709e-07 3.709e-07 ( 0.06%)  
add_x_10_U4                0.0000    0.0000 6.997e-07 6.997e-07 ( 0.11%)  
add_x_10_U5                0.0000    0.0000 6.997e-07 6.997e-07 ( 0.11%)  
add_x_10_U6                0.0000    0.0000 6.997e-07 6.997e-07 ( 0.11%)  
add_x_10_U7                0.0000    0.0000 6.997e-07 6.997e-07 ( 0.11%)  
add_x_10_U8                0.0000    0.0000 6.997e-07 6.997e-07 ( 0.11%)  
add_x_10_U9                0.0000    0.0000 3.709e-07 3.709e-07 ( 0.06%)  
add_x_10_U10               0.0000    0.0000 3.709e-07 3.709e-07 ( 0.06%)  
rem_5_u_div_DP_OP_11_123_3123
                           0.0000    0.0000 3.012e-04 3.012e-04 (47.72%)  h
--------------------------------------------------------------------------------
Totals (416 cells)      4.326e-05 7.101e-07 5.871e-04 6.311e-04 (100.0%)
1
