Information: Building multi voltage information for entire design. (MV-022)
Information: Running averaged power analysis... (PWR-601)
Information: Running power calculation with 4 threads. (PWR-602)
****************************************
Report : Averaged Power
	-verbose
	-nosplit
Design : conv
Version: V-2023.12-SP5-4
Date   : Wed May  6 20:57:31 2026
****************************************

Library(s) Used:

    saed32lvt_ss0p75v125c (File: /usr/local/synopsys/pdk/SAED32_EDK/lib/stdcell_lvt/db_nldm/saed32lvt_ss0p75v125c.db)


Operating Conditions: ss0p75v125c   Library: saed32lvt_ss0p75v125c
Wire Load Model Mode: enclosed

Cell               Design       Wire_model  Library       Selection_type
--------------------------------------------------------------------------------
                   conv         8000        saed32lvt_ss0p75v125c automatic-by-area
DP_OP_45_122_6965  conv_DP_OP_45_122_6965_0 ForQA saed32lvt_ss0p75v125c automatic-by-area
rem_5_u_div_DP_OP_11_123_3123 conv_DP_OP_11_123_3123_0 8000 saed32lvt_ss0p75v125c automatic-by-area
add_x_1            conv_DW01_inc_3 ForQA    saed32lvt_ss0p75v125c automatic-by-area

Power-specific unit information :
    Voltage Units = 1 V
    Capacitance Units = 0.001 pf
    Time Units = 1 ns
    Dynamic Power Units = 1 W
    Leakage Power Units = 1 W



  Attributes
  ----------
      i  -  Including register clock pin internal power
      u  -  User defined power group

                        Internal  Switching  Leakage    Total
Power Group             Power     Power      Power      Power   (     %)  Attrs
--------------------------------------------------------------------------------
clock_network           2.853e-04    0.0000    0.0000 2.853e-04 (30.96%)  i
register                1.087e-05 3.850e-06 1.867e-04 2.015e-04 (21.86%)  
combinational           2.325e-05 5.750e-06 4.057e-04 4.347e-04 (47.18%)  
sequential                 0.0000    0.0000    0.0000    0.0000 ( 0.00%)  
memory                     0.0000    0.0000    0.0000    0.0000 ( 0.00%)  
io_pad                     0.0000    0.0000    0.0000    0.0000 ( 0.00%)  
black_box                  0.0000    0.0000    0.0000    0.0000 ( 0.00%)  

  Net Switching Power  = 9.599e-06   ( 1.04%)
  Cell Internal Power  = 3.194e-04   (34.66%)
  Cell Leakage Power   = 5.925e-04   (64.30%)
                         ---------
Total Power            = 9.215e-04  (100.00%)

1
