****************************************
Report : Averaged Power
	-cell_power
	-verbose
	-sort_by cell_internal_power
Design : conv
Version: V-2023.12-SP5-4
Date   : Wed May  6 20:57:31 2026
****************************************

Library(s) Used:

    saed32lvt_ss0p75v125c (File: /usr/local/synopsys/pdk/SAED32_EDK/lib/stdcell_lvt/db_nldm/saed32lvt_ss0p75v125c.db)


Operating Conditions: ss0p75v125c   Library: saed32lvt_ss0p75v125c
Wire Load Model Mode: enclosed

Cell               Design       Wire_model  Library       Selection_type
--------------------------------------------------------------------------------
                   conv         8000        saed32lvt_ss0p75v125c
                                                          automatic-by-area
DP_OP_45_122_6965  conv_DP_OP_45_122_6965_0
                                ForQA       saed32lvt_ss0p75v125c
                                                          automatic-by-area
rem_5_u_div_DP_OP_11_123_3123
                   conv_DP_OP_11_123_3123_0
                                8000        saed32lvt_ss0p75v125c
                                                          automatic-by-area
add_x_1            conv_DW01_inc_3
                                ForQA       saed32lvt_ss0p75v125c
                                                          automatic-by-area

Power-specific unit information :
    Voltage Units = 1 V
    Capacitance Units = 0.001 pf
    Time Units = 1 ns
    Dynamic Power Units = 1 W
    Leakage Power Units = 1 W



  Attributes
  ----------
      a  -  Annotated internal | leakage | switching power 
      b  -  Black-box (unresolved) cell
      c  -  Clock pin internal power only
      d  -  Does not include clock pin internal power
      h  -  Hierarchical cell

                        Internal  Switching Leakage   Total
Cell                    Power     Power     Power     Power    (     %)   Attrs
--------------------------------------------------------------------------------
DP_OP_45_122_6965       5.268e-06 1.283e-06 1.368e-05 2.023e-05 ( 2.20%)  h
q_reg_5_7               2.182e-06 7.319e-08 1.182e-06 3.437e-06 ( 0.37%)  
q_reg_4_7               2.170e-06 7.718e-08 1.182e-06 3.429e-06 ( 0.37%)  
q_reg_6_7               2.167e-06 7.196e-08 1.182e-06 3.421e-06 ( 0.37%)  
q_reg_6_6               2.165e-06 7.165e-08 1.182e-06 3.419e-06 ( 0.37%)  
q_reg_5_6               2.157e-06 6.766e-08 1.182e-06 3.406e-06 ( 0.37%)  
q_reg_4_6               2.146e-06 7.564e-08 1.182e-06 3.404e-06 ( 0.37%)  
q_reg_7_7               2.141e-06 6.950e-08 1.182e-06 3.392e-06 ( 0.37%)  
q_reg_3_6               2.126e-06 7.472e-08 1.182e-06 3.383e-06 ( 0.37%)  
q_reg_7_6               2.124e-06 6.153e-08 1.182e-06 3.367e-06 ( 0.37%)  
q_reg_3_7               2.119e-06 7.472e-08 1.182e-06 3.376e-06 ( 0.37%)  
q_reg_2_6               2.101e-06 7.472e-08 1.182e-06 3.358e-06 ( 0.36%)  
q_reg_4_1               2.083e-06 5.278e-08 1.182e-06 3.318e-06 ( 0.36%)  
q_reg_2_7               2.075e-06 8.301e-08 1.182e-06 3.340e-06 ( 0.36%)  
q_reg_5_1               2.073e-06 5.125e-08 1.182e-06 3.306e-06 ( 0.36%)  
q_reg_1_7               2.069e-06 8.178e-08 1.182e-06 3.333e-06 ( 0.36%)  
q_reg_3_1               2.064e-06 5.953e-08 1.182e-06 3.305e-06 ( 0.36%)  
q_reg_8_7               2.038e-06 3.465e-08 1.182e-06 3.255e-06 ( 0.35%)  
q_reg_7_1               2.037e-06 3.468e-08 1.182e-06 3.254e-06 ( 0.35%)  
q_reg_6_1               2.032e-06 4.511e-08 1.182e-06 3.259e-06 ( 0.35%)  
q_reg_8_6               2.030e-06 4.281e-08 1.182e-06 3.255e-06 ( 0.35%)  
hr_5_reg_1_1            2.019e-06 5.869e-08 1.182e-06 3.260e-06 ( 0.35%)  
q_reg_6_2               2.018e-06 2.082e-08 1.182e-06 3.221e-06 ( 0.35%)  
q_reg_5_2               2.008e-06 2.298e-08 1.182e-06 3.213e-06 ( 0.35%)  
hr_1_reg_1_1            2.006e-06 6.114e-08 1.182e-06 3.249e-06 ( 0.35%)  
hr_4_reg_1_1            2.003e-06 6.022e-08 1.182e-06 3.245e-06 ( 0.35%)  
hr_6_reg_1_1            2.003e-06 5.316e-08 1.182e-06 3.238e-06 ( 0.35%)  
hr_3_reg_1_1            1.997e-06 6.482e-08 1.182e-06 3.243e-06 ( 0.35%)  
q_reg_3_                1.991e-06 4.910e-08 1.182e-06 3.222e-06 ( 0.35%)  
q_reg_2_1               1.990e-06 6.076e-08 1.182e-06 3.233e-06 ( 0.35%)  
q_reg_1_6               1.987e-06 4.139e-08 1.182e-06 3.211e-06 ( 0.35%)  
q_reg_7_2               1.987e-06 1.709e-08 1.182e-06 3.186e-06 ( 0.35%)  
q_reg_7_8               1.984e-06 2.178e-08 1.182e-06 3.188e-06 ( 0.35%)  
q_reg_6_8               1.984e-06 2.133e-08 1.182e-06 3.187e-06 ( 0.35%)  
q_reg_5_8               1.977e-06 2.097e-08 1.182e-06 3.180e-06 ( 0.35%)  
q_reg_4_2               1.976e-06 2.358e-08 1.182e-06 3.182e-06 ( 0.35%)  
q_reg_4_8               1.976e-06 2.296e-08 1.182e-06 3.181e-06 ( 0.35%)  
hr_7_reg_1_1            1.974e-06 4.365e-08 1.182e-06 3.200e-06 ( 0.35%)  
q_reg_4_                1.972e-06 4.265e-08 1.182e-06 3.196e-06 ( 0.35%)  
hr_2_reg_1_1            1.971e-06 6.298e-08 1.182e-06 3.216e-06 ( 0.35%)  
q_reg_9_7               1.969e-06 2.247e-08 1.182e-06 3.173e-06 ( 0.34%)  
q_reg_1_1               1.968e-06 6.291e-08 1.182e-06 3.212e-06 ( 0.35%)  
q_reg_2_                1.963e-06 4.818e-08 1.182e-06 3.193e-06 ( 0.35%)  
q_reg_8_8               1.961e-06 1.881e-08 1.182e-06 3.162e-06 ( 0.34%)  
hr_0_reg_1_1            1.960e-06 3.740e-08 1.182e-06 3.180e-06 ( 0.35%)  
q_reg_5_                1.956e-06 3.744e-08 1.182e-06 3.175e-06 ( 0.34%)  
q_reg_2_8               1.953e-06 2.305e-08 1.182e-06 3.158e-06 ( 0.34%)  
q_reg_6_                1.945e-06 3.375e-08 1.182e-06 3.161e-06 ( 0.34%)  
q_reg_3_2               1.937e-06 2.539e-08 1.182e-06 3.144e-06 ( 0.34%)  
q_reg_0_2               1.933e-06 2.731e-08 1.182e-06 3.142e-06 ( 0.34%)  
q_reg_3_8               1.932e-06 2.413e-08 1.182e-06 3.138e-06 ( 0.34%)  
q_reg_8_1               1.929e-06 1.712e-08 1.182e-06 3.128e-06 ( 0.34%)  
q_reg_8_2               1.920e-06 1.480e-08 1.182e-06 3.117e-06 ( 0.34%)  
q_reg_1_8               1.913e-06 2.250e-08 1.182e-06 3.118e-06 ( 0.34%)  
q_reg_9_8               1.912e-06 1.321e-08 1.182e-06 3.107e-06 ( 0.34%)  
q_reg_1_2               1.909e-06 2.394e-08 1.182e-06 3.115e-06 ( 0.34%)  
q_reg_0_5               1.909e-06 2.734e-08 1.182e-06 3.118e-06 ( 0.34%)  
hr_8_reg_1_1            1.908e-06 2.029e-08 1.182e-06 3.110e-06 ( 0.34%)  
hr_0_reg_0_1            1.907e-06 2.712e-08 1.182e-06 3.116e-06 ( 0.34%)  
q_reg_1_                1.905e-06 2.946e-08 1.182e-06 3.117e-06 ( 0.34%)  
q_reg_5_5               1.899e-06 2.301e-08 1.182e-06 3.103e-06 ( 0.34%)  
q_reg_0_8               1.898e-06 2.232e-08 1.182e-06 3.102e-06 ( 0.34%)  
hr_5_reg_0_1            1.897e-06 2.283e-08 1.182e-06 3.102e-06 ( 0.34%)  
hr_5_reg_0_             1.897e-06 2.280e-08 1.182e-06 3.102e-06 ( 0.34%)  
hr_0_reg_0_             1.897e-06 2.710e-08 1.182e-06 3.106e-06 ( 0.34%)  
q_reg_6_5               1.894e-06 2.085e-08 1.182e-06 3.096e-06 ( 0.34%)  
hr_6_reg_0_1            1.892e-06 2.068e-08 1.182e-06 3.095e-06 ( 0.34%)  
hr_6_reg_0_             1.892e-06 2.065e-08 1.182e-06 3.095e-06 ( 0.34%)  
q_reg_0_7               1.890e-06 3.909e-08 1.182e-06 3.111e-06 ( 0.34%)  
q_reg_2_2               1.885e-06 2.467e-08 1.182e-06 3.092e-06 ( 0.34%)  
q_reg_7_5               1.885e-06 1.712e-08 1.182e-06 3.084e-06 ( 0.33%)  
hr_7_reg_0_1            1.884e-06 1.698e-08 1.182e-06 3.083e-06 ( 0.33%)  
hr_7_reg_0_             1.884e-06 1.695e-08 1.182e-06 3.083e-06 ( 0.33%)  
q_reg_7_                1.881e-06 1.227e-08 1.182e-06 3.076e-06 ( 0.33%)  
q_reg_1_5               1.881e-06 2.397e-08 1.182e-06 3.086e-06 ( 0.33%)  
q_reg_4_5               1.880e-06 2.361e-08 1.182e-06 3.085e-06 ( 0.33%)  
q_reg_8_5               1.880e-06 1.483e-08 1.182e-06 3.076e-06 ( 0.33%)  
hr_1_reg_0_1            1.879e-06 2.378e-08 1.182e-06 3.085e-06 ( 0.33%)  
hr_8_reg_0_1            1.879e-06 1.471e-08 1.182e-06 3.075e-06 ( 0.33%)  
hr_8_reg_0_             1.879e-06 1.468e-08 1.182e-06 3.075e-06 ( 0.33%)  
hr_4_reg_0_1            1.879e-06 2.342e-08 1.182e-06 3.084e-06 ( 0.33%)  
q_reg_0_4               1.878e-06 2.186e-08 1.182e-06 3.081e-06 ( 0.33%)  
q_reg_9_6               1.877e-06 7.159e-09 1.182e-06 3.066e-06 ( 0.33%)  
hr_4_reg_0_             1.873e-06 2.339e-08 1.182e-06 3.079e-06 ( 0.33%)  
q_reg_0_3               1.873e-06 2.186e-08 1.182e-06 3.076e-06 ( 0.33%)  
q_reg_5_3               1.873e-06 1.840e-08 1.182e-06 3.073e-06 ( 0.33%)  
q_reg_5_4               1.873e-06 1.840e-08 1.182e-06 3.073e-06 ( 0.33%)  
hr_5_reg_1_             1.872e-06 1.837e-08 1.182e-06 3.073e-06 ( 0.33%)  
q_reg_6_4               1.870e-06 1.667e-08 1.182e-06 3.069e-06 ( 0.33%)  
q_reg_6_3               1.870e-06 1.667e-08 1.182e-06 3.069e-06 ( 0.33%)  
hr_6_reg_1_             1.870e-06 1.664e-08 1.182e-06 3.068e-06 ( 0.33%)  
hr_1_reg_0_             1.869e-06 2.375e-08 1.182e-06 3.075e-06 ( 0.33%)  
q_reg_9_2               1.869e-06 3.730e-09 1.182e-06 3.055e-06 ( 0.33%)  
q_reg_9_1               1.868e-06 4.115e-09 1.182e-06 3.054e-06 ( 0.33%)  
hr_0_reg_1_             1.867e-06 2.184e-08 1.182e-06 3.071e-06 ( 0.33%)  
q_reg_7_4               1.865e-06 1.368e-08 1.182e-06 3.061e-06 ( 0.33%)  
q_reg_7_3               1.865e-06 1.368e-08 1.182e-06 3.061e-06 ( 0.33%)  
hr_7_reg_1_             1.865e-06 1.366e-08 1.182e-06 3.061e-06 ( 0.33%)  
q_reg_10_7              1.865e-06 3.539e-09 1.182e-06 3.051e-06 ( 0.33%)  
q_reg_8_4               1.863e-06 1.186e-08 1.182e-06 3.057e-06 ( 0.33%)  
q_reg_8_3               1.863e-06 1.186e-08 1.182e-06 3.057e-06 ( 0.33%)  
hr_8_reg_1_             1.863e-06 1.183e-08 1.182e-06 3.056e-06 ( 0.33%)  
hr_9_reg_1_1            1.861e-06 5.143e-09 1.182e-06 3.048e-06 ( 0.33%)  
q_reg_3_5               1.859e-06 2.542e-08 1.182e-06 3.066e-06 ( 0.33%)  
hr_3_reg_0_1            1.857e-06 2.522e-08 1.182e-06 3.064e-06 ( 0.33%)  
q_reg_10_8              1.857e-06 3.292e-09 1.182e-06 3.042e-06 ( 0.33%)  
q_reg_9_5               1.854e-06 3.760e-09 1.182e-06 3.039e-06 ( 0.33%)  
hr_9_reg_0_1            1.854e-06 3.730e-09 1.182e-06 3.039e-06 ( 0.33%)  
hr_9_reg_0_             1.854e-06 3.700e-09 1.182e-06 3.039e-06 ( 0.33%)  
q_reg_1_4               1.853e-06 1.917e-08 1.182e-06 3.054e-06 ( 0.33%)  
hr_3_reg_0_             1.852e-06 2.519e-08 1.182e-06 3.059e-06 ( 0.33%)  
q_reg_9_3               1.850e-06 3.006e-09 1.182e-06 3.034e-06 ( 0.33%)  
q_reg_9_4               1.850e-06 3.006e-09 1.182e-06 3.034e-06 ( 0.33%)  
hr_9_reg_1_             1.849e-06 2.982e-09 1.182e-06 3.034e-06 ( 0.33%)  
q_reg_1_3               1.848e-06 1.917e-08 1.182e-06 3.049e-06 ( 0.33%)  
q_reg_4_3               1.848e-06 1.888e-08 1.182e-06 3.049e-06 ( 0.33%)  
q_reg_4_4               1.848e-06 1.888e-08 1.182e-06 3.049e-06 ( 0.33%)  
q_reg_10_6              1.848e-06 9.052e-10 1.182e-06 3.031e-06 ( 0.33%)  
hr_4_reg_1_             1.848e-06 1.886e-08 1.182e-06 3.049e-06 ( 0.33%)  
q_reg_11_6              1.845e-06 8.229e-11 1.182e-06 3.027e-06 ( 0.33%)  
q_reg_11_7              1.845e-06 8.229e-11 1.182e-06 3.027e-06 ( 0.33%)  
q_reg_11_8              1.845e-06 4.510e-11 1.182e-06 3.027e-06 ( 0.33%)  
q_reg_12_7              1.845e-06 8.229e-11 1.182e-06 3.027e-06 ( 0.33%)  
q_reg_12_8              1.845e-06 4.510e-11 1.182e-06 3.027e-06 ( 0.33%)  
q_reg_13_8              1.845e-06 4.510e-11 1.182e-06 3.027e-06 ( 0.33%)  
q_reg_10_3              1.845e-06 2.405e-11 1.182e-06 3.027e-06 ( 0.33%)  
q_reg_10_4              1.845e-06 2.405e-11 1.182e-06 3.027e-06 ( 0.33%)  
q_reg_10_5              1.845e-06 3.008e-11 1.182e-06 3.027e-06 ( 0.33%)  
hr_10_reg_0_1           1.845e-06 2.984e-11 1.182e-06 3.027e-06 ( 0.33%)  
hr_10_reg_1_1           1.845e-06 4.115e-11 1.182e-06 3.027e-06 ( 0.33%)  
counter_reg_5_          1.845e-06    0.0000 1.182e-06 3.027e-06 ( 0.33%)  
counter_reg_6_          1.845e-06    0.0000 1.182e-06 3.027e-06 ( 0.33%)  
counter_reg_7_          1.845e-06    0.0000 1.182e-06 3.027e-06 ( 0.33%)  
counter_reg_8_          1.845e-06    0.0000 1.182e-06 3.027e-06 ( 0.33%)  
counter_reg_9_          1.845e-06    0.0000 1.182e-06 3.027e-06 ( 0.33%)  
counter_reg_10_         1.845e-06    0.0000 1.182e-06 3.027e-06 ( 0.33%)  
hr_10_reg_0_            1.845e-06    0.0000 1.182e-06 3.027e-06 ( 0.33%)  
hr_10_reg_1_            1.845e-06    0.0000 1.182e-06 3.027e-06 ( 0.33%)  
q_reg_10_2              1.845e-06    0.0000 1.182e-06 3.027e-06 ( 0.33%)  
hr_1_reg_1_             1.843e-06 1.914e-08 1.182e-06 3.044e-06 ( 0.33%)  
hr_2_reg_0_1            1.835e-06 2.450e-08 1.182e-06 3.042e-06 ( 0.33%)  
q_reg_0_6               1.832e-06 2.142e-08 1.182e-06 3.035e-06 ( 0.33%)  
q_reg_2_5               1.831e-06 2.470e-08 1.182e-06 3.038e-06 ( 0.33%)  
q_reg_3_3               1.825e-06 2.032e-08 1.182e-06 3.027e-06 ( 0.33%)  
q_reg_3_4               1.825e-06 2.032e-08 1.182e-06 3.027e-06 ( 0.33%)  
hr_3_reg_1_             1.825e-06 2.030e-08 1.182e-06 3.027e-06 ( 0.33%)  
hr_2_reg_0_             1.820e-06 2.447e-08 1.182e-06 3.026e-06 ( 0.33%)  
q_reg_0_1               1.819e-06 3.259e-08 1.182e-06 3.033e-06 ( 0.33%)  
q_reg_2_4               1.799e-06 1.974e-08 1.182e-06 3.000e-06 ( 0.33%)  
q_reg_2_3               1.799e-06 1.974e-08 1.182e-06 3.000e-06 ( 0.33%)  
hr_2_reg_1_             1.793e-06 1.972e-08 1.182e-06 2.995e-06 ( 0.33%)  
q_reg_0_                1.740e-06 1.786e-08 1.182e-06 2.940e-06 ( 0.32%)  
counter_reg_0_          1.114e-06    0.0000 1.380e-06 2.494e-06 ( 0.27%)  
counter_reg_1_          1.114e-06    0.0000 1.380e-06 2.494e-06 ( 0.27%)  
counter_reg_2_          1.114e-06    0.0000 1.380e-06 2.494e-06 ( 0.27%)  
counter_reg_3_          1.114e-06    0.0000 1.380e-06 2.494e-06 ( 0.27%)  
counter_reg_4_          1.114e-06    0.0000 1.380e-06 2.494e-06 ( 0.27%)  
temp_reg                1.114e-06    0.0000 1.380e-06 2.494e-06 ( 0.27%)  
add_x_10_U13            4.321e-07 1.015e-07 6.456e-07 1.179e-06 ( 0.13%)  
add_x_10_U14            4.241e-07 9.712e-08 6.478e-07 1.169e-06 ( 0.13%)  
add_x_10_U12            4.236e-07 1.014e-07 6.520e-07 1.177e-06 ( 0.13%)  
add_x_10_U11            4.031e-07 9.650e-08 6.515e-07 1.151e-06 ( 0.12%)  
add_x_10_U10            3.928e-07 9.845e-08 6.334e-07 1.125e-06 ( 0.12%)  
add_x_10_U15            3.876e-07 8.111e-08 6.356e-07 1.104e-06 ( 0.12%)  
add_x_9_U13             3.869e-07 9.010e-08 6.381e-07 1.115e-06 ( 0.12%)  
add_x_9_U12             3.706e-07 9.169e-08 6.444e-07 1.107e-06 ( 0.12%)  
add_x_8_U13             3.609e-07 7.856e-08 6.433e-07 1.083e-06 ( 0.12%)  
add_x_9_U11             3.600e-07 8.823e-08 6.405e-07 1.089e-06 ( 0.12%)  
add_x_9_U14             3.491e-07 8.529e-08 6.373e-07 1.072e-06 ( 0.12%)  
add_x_8_U14             3.483e-07 7.466e-08 6.389e-07 1.062e-06 ( 0.12%)  
add_x_8_U12             3.378e-07 8.186e-08 6.481e-07 1.068e-06 ( 0.12%)  
add_x_8_U15             3.323e-07 6.532e-08 6.332e-07 1.031e-06 ( 0.11%)  
add_x_9_U10             3.307e-07 8.659e-08 6.263e-07 1.044e-06 ( 0.11%)  
add_x_8_U11             3.306e-07 8.224e-08 6.431e-07 1.056e-06 ( 0.11%)  
add_x_9_U15             3.260e-07 6.849e-08 6.227e-07 1.017e-06 ( 0.11%)  
add_x_10_U9             3.126e-07 6.628e-08 5.997e-07 9.785e-07 ( 0.11%)  
add_x_8_U10             3.068e-07 7.860e-08 6.206e-07 1.006e-06 ( 0.11%)  
add_x_9_U9              2.318e-07 5.198e-08 6.064e-07 8.901e-07 ( 0.10%)  
add_x_10_U16            2.207e-07 6.215e-08 6.638e-07 9.466e-07 ( 0.10%)  
add_x_9_U16             2.123e-07 5.740e-08 6.620e-07 9.317e-07 ( 0.10%)  
add_x_8_U9              2.062e-07 4.390e-08 6.253e-07 8.754e-07 ( 0.10%)  
add_x_8_U16             1.984e-07 5.477e-08 6.628e-07 9.160e-07 ( 0.10%)  
add_x_10_U8             1.829e-07 5.021e-08 6.818e-07 9.149e-07 ( 0.10%)  
U542                    1.670e-07 4.971e-08 3.525e-07 5.692e-07 ( 0.06%)  
U551                    1.606e-07 4.780e-08 3.525e-07 5.609e-07 ( 0.06%)  
U543                    1.529e-07 4.554e-08 3.525e-07 5.510e-07 ( 0.06%)  
U533                    1.529e-07 4.554e-08 3.526e-07 5.510e-07 ( 0.06%)  
U534                    1.521e-07 4.530e-08 3.525e-07 5.500e-07 ( 0.06%)  
U621                    1.497e-07 4.458e-08 3.527e-07 5.470e-07 ( 0.06%)  
U524                    1.477e-07 4.398e-08 3.524e-07 5.442e-07 ( 0.06%)  
U560                    1.469e-07 4.375e-08 3.526e-07 5.433e-07 ( 0.06%)  
U525                    1.449e-07 4.315e-08 3.527e-07 5.407e-07 ( 0.06%)  
U544                    1.445e-07 4.303e-08 3.525e-07 5.400e-07 ( 0.06%)  
U553                    1.445e-07 4.303e-08 3.526e-07 5.402e-07 ( 0.06%)  
U526                    1.441e-07 4.291e-08 3.522e-07 5.392e-07 ( 0.06%)  
U165                    1.419e-07 2.006e-10 6.479e-07 7.900e-07 ( 0.09%)  
U552                    1.413e-07 4.207e-08 3.524e-07 5.358e-07 ( 0.06%)  
U535                    1.405e-07 4.184e-08 3.524e-07 5.347e-07 ( 0.06%)  
U166                    1.355e-07 1.916e-10 6.479e-07 7.836e-07 ( 0.09%)  
U164                    1.350e-07 1.909e-10 6.479e-07 7.831e-07 ( 0.08%)  
U622                    1.329e-07 3.957e-08 3.527e-07 5.252e-07 ( 0.06%)  
U562                    1.329e-07 3.957e-08 3.524e-07 5.249e-07 ( 0.06%)  
U167                    1.324e-07 1.871e-10 6.479e-07 7.804e-07 ( 0.08%)  
U168                    1.313e-07 1.856e-10 6.479e-07 7.794e-07 ( 0.08%)  
U161                    1.281e-07 1.811e-10 6.479e-07 7.762e-07 ( 0.08%)  
U530                    1.279e-07 3.808e-08 3.527e-07 5.187e-07 ( 0.06%)  
U539                    1.279e-07 3.808e-08 3.528e-07 5.188e-07 ( 0.06%)  
U561                    1.269e-07 3.778e-08 3.524e-07 5.171e-07 ( 0.06%)  
U548                    1.263e-07 3.760e-08 3.527e-07 5.166e-07 ( 0.06%)  
U617                    1.260e-07 3.790e-08 3.524e-07 5.164e-07 ( 0.06%)  
U623                    1.257e-07 3.742e-08 3.527e-07 5.158e-07 ( 0.06%)  
U162                    1.255e-07 1.774e-10 6.479e-07 7.735e-07 ( 0.08%)  
U618                    1.249e-07 3.718e-08 3.522e-07 5.142e-07 ( 0.06%)  
U557                    1.239e-07 3.688e-08 3.525e-07 5.133e-07 ( 0.06%)  
U163                    1.233e-07 1.744e-10 6.479e-07 7.714e-07 ( 0.08%)  
U570                    1.232e-07 3.706e-08 3.526e-07 5.129e-07 ( 0.06%)  
U569                    1.217e-07 3.623e-08 3.525e-07 5.104e-07 ( 0.06%)  
U590                    1.149e-07 3.456e-08 3.527e-07 5.022e-07 ( 0.05%)  
U571                    1.149e-07 3.420e-08 3.524e-07 5.015e-07 ( 0.05%)  
add_x_10_U7             1.136e-07 2.575e-08 6.902e-07 8.296e-07 ( 0.09%)  
add_x_9_U8              1.133e-07 2.530e-08 6.790e-07 8.176e-07 ( 0.09%)  
U566                    1.123e-07 3.342e-08 3.526e-07 4.983e-07 ( 0.05%)  
U578                    1.113e-07 3.348e-08 3.525e-07 4.973e-07 ( 0.05%)  
U160                    1.106e-07 1.564e-10 6.479e-07 7.586e-07 ( 0.08%)  
U558                    1.094e-07 3.259e-08 3.525e-07 4.945e-07 ( 0.05%)  
U549                    1.074e-07 3.199e-08 3.526e-07 4.921e-07 ( 0.05%)  
U582                    1.060e-07 3.187e-08 3.530e-07 4.909e-07 ( 0.05%)  
U627                    1.050e-07 3.127e-08 3.525e-07 4.888e-07 ( 0.05%)  
U540                    1.026e-07 3.056e-08 3.529e-07 4.860e-07 ( 0.05%)  
add_x_8_U8              9.807e-08 2.323e-08 6.718e-07 7.932e-07 ( 0.09%)  
U575                    9.782e-08 2.912e-08 3.528e-07 4.798e-07 ( 0.05%)  
U576                    9.406e-08 2.829e-08 3.527e-07 4.750e-07 ( 0.05%)  
U591                    9.394e-08 2.835e-08 3.526e-07 4.749e-07 ( 0.05%)  
U580                    9.011e-08 2.712e-08 3.531e-07 4.703e-07 ( 0.05%)  
U579                    9.011e-08 2.712e-08 3.531e-07 4.703e-07 ( 0.05%)  
U581                    9.011e-08 2.712e-08 3.531e-07 4.703e-07 ( 0.05%)  
U567                    8.900e-08 2.650e-08 3.527e-07 4.682e-07 ( 0.05%)  
U628                    8.740e-08 2.602e-08 3.522e-07 4.656e-07 ( 0.05%)  
U531                    8.379e-08 2.495e-08 3.530e-07 4.618e-07 ( 0.05%)  
U554                    8.377e-08 2.522e-08 3.526e-07 4.616e-07 ( 0.05%)  
U555                    8.377e-08 2.522e-08 3.526e-07 4.616e-07 ( 0.05%)  
U556                    8.377e-08 2.522e-08 3.526e-07 4.616e-07 ( 0.05%)  
U619                    8.237e-08 2.477e-08 3.522e-07 4.593e-07 ( 0.05%)  
U611                    8.196e-08 2.465e-08 3.526e-07 4.593e-07 ( 0.05%)  
U564                    8.140e-08 2.450e-08 3.527e-07 4.586e-07 ( 0.05%)  
U563                    8.139e-08 2.450e-08 3.527e-07 4.586e-07 ( 0.05%)  
U565                    8.139e-08 2.450e-08 3.527e-07 4.586e-07 ( 0.05%)  
U612                    7.959e-08 2.393e-08 3.530e-07 4.565e-07 ( 0.05%)  
U572                    7.902e-08 2.378e-08 3.529e-07 4.557e-07 ( 0.05%)  
U573                    7.901e-08 2.378e-08 3.529e-07 4.557e-07 ( 0.05%)  
U574                    7.901e-08 2.378e-08 3.529e-07 4.557e-07 ( 0.05%)  
U584                    7.846e-08 2.363e-08 3.528e-07 4.549e-07 ( 0.05%)  
U583                    7.832e-08 2.363e-08 3.529e-07 4.548e-07 ( 0.05%)  
U545                    7.783e-08 2.342e-08 3.527e-07 4.540e-07 ( 0.05%)  
U546                    7.783e-08 2.342e-08 3.527e-07 4.540e-07 ( 0.05%)  
U547                    7.782e-08 2.342e-08 3.527e-07 4.540e-07 ( 0.05%)  
U159                    7.772e-08 1.099e-10 6.479e-07 7.257e-07 ( 0.08%)  
U536                    7.584e-08 2.283e-08 3.529e-07 4.515e-07 ( 0.05%)  
U537                    7.584e-08 2.283e-08 3.529e-07 4.515e-07 ( 0.05%)  
U538                    7.584e-08 2.283e-08 3.529e-07 4.515e-07 ( 0.05%)  
U577                    7.093e-08 2.137e-08 3.525e-07 4.448e-07 ( 0.05%)  
U528                    6.871e-08 2.068e-08 3.527e-07 4.421e-07 ( 0.05%)  
U527                    6.871e-08 2.068e-08 3.527e-07 4.421e-07 ( 0.05%)  
U529                    6.870e-08 2.068e-08 3.527e-07 4.421e-07 ( 0.05%)  
U615                    6.788e-08 2.041e-08 3.531e-07 4.414e-07 ( 0.05%)  
U559                    6.340e-08 1.910e-08 3.528e-07 4.353e-07 ( 0.05%)  
U568                    6.222e-08 1.874e-08 3.526e-07 4.335e-07 ( 0.05%)  
U625                    5.642e-08 1.698e-08 3.526e-07 4.260e-07 ( 0.05%)  
U624                    5.642e-08 1.698e-08 3.526e-07 4.260e-07 ( 0.05%)  
U626                    5.642e-08 1.698e-08 3.526e-07 4.259e-07 ( 0.05%)  
U616                    5.597e-08 1.683e-08 3.539e-07 4.267e-07 ( 0.05%)  
U550                    5.509e-08 1.659e-08 3.525e-07 4.242e-07 ( 0.05%)  
U613                    4.888e-08 1.471e-08 3.531e-07 4.167e-07 ( 0.05%)  
U620                    4.888e-08 1.471e-08 3.531e-07 4.167e-07 ( 0.05%)  
U614                    4.888e-08 1.471e-08 3.531e-07 4.167e-07 ( 0.05%)  
U541                    4.835e-08 1.456e-08 3.525e-07 4.155e-07 ( 0.05%)  
U532                    4.359e-08 1.313e-08 3.532e-07 4.099e-07 ( 0.04%)  
add_x_8_U7              2.884e-08 4.667e-09 6.946e-07 7.281e-07 ( 0.08%)  
add_x_9_U7              2.797e-08 6.091e-09 6.989e-07 7.329e-07 ( 0.08%)  
add_x_10_U6             2.494e-08 4.412e-09 6.965e-07 7.259e-07 ( 0.08%)  
U605                    2.203e-08 6.625e-09 3.539e-07 3.826e-07 ( 0.04%)  
U609                    1.946e-08 5.849e-09 3.541e-07 3.794e-07 ( 0.04%)  
U158                    1.936e-08 2.737e-11 6.479e-07 6.673e-07 ( 0.07%)  
U598                    1.806e-08 5.431e-09 3.543e-07 3.778e-07 ( 0.04%)  
U629                    1.586e-08 4.774e-09 3.540e-07 3.746e-07 ( 0.04%)  
U610                    1.465e-08 4.416e-09 3.544e-07 3.734e-07 ( 0.04%)  
U599                    1.291e-08 3.879e-09 3.545e-07 3.713e-07 ( 0.04%)  
U606                    1.240e-08 3.730e-09 3.541e-07 3.702e-07 ( 0.04%)  
U607                    1.240e-08 3.730e-09 3.541e-07 3.702e-07 ( 0.04%)  
U608                    1.240e-08 3.730e-09 3.541e-07 3.702e-07 ( 0.04%)  
U600                    2.186e-09 6.565e-10 3.548e-07 3.577e-07 ( 0.04%)  
add_x_9_U6              2.177e-09 5.238e-10 6.990e-07 7.017e-07 ( 0.08%)  
add_x_10_U5             4.344e-10 1.266e-10 6.997e-07 7.002e-07 ( 0.08%)  
add_x_10_U4             4.344e-10 9.524e-11 6.997e-07 7.002e-07 ( 0.08%)  
U155                    2.653e-10 3.750e-13 6.479e-07 6.481e-07 ( 0.07%)  
U156                    2.653e-10 3.750e-13 6.479e-07 6.481e-07 ( 0.07%)  
U157                    2.653e-10 3.750e-13 6.479e-07 6.481e-07 ( 0.07%)  
U291                    2.160e-10 1.099e-09 1.098e-07 1.111e-07 ( 0.01%)  
U292                    2.160e-10 1.099e-09 1.098e-07 1.111e-07 ( 0.01%)  
U293                    2.160e-10 1.099e-09 1.098e-07 1.111e-07 ( 0.01%)  
U290                    2.154e-10 1.144e-09 1.098e-07 1.112e-07 ( 0.01%)  
U593                    2.048e-10 5.968e-11 3.549e-07 3.551e-07 ( 0.04%)  
U596                    2.048e-10 5.968e-11 3.549e-07 3.551e-07 ( 0.04%)  
U595                    2.047e-10 5.968e-11 3.549e-07 3.551e-07 ( 0.04%)  
U594                    2.041e-10 5.968e-11 3.549e-07 3.551e-07 ( 0.04%)  
U592                    2.040e-10 5.968e-11 3.549e-07 3.551e-07 ( 0.04%)  
U597                    2.007e-10 5.968e-11 3.549e-07 3.551e-07 ( 0.04%)  
U601                    1.055e-10 2.984e-11 3.549e-07 3.550e-07 ( 0.04%)  
U602                    1.055e-10 2.984e-11 3.549e-07 3.550e-07 ( 0.04%)  
U289                    6.337e-11 4.524e-10 2.947e-08 2.999e-08 ( 0.00%)  
U630                    6.306e-11 4.642e-11 2.947e-08 2.958e-08 ( 0.00%)  
U603                    6.340e-12 2.984e-11 3.549e-07 3.549e-07 ( 0.04%)  
U604                    6.340e-12    0.0000 3.549e-07 3.549e-07 ( 0.04%)  
U169                       0.0000    0.0000 3.152e-07 3.152e-07 ( 0.03%)  
U170                       0.0000    0.0000 2.947e-08 2.947e-08 ( 0.00%)  
U171                       0.0000    0.0000 2.947e-08 2.947e-08 ( 0.00%)  
U172                       0.0000    0.0000 2.947e-08 2.947e-08 ( 0.00%)  
U173                       0.0000    0.0000 2.947e-08 2.947e-08 ( 0.00%)  
U174                       0.0000    0.0000 2.465e-07 2.465e-07 ( 0.03%)  
U175                       0.0000    0.0000 2.947e-08 2.947e-08 ( 0.00%)  
U176                       0.0000    0.0000 2.947e-08 2.947e-08 ( 0.00%)  
U177                       0.0000    0.0000 2.947e-08 2.947e-08 ( 0.00%)  
U179                       0.0000    0.0000 2.947e-08 2.947e-08 ( 0.00%)  
U181                       0.0000    0.0000 2.947e-08 2.947e-08 ( 0.00%)  
U183                       0.0000    0.0000 2.947e-08 2.947e-08 ( 0.00%)  
U185                       0.0000    0.0000 2.947e-08 2.947e-08 ( 0.00%)  
U187                       0.0000    0.0000 2.947e-08 2.947e-08 ( 0.00%)  
U189                       0.0000    0.0000 2.947e-08 2.947e-08 ( 0.00%)  
U191                       0.0000    0.0000 2.947e-08 2.947e-08 ( 0.00%)  
U193                       0.0000    0.0000 2.947e-08 2.947e-08 ( 0.00%)  
U195                       0.0000    0.0000 2.947e-08 2.947e-08 ( 0.00%)  
U197                       0.0000    0.0000 2.947e-08 2.947e-08 ( 0.00%)  
U199                       0.0000    0.0000 2.947e-08 2.947e-08 ( 0.00%)  
U201                       0.0000    0.0000 2.947e-08 2.947e-08 ( 0.00%)  
U203                       0.0000    0.0000 2.947e-08 2.947e-08 ( 0.00%)  
U205                       0.0000    0.0000 2.947e-08 2.947e-08 ( 0.00%)  
U207                       0.0000    0.0000 2.947e-08 2.947e-08 ( 0.00%)  
U209                       0.0000    0.0000 2.947e-08 2.947e-08 ( 0.00%)  
U211                       0.0000    0.0000 2.947e-08 2.947e-08 ( 0.00%)  
U213                       0.0000    0.0000 2.947e-08 2.947e-08 ( 0.00%)  
U215                       0.0000    0.0000 2.947e-08 2.947e-08 ( 0.00%)  
U217                       0.0000    0.0000 2.947e-08 2.947e-08 ( 0.00%)  
U219                       0.0000    0.0000 2.947e-08 2.947e-08 ( 0.00%)  
U221                       0.0000    0.0000 2.947e-08 2.947e-08 ( 0.00%)  
U223                       0.0000    0.0000 2.947e-08 2.947e-08 ( 0.00%)  
U225                       0.0000    0.0000 2.947e-08 2.947e-08 ( 0.00%)  
U227                       0.0000    0.0000 2.947e-08 2.947e-08 ( 0.00%)  
U229                       0.0000    0.0000 2.947e-08 2.947e-08 ( 0.00%)  
U231                       0.0000    0.0000 2.947e-08 2.947e-08 ( 0.00%)  
U233                       0.0000    0.0000 2.947e-08 2.947e-08 ( 0.00%)  
U235                       0.0000    0.0000 2.947e-08 2.947e-08 ( 0.00%)  
U237                       0.0000    0.0000 2.947e-08 2.947e-08 ( 0.00%)  
U239                       0.0000    0.0000 2.947e-08 2.947e-08 ( 0.00%)  
U241                       0.0000    0.0000 2.947e-08 2.947e-08 ( 0.00%)  
U243                       0.0000    0.0000 2.947e-08 2.947e-08 ( 0.00%)  
U245                       0.0000    0.0000 2.947e-08 2.947e-08 ( 0.00%)  
U247                       0.0000    0.0000 2.947e-08 2.947e-08 ( 0.00%)  
U249                       0.0000    0.0000 2.947e-08 2.947e-08 ( 0.00%)  
U251                       0.0000    0.0000 2.947e-08 2.947e-08 ( 0.00%)  
U253                       0.0000    0.0000 2.947e-08 2.947e-08 ( 0.00%)  
U255                       0.0000    0.0000 2.947e-08 2.947e-08 ( 0.00%)  
U257                       0.0000    0.0000 2.947e-08 2.947e-08 ( 0.00%)  
U259                       0.0000    0.0000 2.947e-08 2.947e-08 ( 0.00%)  
U261                       0.0000    0.0000 2.947e-08 2.947e-08 ( 0.00%)  
U263                       0.0000    0.0000 2.947e-08 2.947e-08 ( 0.00%)  
U265                       0.0000    0.0000 2.947e-08 2.947e-08 ( 0.00%)  
U267                       0.0000    0.0000 2.947e-08 2.947e-08 ( 0.00%)  
U269                       0.0000    0.0000 2.947e-08 2.947e-08 ( 0.00%)  
U271                       0.0000    0.0000 2.947e-08 2.947e-08 ( 0.00%)  
U273                       0.0000    0.0000 2.947e-08 2.947e-08 ( 0.00%)  
U275                       0.0000    0.0000 2.947e-08 2.947e-08 ( 0.00%)  
U277                       0.0000    0.0000 2.947e-08 2.947e-08 ( 0.00%)  
U279                       0.0000    0.0000 2.947e-08 2.947e-08 ( 0.00%)  
U281                       0.0000    0.0000 2.947e-08 2.947e-08 ( 0.00%)  
U283                       0.0000    0.0000 2.947e-08 2.947e-08 ( 0.00%)  
U285                       0.0000    0.0000 2.947e-08 2.947e-08 ( 0.00%)  
U287                       0.0000    0.0000 2.465e-07 2.465e-07 ( 0.03%)  
U288                       0.0000    0.0000 3.152e-07 3.152e-07 ( 0.03%)  
U445                       0.0000    0.0000 1.269e-07 1.269e-07 ( 0.01%)  
U446                       0.0000    0.0000 5.694e-07 5.694e-07 ( 0.06%)  
U447                       0.0000    0.0000 1.098e-07 1.098e-07 ( 0.01%)  
U448                       0.0000    0.0000 4.628e-07 4.628e-07 ( 0.05%)  
U449                       0.0000    0.0000 5.221e-08 5.221e-08 ( 0.01%)  
U450                       0.0000    0.0000 6.479e-07 6.479e-07 ( 0.07%)  
U451                       0.0000    0.0000 3.085e-07 3.085e-07 ( 0.03%)  
U452                       0.0000    0.0000 9.144e-07 9.144e-07 ( 0.10%)  
U453                       0.0000    0.0000 9.144e-07 9.144e-07 ( 0.10%)  
U454                       0.0000    0.0000 3.453e-07 3.453e-07 ( 0.04%)  
U455                       0.0000    0.0000 2.465e-07 2.465e-07 ( 0.03%)  
U456                       0.0000    0.0000 3.085e-07 3.085e-07 ( 0.03%)  
U457                       0.0000    0.0000 2.465e-07 2.465e-07 ( 0.03%)  
U503                       0.0000    0.0000 2.947e-08 2.947e-08 ( 0.00%)  
U504                       0.0000    0.0000 2.947e-08 2.947e-08 ( 0.00%)  
U505                       0.0000    0.0000 8.265e-08 8.265e-08 ( 0.01%)  
U506                       0.0000    0.0000 7.746e-08 7.746e-08 ( 0.01%)  
U507                       0.0000    0.0000 2.947e-08 2.947e-08 ( 0.00%)  
U508                       0.0000    0.0000 2.947e-08 2.947e-08 ( 0.00%)  
U509                       0.0000    0.0000 8.265e-08 8.265e-08 ( 0.01%)  
U510                       0.0000    0.0000 7.746e-08 7.746e-08 ( 0.01%)  
U514                       0.0000    0.0000 5.221e-08 5.221e-08 ( 0.01%)  
U515                       0.0000    0.0000 5.221e-08 5.221e-08 ( 0.01%)  
U516                       0.0000    0.0000 2.947e-08 2.947e-08 ( 0.00%)  
U517                       0.0000    0.0000 2.791e-07 2.791e-07 ( 0.03%)  
U518                       0.0000    0.0000 2.465e-07 2.465e-07 ( 0.03%)  
U519                       0.0000    0.0000 6.512e-07 6.512e-07 ( 0.07%)  
U520                       0.0000    0.0000 2.947e-08 2.947e-08 ( 0.00%)  
U521                       0.0000    0.0000 2.791e-07 2.791e-07 ( 0.03%)  
U522                       0.0000    0.0000 2.791e-07 2.791e-07 ( 0.03%)  
U523                       0.0000    0.0000 2.791e-07 2.791e-07 ( 0.03%)  
U585                       0.0000    0.0000 2.237e-07 2.237e-07 ( 0.02%)  
U586                       0.0000    0.0000 1.935e-07 1.935e-07 ( 0.02%)  
U587                       0.0000    0.0000 7.746e-08 7.746e-08 ( 0.01%)  
U588                       0.0000    0.0000 3.152e-07 3.152e-07 ( 0.03%)  
U589                       0.0000    0.0000 2.464e-07 2.464e-07 ( 0.03%)  
add_x_1                    0.0000    0.0000 1.157e-05 1.157e-05 ( 1.26%)  h
rem_5_u_div_DP_OP_11_123_3123
                           0.0000    0.0000 3.012e-04 3.012e-04 (32.68%)  h
--------------------------------------------------------------------------------
Totals (416 cells)      3.194e-04 9.599e-06 5.925e-04 9.215e-04 (100.0%)
1
